#-----------------------------------------------------------
# Vivado v2024.1 (64-bit)
# SW Build 5076996 on Wed May 22 18:37:14 MDT 2024
# IP Build 5075265 on Wed May 22 21:45:21 MDT 2024
# SharedData Build 5076995 on Wed May 22 18:29:18 MDT 2024
# Start of session at: Sat Aug 29 16:40:32 2026
# Process ID: 33240
# Current directory: D:/FPGA26FALL/ticket_price
# Command line: vivado.exe -mode batch -source scripts\run_sim.tcl
# Log file: D:/FPGA26FALL/ticket_price/vivado.log
# Journal file: D:/FPGA26FALL/ticket_price\vivado.jou
# Running On        :LAPTOP-J02AFG1P
# Platform          :Windows Server 2016 or Windows 10
# Operating System  :26100
# Processor Detail  :12th Gen Intel(R) Core(TM) i9-12900H
# CPU Frequency     :2918 MHz
# CPU Physical cores:14
# CPU Logical cores :20
# Host memory       :16962 MB
# Swap memory       :5611 MB
# Total Virtual     :22574 MB
# Available Virtual :4475 MB
#-----------------------------------------------------------
source {scripts\run_sim.tcl}
source tb_ticket_price_top.tcl
