#-----------------------------------------------------------
# Vivado v2024.1 (64-bit)
# SW Build 5076996 on Wed May 22 18:37:14 MDT 2024
# IP Build 5075265 on Wed May 22 21:45:21 MDT 2024
# SharedData Build 5076995 on Wed May 22 18:29:18 MDT 2024
# Start of session at: Sat Aug 29 11:56:46 2026
# Process ID: 19868
# Current directory: C:/Users/Lenovo/Desktop/ticket_price
# Command line: vivado.exe -mode batch -source scripts\build_bitstream.tcl
# Log file: C:/Users/Lenovo/Desktop/ticket_price/vivado.log
# Journal file: C:/Users/Lenovo/Desktop/ticket_price\vivado.jou
# Running On        :LAPTOP-J02AFG1P
# Platform          :Windows Server 2016 or Windows 10
# Operating System  :26100
# Processor Detail  :12th Gen Intel(R) Core(TM) i9-12900H
# CPU Frequency     :2918 MHz
# CPU Physical cores:14
# CPU Logical cores :20
# Host memory       :16962 MB
# Swap memory       :2684 MB
# Total Virtual     :19646 MB
# Available Virtual :5298 MB
#-----------------------------------------------------------
source {scripts\build_bitstream.tcl}
# set script_dir [file normalize [file dirname [info script]]]
# set project_dir [file normalize [file join $script_dir ..]]
# set report_dir [file join $project_dir reports]
# set output_dir [file join $project_dir output]
# file mkdir $report_dir
# file mkdir $output_dir
# open_project [file join $project_dir ticket_price.xpr]
INFO: [filemgmt 56-3] Default IP Output Path : Could not find the directory 'C:/Users/Lenovo/Desktop/ticket_price/ticket_price.gen/sources_1'.
Scanning sources...
Finished scanning sources
open_project: Time (s): cpu = 00:00:06 ; elapsed = 00:00:08 . Memory (MB): peak = 532.285 ; gain = 201.734
# reset_run synth_1
INFO: [Project 1-1160] Copying file C:/Users/Lenovo/Desktop/ticket_price/ticket_price.runs/synth_1/ticket_price_top.dcp to C:/Users/Lenovo/Desktop/ticket_price/ticket_price.srcs/utils_1/imports/synth_1 and adding it to utils fileset
# launch_runs synth_1 -jobs 4
[Sat Aug 29 11:56:59 2026] Launched synth_1...
Run output will be captured here: C:/Users/Lenovo/Desktop/ticket_price/ticket_price.runs/synth_1/runme.log
# wait_on_run synth_1
[Sat Aug 29 11:56:59 2026] Waiting for synth_1 to finish...

*** Running vivado
    with args -log ticket_price_top.vds -m64 -product Vivado -mode batch -messageDb vivado.pb -notrace -source ticket_price_top.tcl



****** Vivado v2024.1 (64-bit)
  **** SW Build 5076996 on Wed May 22 18:37:14 MDT 2024
  **** IP Build 5075265 on Wed May 22 21:45:21 MDT 2024
  **** SharedData Build 5076995 on Wed May 22 18:29:18 MDT 2024
  **** Start of session at: Sat Aug 29 11:57:03 2026
    ** Copyright 1986-2022 Xilinx, Inc. All Rights Reserved.
    ** Copyright 2022-2024 Advanced Micro Devices, Inc. All Rights Reserved.

source ticket_price_top.tcl -notrace
create_project: Time (s): cpu = 00:00:06 ; elapsed = 00:00:07 . Memory (MB): peak = 531.188 ; gain = 196.867
Command: read_checkpoint -auto_incremental -incremental C:/Users/Lenovo/Desktop/ticket_price/ticket_price.srcs/utils_1/imports/synth_1/ticket_price_top.dcp
INFO: [Vivado 12-5825] Read reference checkpoint from C:/Users/Lenovo/Desktop/ticket_price/ticket_price.srcs/utils_1/imports/synth_1/ticket_price_top.dcp for incremental synthesis
INFO: [Vivado 12-7989] Please ensure there are no constraint changes
Command: synth_design -top ticket_price_top -part xc7a75tfgg484-2
Starting synth_design
Attempting to get a license for feature 'Synthesis' and/or device 'xc7a75t'
INFO: [Common 17-349] Got license for feature 'Synthesis' and/or device 'xc7a75t'
INFO: [Device 21-403] Loading part xc7a75tfgg484-2
INFO: [Device 21-9227] Part: xc7a75tfgg484-2 does not have CEAM library.
INFO: [Designutils 20-5440] No compile time benefit to using incremental synthesis; A full resynthesis will be run
INFO: [Designutils 20-4379] Flow is switching to default flow due to incremental criteria not met. If you would like to alter this behaviour and have the flow terminate instead, please set the following parameter config_implementation {autoIncr.Synth.RejectBehavior Terminate}
INFO: [Synth 8-7079] Multithreading enabled for synth_design using a maximum of 2 processes.
INFO: [Synth 8-7078] Launching helper process for spawning children vivado processes
INFO: [Synth 8-7075] Helper process launched with PID 37140
---------------------------------------------------------------------------------
Starting RTL Elaboration : Time (s): cpu = 00:00:03 ; elapsed = 00:00:04 . Memory (MB): peak = 1403.066 ; gain = 449.141
---------------------------------------------------------------------------------
INFO: [Synth 8-6157] synthesizing module 'ticket_price_top' [C:/Users/Lenovo/Desktop/ticket_price/src/ticket_price_top.v:3]
INFO: [Synth 8-6157] synthesizing module 'key_filter' [C:/Users/Lenovo/Desktop/ticket_price/src/key_filter.v:4]
	Parameter DEBOUNCE_CYCLES bound to: 1000000 - type: integer 
INFO: [Synth 8-226] default block is never used [C:/Users/Lenovo/Desktop/ticket_price/src/key_filter.v:36]
INFO: [Synth 8-6155] done synthesizing module 'key_filter' (0#1) [C:/Users/Lenovo/Desktop/ticket_price/src/key_filter.v:4]
INFO: [Synth 8-6157] synthesizing module 'blink_controller' [C:/Users/Lenovo/Desktop/ticket_price/src/blink_controller.v:4]
	Parameter HALF_PERIOD_CYCLES bound to: 12500000 - type: integer 
INFO: [Synth 8-6155] done synthesizing module 'blink_controller' (0#1) [C:/Users/Lenovo/Desktop/ticket_price/src/blink_controller.v:4]
INFO: [Synth 8-6157] synthesizing module 'station_mapper' [C:/Users/Lenovo/Desktop/ticket_price/src/station_mapper.v:4]
INFO: [Synth 8-6155] done synthesizing module 'station_mapper' (0#1) [C:/Users/Lenovo/Desktop/ticket_price/src/station_mapper.v:4]
INFO: [Synth 8-6157] synthesizing module 'distance_lookup' [C:/Users/Lenovo/Desktop/ticket_price/src/distance_lookup.v:4]
	Parameter ROM_FILE bound to: distance_rom.mem - type: string 
INFO: [Synth 8-3876] $readmem data file 'distance_rom.mem' is read successfully [C:/Users/Lenovo/Desktop/ticket_price/src/distance_lookup.v:34]
INFO: [Synth 8-6157] synthesizing module 'triangle_base_rom' [C:/Users/Lenovo/Desktop/ticket_price/src/triangle_base_rom.v:4]
INFO: [Synth 8-6155] done synthesizing module 'triangle_base_rom' (0#1) [C:/Users/Lenovo/Desktop/ticket_price/src/triangle_base_rom.v:4]
INFO: [Synth 8-6155] done synthesizing module 'distance_lookup' (0#1) [C:/Users/Lenovo/Desktop/ticket_price/src/distance_lookup.v:4]
INFO: [Synth 8-6157] synthesizing module 'fare_calculator' [C:/Users/Lenovo/Desktop/ticket_price/src/fare_calculator.v:4]
INFO: [Synth 8-6155] done synthesizing module 'fare_calculator' (0#1) [C:/Users/Lenovo/Desktop/ticket_price/src/fare_calculator.v:4]
INFO: [Synth 8-6157] synthesizing module 'binary_to_bcd' [C:/Users/Lenovo/Desktop/ticket_price/src/binary_to_bcd.v:4]
INFO: [Synth 8-6155] done synthesizing module 'binary_to_bcd' (0#1) [C:/Users/Lenovo/Desktop/ticket_price/src/binary_to_bcd.v:4]
INFO: [Synth 8-6157] synthesizing module 'seven_seg_display' [C:/Users/Lenovo/Desktop/ticket_price/src/seven_seg_display.v:4]
	Parameter SCAN_DIV bound to: 50000 - type: integer 
INFO: [Synth 8-226] default block is never used [C:/Users/Lenovo/Desktop/ticket_price/src/seven_seg_display.v:31]
INFO: [Synth 8-6155] done synthesizing module 'seven_seg_display' (0#1) [C:/Users/Lenovo/Desktop/ticket_price/src/seven_seg_display.v:4]
INFO: [Synth 8-6155] done synthesizing module 'ticket_price_top' (0#1) [C:/Users/Lenovo/Desktop/ticket_price/src/ticket_price_top.v:3]
WARNING: [Synth 8-6014] Unused sequential element last_distance_m_reg was removed.  [C:/Users/Lenovo/Desktop/ticket_price/src/ticket_price_top.v:208]
WARNING: [Synth 8-6014] Unused sequential element ticket_pulse_reg was removed.  [C:/Users/Lenovo/Desktop/ticket_price/src/ticket_price_top.v:213]
WARNING: [Synth 8-6014] Unused sequential element refund_pulse_reg was removed.  [C:/Users/Lenovo/Desktop/ticket_price/src/ticket_price_top.v:214]
---------------------------------------------------------------------------------
Finished RTL Elaboration : Time (s): cpu = 00:00:04 ; elapsed = 00:00:05 . Memory (MB): peak = 1526.754 ; gain = 572.828
---------------------------------------------------------------------------------
---------------------------------------------------------------------------------
Start Handling Custom Attributes
---------------------------------------------------------------------------------
---------------------------------------------------------------------------------
Finished Handling Custom Attributes : Time (s): cpu = 00:00:05 ; elapsed = 00:00:05 . Memory (MB): peak = 1526.754 ; gain = 572.828
---------------------------------------------------------------------------------
---------------------------------------------------------------------------------
Finished RTL Optimization Phase 1 : Time (s): cpu = 00:00:05 ; elapsed = 00:00:05 . Memory (MB): peak = 1526.754 ; gain = 572.828
---------------------------------------------------------------------------------
Netlist sorting complete. Time (s): cpu = 00:00:00 ; elapsed = 00:00:00.016 . Memory (MB): peak = 1526.754 ; gain = 0.000
INFO: [Project 1-570] Preparing netlist for logic optimization

Processing XDC Constraints
Initializing timing engine
Parsing XDC File [C:/Users/Lenovo/Desktop/ticket_price/constr/ticket_price_top.xdc]
Finished Parsing XDC File [C:/Users/Lenovo/Desktop/ticket_price/constr/ticket_price_top.xdc]
INFO: [Project 1-236] Implementation specific constraints were found while reading constraint file [C:/Users/Lenovo/Desktop/ticket_price/constr/ticket_price_top.xdc]. These constraints will be ignored for synthesis but will be used in implementation. Impacted constraints are listed in the file [.Xil/ticket_price_top_propImpl.xdc].
Resolution: To avoid this warning, move constraints listed in [.Xil/ticket_price_top_propImpl.xdc] to another XDC file and exclude this new file from synthesis with the used_in_synthesis property (File Properties dialog in GUI) and re-run elaboration/synthesis.
Completed Processing XDC Constraints

Netlist sorting complete. Time (s): cpu = 00:00:00 ; elapsed = 00:00:00 . Memory (MB): peak = 1555.930 ; gain = 0.000
INFO: [Project 1-111] Unisim Transformation Summary:
No Unisim elements were transformed.

Constraint Validation Runtime : Time (s): cpu = 00:00:00 ; elapsed = 00:00:00.005 . Memory (MB): peak = 1555.930 ; gain = 0.000
INFO: [Designutils 20-5440] No compile time benefit to using incremental synthesis; A full resynthesis will be run
INFO: [Designutils 20-4379] Flow is switching to default flow due to incremental criteria not met. If you would like to alter this behaviour and have the flow terminate instead, please set the following parameter config_implementation {autoIncr.Synth.RejectBehavior Terminate}
---------------------------------------------------------------------------------
Finished Constraint Validation : Time (s): cpu = 00:00:10 ; elapsed = 00:00:11 . Memory (MB): peak = 1555.930 ; gain = 602.004
---------------------------------------------------------------------------------
---------------------------------------------------------------------------------
Start Loading Part and Timing Information
---------------------------------------------------------------------------------
Loading part: xc7a75tfgg484-2
---------------------------------------------------------------------------------
Finished Loading Part and Timing Information : Time (s): cpu = 00:00:10 ; elapsed = 00:00:11 . Memory (MB): peak = 1555.930 ; gain = 602.004
---------------------------------------------------------------------------------
---------------------------------------------------------------------------------
Start Applying 'set_property' XDC Constraints
---------------------------------------------------------------------------------
---------------------------------------------------------------------------------
Finished applying 'set_property' XDC Constraints : Time (s): cpu = 00:00:10 ; elapsed = 00:00:11 . Memory (MB): peak = 1555.930 ; gain = 602.004
---------------------------------------------------------------------------------
INFO: [Synth 8-802] inferred FSM for state register 'state_reg' in module 'key_filter'
---------------------------------------------------------------------------------------------------
                   State |                     New Encoding |                Previous Encoding 
---------------------------------------------------------------------------------------------------
                RELEASED |                               00 |                               00
            PRESS_VERIFY |                               01 |                               01
                 PRESSED |                               10 |                               10
          RELEASE_VERIFY |                               11 |                               11
---------------------------------------------------------------------------------------------------
INFO: [Synth 8-3354] encoded FSM with state register 'state_reg' using encoding 'sequential' in module 'key_filter'
---------------------------------------------------------------------------------
Finished RTL Optimization Phase 2 : Time (s): cpu = 00:00:10 ; elapsed = 00:00:11 . Memory (MB): peak = 1555.930 ; gain = 602.004
---------------------------------------------------------------------------------
---------------------------------------------------------------------------------
Start RTL Component Statistics 
---------------------------------------------------------------------------------
Detailed RTL Component Info : 
+---Adders : 
	   2 Input   26 Bit       Adders := 1     
	   2 Input   24 Bit       Adders := 1     
	   2 Input   20 Bit       Adders := 4     
	   2 Input   17 Bit       Adders := 1     
	   2 Input   16 Bit       Adders := 1     
	   2 Input   13 Bit       Adders := 1     
	   2 Input   10 Bit       Adders := 1     
	   3 Input   10 Bit       Adders := 1     
	   2 Input    9 Bit       Adders := 3     
	   2 Input    8 Bit       Adders := 1     
	   2 Input    6 Bit       Adders := 2     
	   2 Input    5 Bit       Adders := 2     
	   2 Input    4 Bit       Adders := 129   
	   2 Input    3 Bit       Adders := 1     
	   2 Input    2 Bit       Adders := 1     
+---Registers : 
	               32 Bit    Registers := 7     
	               17 Bit    Registers := 1     
	               13 Bit    Registers := 1     
	               10 Bit    Registers := 4     
	                7 Bit    Registers := 2     
	                6 Bit    Registers := 1     
	                5 Bit    Registers := 1     
	                4 Bit    Registers := 5     
	                3 Bit    Registers := 2     
	                2 Bit    Registers := 5     
	                1 Bit    Registers := 11    
+---ROMs : 
	                    ROMs := 1     
+---Muxes : 
	   2 Input   32 Bit        Muxes := 9     
	   4 Input   32 Bit        Muxes := 4     
	  16 Input   32 Bit        Muxes := 1     
	   2 Input   24 Bit        Muxes := 2     
	   2 Input   16 Bit        Muxes := 1     
	  16 Input   10 Bit        Muxes := 4     
	   8 Input    8 Bit        Muxes := 1     
	   2 Input    7 Bit        Muxes := 4     
	   2 Input    6 Bit        Muxes := 4     
	   5 Input    6 Bit        Muxes := 1     
	  16 Input    6 Bit        Muxes := 1     
	  16 Input    5 Bit        Muxes := 1     
	   2 Input    5 Bit        Muxes := 2     
	   5 Input    5 Bit        Muxes := 1     
	   2 Input    4 Bit        Muxes := 96    
	  16 Input    4 Bit        Muxes := 2     
	   3 Input    4 Bit        Muxes := 1     
	   4 Input    4 Bit        Muxes := 1     
	   2 Input    3 Bit        Muxes := 1     
	  16 Input    3 Bit        Muxes := 1     
	   4 Input    3 Bit        Muxes := 1     
	   4 Input    2 Bit        Muxes := 4     
	   2 Input    2 Bit        Muxes := 14    
	   2 Input    1 Bit        Muxes := 25    
	   4 Input    1 Bit        Muxes := 8     
	  33 Input    1 Bit        Muxes := 1     
	  31 Input    1 Bit        Muxes := 1     
	  30 Input    1 Bit        Muxes := 1     
	  19 Input    1 Bit        Muxes := 1     
	  16 Input    1 Bit        Muxes := 12    
---------------------------------------------------------------------------------
Finished RTL Component Statistics 
---------------------------------------------------------------------------------
---------------------------------------------------------------------------------
Start Part Resource Summary
---------------------------------------------------------------------------------
Part Resources:
DSPs: 180 (col length:80)
BRAMs: 210 (col length: RAMB18 80 RAMB36 40)
---------------------------------------------------------------------------------
Finished Part Resource Summary
---------------------------------------------------------------------------------
---------------------------------------------------------------------------------
Start Cross Boundary and Area Optimization
---------------------------------------------------------------------------------
WARNING: [Synth 8-7080] Parallel synthesis criteria is not met
---------------------------------------------------------------------------------
Finished Cross Boundary and Area Optimization : Time (s): cpu = 00:00:17 ; elapsed = 00:00:18 . Memory (MB): peak = 1555.930 ; gain = 602.004
---------------------------------------------------------------------------------
---------------------------------------------------------------------------------
Start ROM, RAM, DSP, Shift Register and Retiming Reporting
---------------------------------------------------------------------------------

ROM: Preliminary Mapping Report
+------------------+----------------------+---------------+----------------+
|Module Name       | RTL Object           | Depth x Width | Implemented As | 
+------------------+----------------------+---------------+----------------+
|station_mapper    | global_id            | 64x5          | LUT            | 
|triangle_base_rom | base                 | 128x13        | LUT            | 
|station_mapper    | global_id            | 32x7          | LUT            | 
|station_mapper    | global_id            | 32x7          | LUT            | 
|station_mapper    | global_id            | 64x5          | LUT            | 
|distance_lookup   | u_triangle_base/base | 128x13        | LUT            | 
|distance_lookup   | address_reg_reg      | 8192x17       | Block RAM      | 
+------------------+----------------------+---------------+----------------+

---------------------------------------------------------------------------------
Finished ROM, RAM, DSP, Shift Register and Retiming Reporting
---------------------------------------------------------------------------------
---------------------------------------------------------------------------------
Start Applying XDC Timing Constraints
---------------------------------------------------------------------------------
---------------------------------------------------------------------------------
Finished Applying XDC Timing Constraints : Time (s): cpu = 00:00:21 ; elapsed = 00:00:22 . Memory (MB): peak = 1555.930 ; gain = 602.004
---------------------------------------------------------------------------------
---------------------------------------------------------------------------------
Start Timing Optimization
---------------------------------------------------------------------------------
---------------------------------------------------------------------------------
Finished Timing Optimization : Time (s): cpu = 00:00:24 ; elapsed = 00:00:26 . Memory (MB): peak = 1620.336 ; gain = 666.410
---------------------------------------------------------------------------------
---------------------------------------------------------------------------------
Start Technology Mapping
---------------------------------------------------------------------------------
---------------------------------------------------------------------------------
Finished Technology Mapping : Time (s): cpu = 00:00:24 ; elapsed = 00:00:26 . Memory (MB): peak = 1620.336 ; gain = 666.410
---------------------------------------------------------------------------------
---------------------------------------------------------------------------------
Start IO Insertion
---------------------------------------------------------------------------------
---------------------------------------------------------------------------------
Start Flattening Before IO Insertion
---------------------------------------------------------------------------------
---------------------------------------------------------------------------------
Finished Flattening Before IO Insertion
---------------------------------------------------------------------------------
---------------------------------------------------------------------------------
Start Final Netlist Cleanup
---------------------------------------------------------------------------------
---------------------------------------------------------------------------------
Finished Final Netlist Cleanup
---------------------------------------------------------------------------------
---------------------------------------------------------------------------------
Finished IO Insertion : Time (s): cpu = 00:00:27 ; elapsed = 00:00:29 . Memory (MB): peak = 1621.199 ; gain = 667.273
---------------------------------------------------------------------------------
---------------------------------------------------------------------------------
Start Renaming Generated Instances
---------------------------------------------------------------------------------
---------------------------------------------------------------------------------
Finished Renaming Generated Instances : Time (s): cpu = 00:00:27 ; elapsed = 00:00:29 . Memory (MB): peak = 1621.199 ; gain = 667.273
---------------------------------------------------------------------------------
---------------------------------------------------------------------------------
Start Rebuilding User Hierarchy
---------------------------------------------------------------------------------
---------------------------------------------------------------------------------
Finished Rebuilding User Hierarchy : Time (s): cpu = 00:00:27 ; elapsed = 00:00:29 . Memory (MB): peak = 1621.199 ; gain = 667.273
---------------------------------------------------------------------------------
---------------------------------------------------------------------------------
Start Renaming Generated Ports
---------------------------------------------------------------------------------
---------------------------------------------------------------------------------
Finished Renaming Generated Ports : Time (s): cpu = 00:00:27 ; elapsed = 00:00:29 . Memory (MB): peak = 1621.199 ; gain = 667.273
---------------------------------------------------------------------------------
---------------------------------------------------------------------------------
Start Handling Custom Attributes
---------------------------------------------------------------------------------
---------------------------------------------------------------------------------
Finished Handling Custom Attributes : Time (s): cpu = 00:00:27 ; elapsed = 00:00:29 . Memory (MB): peak = 1621.223 ; gain = 667.297
---------------------------------------------------------------------------------
---------------------------------------------------------------------------------
Start Renaming Generated Nets
---------------------------------------------------------------------------------
---------------------------------------------------------------------------------
Finished Renaming Generated Nets : Time (s): cpu = 00:00:27 ; elapsed = 00:00:29 . Memory (MB): peak = 1621.223 ; gain = 667.297
---------------------------------------------------------------------------------
---------------------------------------------------------------------------------
Start Writing Synthesis Report
---------------------------------------------------------------------------------

Report BlackBoxes: 
+-+--------------+----------+
| |BlackBox name |Instances |
+-+--------------+----------+
+-+--------------+----------+

Report Cell Usage: 
+------+---------+------+
|      |Cell     |Count |
+------+---------+------+
|1     |BUFG     |     1|
|2     |CARRY4   |    64|
|3     |LUT1     |    10|
|4     |LUT2     |   124|
|5     |LUT3     |    61|
|6     |LUT4     |   142|
|7     |LUT5     |   179|
|8     |LUT6     |   275|
|9     |MUXF7    |     7|
|10    |RAMB18E1 |     1|
|11    |RAMB36E1 |     4|
|15    |FDCE     |   251|
|16    |FDPE     |    11|
|17    |FDRE     |     3|
|18    |IBUF     |     9|
|19    |OBUF     |    20|
+------+---------+------+
---------------------------------------------------------------------------------
Finished Writing Synthesis Report : Time (s): cpu = 00:00:27 ; elapsed = 00:00:29 . Memory (MB): peak = 1621.223 ; gain = 667.297
---------------------------------------------------------------------------------
Synthesis finished with 0 errors, 0 critical warnings and 1 warnings.
Synthesis Optimization Runtime : Time (s): cpu = 00:00:21 ; elapsed = 00:00:28 . Memory (MB): peak = 1621.223 ; gain = 638.121
Synthesis Optimization Complete : Time (s): cpu = 00:00:27 ; elapsed = 00:00:29 . Memory (MB): peak = 1621.223 ; gain = 667.297
INFO: [Project 1-571] Translating synthesized netlist
Netlist sorting complete. Time (s): cpu = 00:00:00 ; elapsed = 00:00:00.008 . Memory (MB): peak = 1630.406 ; gain = 0.000
INFO: [Netlist 29-17] Analyzing 76 Unisim elements for replacement
INFO: [Netlist 29-28] Unisim Transformation completed in 0 CPU seconds
INFO: [Project 1-570] Preparing netlist for logic optimization
INFO: [Opt 31-138] Pushed 0 inverter(s) to 0 load pin(s).
Netlist sorting complete. Time (s): cpu = 00:00:00 ; elapsed = 00:00:00.001 . Memory (MB): peak = 1634.062 ; gain = 0.000
INFO: [Project 1-111] Unisim Transformation Summary:
No Unisim elements were transformed.

Synth Design complete | Checksum: 188d6d14
INFO: [Common 17-83] Releasing license: Synthesis
45 Infos, 4 Warnings, 0 Critical Warnings and 0 Errors encountered.
synth_design completed successfully
synth_design: Time (s): cpu = 00:00:32 ; elapsed = 00:00:35 . Memory (MB): peak = 1634.062 ; gain = 1097.965
Write ShapeDB Complete: Time (s): cpu = 00:00:00 ; elapsed = 00:00:00.002 . Memory (MB): peak = 1634.062 ; gain = 0.000
INFO: [Common 17-1381] The checkpoint 'C:/Users/Lenovo/Desktop/ticket_price/ticket_price.runs/synth_1/ticket_price_top.dcp' has been generated.
INFO: [Vivado 12-24828] Executing command : report_utilization -file ticket_price_top_utilization_synth.rpt -pb ticket_price_top_utilization_synth.pb
INFO: [Common 17-206] Exiting Vivado at Sat Aug 29 11:57:50 2026...
[Sat Aug 29 11:57:55 2026] synth_1 finished
wait_on_runs: Time (s): cpu = 00:00:00 ; elapsed = 00:00:55 . Memory (MB): peak = 536.473 ; gain = 0.000
# if {[get_property STATUS [get_runs synth_1]] ne "synth_design Complete!"} {
#     error "Synthesis failed: [get_property STATUS [get_runs synth_1]]"
# }
# launch_runs impl_1 -to_step write_bitstream -jobs 4
[Sat Aug 29 11:57:55 2026] Launched impl_1...
Run output will be captured here: C:/Users/Lenovo/Desktop/ticket_price/ticket_price.runs/impl_1/runme.log
# wait_on_run impl_1
[Sat Aug 29 11:57:55 2026] Waiting for impl_1 to finish...

*** Running vivado
    with args -log ticket_price_top.vdi -applog -m64 -product Vivado -messageDb vivado.pb -mode batch -source ticket_price_top.tcl -notrace



****** Vivado v2024.1 (64-bit)
  **** SW Build 5076996 on Wed May 22 18:37:14 MDT 2024
  **** IP Build 5075265 on Wed May 22 21:45:21 MDT 2024
  **** SharedData Build 5076995 on Wed May 22 18:29:18 MDT 2024
  **** Start of session at: Sat Aug 29 11:58:02 2026
    ** Copyright 1986-2022 Xilinx, Inc. All Rights Reserved.
    ** Copyright 2022-2024 Advanced Micro Devices, Inc. All Rights Reserved.

source ticket_price_top.tcl -notrace
create_project: Time (s): cpu = 00:00:06 ; elapsed = 00:00:08 . Memory (MB): peak = 532.074 ; gain = 201.320
Command: link_design -top ticket_price_top -part xc7a75tfgg484-2
Design is defaulting to srcset: sources_1
Design is defaulting to constrset: constrs_1
INFO: [Device 21-403] Loading part xc7a75tfgg484-2
INFO: [Device 21-9227] Part: xc7a75tfgg484-2 does not have CEAM library.
Netlist sorting complete. Time (s): cpu = 00:00:00 ; elapsed = 00:00:00.005 . Memory (MB): peak = 954.445 ; gain = 0.000
INFO: [Netlist 29-17] Analyzing 76 Unisim elements for replacement
INFO: [Netlist 29-28] Unisim Transformation completed in 0 CPU seconds
INFO: [Project 1-479] Netlist was created with Vivado 2024.1
INFO: [Project 1-570] Preparing netlist for logic optimization
Parsing XDC File [C:/Users/Lenovo/Desktop/ticket_price/constr/ticket_price_top.xdc]
Finished Parsing XDC File [C:/Users/Lenovo/Desktop/ticket_price/constr/ticket_price_top.xdc]
INFO: [Opt 31-138] Pushed 0 inverter(s) to 0 load pin(s).
Netlist sorting complete. Time (s): cpu = 00:00:00 ; elapsed = 00:00:00 . Memory (MB): peak = 1088.477 ; gain = 0.000
INFO: [Project 1-111] Unisim Transformation Summary:
No Unisim elements were transformed.

8 Infos, 0 Warnings, 0 Critical Warnings and 0 Errors encountered.
link_design completed successfully
link_design: Time (s): cpu = 00:00:04 ; elapsed = 00:00:06 . Memory (MB): peak = 1092.508 ; gain = 560.434
Command: opt_design
Attempting to get a license for feature 'Implementation' and/or device 'xc7a75t'
INFO: [Common 17-349] Got license for feature 'Implementation' and/or device 'xc7a75t'
Running DRC as a precondition to command opt_design

Starting DRC Task
INFO: [DRC 23-27] Running DRC with 2 threads
INFO: [Project 1-461] DRC finished with 0 Errors
INFO: [Project 1-462] Please refer to the DRC report (report_drc) for more information.

Time (s): cpu = 00:00:01 ; elapsed = 00:00:00.710 . Memory (MB): peak = 1115.305 ; gain = 22.797

Starting Cache Timing Information Task
INFO: [Timing 38-35] Done setting XDC timing constraints.
Ending Cache Timing Information Task | Checksum: 18ee79e66

Time (s): cpu = 00:00:04 ; elapsed = 00:00:05 . Memory (MB): peak = 1645.449 ; gain = 530.145

Starting Logic Optimization Task

Phase 1 Initialization

Phase 1.1 Core Generation And Design Setup
Phase 1.1 Core Generation And Design Setup | Checksum: 18ee79e66

Time (s): cpu = 00:00:00 ; elapsed = 00:00:00 . Memory (MB): peak = 2025.648 ; gain = 0.000

Phase 1.2 Setup Constraints And Sort Netlist
Phase 1.2 Setup Constraints And Sort Netlist | Checksum: 18ee79e66

Time (s): cpu = 00:00:00 ; elapsed = 00:00:00.001 . Memory (MB): peak = 2025.648 ; gain = 0.000
Phase 1 Initialization | Checksum: 18ee79e66

Time (s): cpu = 00:00:00 ; elapsed = 00:00:00.001 . Memory (MB): peak = 2025.648 ; gain = 0.000

Phase 2 Timer Update And Timing Data Collection

Phase 2.1 Timer Update
Phase 2.1 Timer Update | Checksum: 18ee79e66

Time (s): cpu = 00:00:01 ; elapsed = 00:00:00.019 . Memory (MB): peak = 2025.648 ; gain = 0.000

Phase 2.2 Timing Data Collection
Phase 2.2 Timing Data Collection | Checksum: 18ee79e66

Time (s): cpu = 00:00:01 ; elapsed = 00:00:00.023 . Memory (MB): peak = 2025.648 ; gain = 0.000
Phase 2 Timer Update And Timing Data Collection | Checksum: 18ee79e66

Time (s): cpu = 00:00:01 ; elapsed = 00:00:00.024 . Memory (MB): peak = 2025.648 ; gain = 0.000

Phase 3 Retarget
INFO: [Opt 31-1834] Total Chains To Be Transformed Were: 0 AND Number of Transformed insts Created are: 0
INFO: [Opt 31-138] Pushed 0 inverter(s) to 0 load pin(s).
INFO: [Opt 31-49] Retargeted 0 cell(s).
Phase 3 Retarget | Checksum: 26d2af62a

Time (s): cpu = 00:00:01 ; elapsed = 00:00:00.034 . Memory (MB): peak = 2025.648 ; gain = 0.000
Retarget | Checksum: 26d2af62a
INFO: [Opt 31-389] Phase Retarget created 5 cells and removed 5 cells

Phase 4 Constant propagation
INFO: [Opt 31-138] Pushed 0 inverter(s) to 0 load pin(s).
Phase 4 Constant propagation | Checksum: 26af3be13

Time (s): cpu = 00:00:01 ; elapsed = 00:00:00.040 . Memory (MB): peak = 2025.648 ; gain = 0.000
Constant propagation | Checksum: 26af3be13
INFO: [Opt 31-389] Phase Constant propagation created 0 cells and removed 0 cells

Phase 5 Sweep
Phase 5 Sweep | Checksum: 19c6a0d28

Time (s): cpu = 00:00:01 ; elapsed = 00:00:00.048 . Memory (MB): peak = 2025.648 ; gain = 0.000
Sweep | Checksum: 19c6a0d28
INFO: [Opt 31-389] Phase Sweep created 0 cells and removed 0 cells

Phase 6 BUFG optimization
Phase 6 BUFG optimization | Checksum: 19c6a0d28

Time (s): cpu = 00:00:01 ; elapsed = 00:00:00.073 . Memory (MB): peak = 2025.648 ; gain = 0.000
BUFG optimization | Checksum: 19c6a0d28
INFO: [Opt 31-662] Phase BUFG optimization created 0 cells of which 0 are BUFGs and removed 0 cells.

Phase 7 Shift Register Optimization
INFO: [Opt 31-1064] SRL Remap converted 0 SRLs to 0 registers and converted 0 registers of register chains to 0 SRLs
Phase 7 Shift Register Optimization | Checksum: 19c6a0d28

Time (s): cpu = 00:00:01 ; elapsed = 00:00:00.074 . Memory (MB): peak = 2025.648 ; gain = 0.000
Shift Register Optimization | Checksum: 19c6a0d28
INFO: [Opt 31-389] Phase Shift Register Optimization created 0 cells and removed 0 cells

Phase 8 Post Processing Netlist
Phase 8 Post Processing Netlist | Checksum: 19c6a0d28

Time (s): cpu = 00:00:01 ; elapsed = 00:00:00.077 . Memory (MB): peak = 2025.648 ; gain = 0.000
Post Processing Netlist | Checksum: 19c6a0d28
INFO: [Opt 31-389] Phase Post Processing Netlist created 0 cells and removed 0 cells

Phase 9 Finalization

Phase 9.1 Finalizing Design Cores and Updating Shapes
Phase 9.1 Finalizing Design Cores and Updating Shapes | Checksum: 27257f409

Time (s): cpu = 00:00:01 ; elapsed = 00:00:00.092 . Memory (MB): peak = 2025.648 ; gain = 0.000

Phase 9.2 Verifying Netlist Connectivity

Starting Connectivity Check Task

Time (s): cpu = 00:00:00 ; elapsed = 00:00:00.001 . Memory (MB): peak = 2025.648 ; gain = 0.000
Phase 9.2 Verifying Netlist Connectivity | Checksum: 27257f409

Time (s): cpu = 00:00:01 ; elapsed = 00:00:00.094 . Memory (MB): peak = 2025.648 ; gain = 0.000
Phase 9 Finalization | Checksum: 27257f409

Time (s): cpu = 00:00:01 ; elapsed = 00:00:00.094 . Memory (MB): peak = 2025.648 ; gain = 0.000
Opt_design Change Summary
=========================


-------------------------------------------------------------------------------------------------------------------------
|  Phase                        |  #Cells created  |  #Cells Removed  |  #Constrained objects preventing optimizations  |
-------------------------------------------------------------------------------------------------------------------------
|  Retarget                     |               5  |               5  |                                              0  |
|  Constant propagation         |               0  |               0  |                                              0  |
|  Sweep                        |               0  |               0  |                                              0  |
|  BUFG optimization            |               0  |               0  |                                              0  |
|  Shift Register Optimization  |               0  |               0  |                                              0  |
|  Post Processing Netlist      |               0  |               0  |                                              0  |
-------------------------------------------------------------------------------------------------------------------------


Ending Logic Optimization Task | Checksum: 27257f409

Time (s): cpu = 00:00:01 ; elapsed = 00:00:00.095 . Memory (MB): peak = 2025.648 ; gain = 0.000

Starting Power Optimization Task
INFO: [Pwropt 34-132] Skipping clock gating for clocks with a period < 2.00 ns.
INFO: [Timing 38-35] Done setting XDC timing constraints.
Running Vector-less Activity Propagation...
INFO: [Pwropt 34-9] Applying IDT optimizations ...
INFO: [Pwropt 34-10] Applying ODC optimizations ...

Finished Running Vector-less Activity Propagation


Starting PowerOpt Patch Enables Task
INFO: [Pwropt 34-162] WRITE_MODE attribute of 0 BRAM(s) out of a total of 5 has been updated to save power. Run report_power_opt to get a complete listing of the BRAMs updated.
INFO: [Pwropt 34-201] Structural ODC has moved 0 WE to EN ports
Number of BRAM Ports augmented: 0 newly gated: 0 Total Ports: 10
Ending PowerOpt Patch Enables Task | Checksum: 27257f409

Time (s): cpu = 00:00:00 ; elapsed = 00:00:00.014 . Memory (MB): peak = 2104.848 ; gain = 0.000
Ending Power Optimization Task | Checksum: 27257f409

Time (s): cpu = 00:00:00 ; elapsed = 00:00:00.598 . Memory (MB): peak = 2104.848 ; gain = 79.199

Starting Final Cleanup Task
Ending Final Cleanup Task | Checksum: 27257f409

Time (s): cpu = 00:00:00 ; elapsed = 00:00:00.001 . Memory (MB): peak = 2104.848 ; gain = 0.000

Starting Netlist Obfuscation Task
Netlist sorting complete. Time (s): cpu = 00:00:00 ; elapsed = 00:00:00 . Memory (MB): peak = 2104.848 ; gain = 0.000
Ending Netlist Obfuscation Task | Checksum: 27257f409

Time (s): cpu = 00:00:00 ; elapsed = 00:00:00 . Memory (MB): peak = 2104.848 ; gain = 0.000
INFO: [Common 17-83] Releasing license: Implementation
31 Infos, 0 Warnings, 0 Critical Warnings and 0 Errors encountered.
opt_design completed successfully
opt_design: Time (s): cpu = 00:00:08 ; elapsed = 00:00:09 . Memory (MB): peak = 2104.848 ; gain = 1012.340
INFO: [Vivado 12-24828] Executing command : report_drc -file ticket_price_top_drc_opted.rpt -pb ticket_price_top_drc_opted.pb -rpx ticket_price_top_drc_opted.rpx
Command: report_drc -file ticket_price_top_drc_opted.rpt -pb ticket_price_top_drc_opted.pb -rpx ticket_price_top_drc_opted.rpx
INFO: [IP_Flow 19-234] Refreshing IP repositories
INFO: [IP_Flow 19-1704] No user IP repositories specified
INFO: [IP_Flow 19-2313] Loaded Vivado IP repository 'D:/Vivado/Vivado/2024.1/data/ip'.
INFO: [DRC 23-27] Running DRC with 2 threads
INFO: [Vivado_Tcl 2-168] The results of DRC are in file C:/Users/Lenovo/Desktop/ticket_price/ticket_price.runs/impl_1/ticket_price_top_drc_opted.rpt.
report_drc completed successfully
INFO: [Timing 38-480] Writing timing data to binary archive.
Write ShapeDB Complete: Time (s): cpu = 00:00:00 ; elapsed = 00:00:00.003 . Memory (MB): peak = 2104.848 ; gain = 0.000
Wrote PlaceDB: Time (s): cpu = 00:00:00 ; elapsed = 00:00:00.002 . Memory (MB): peak = 2104.848 ; gain = 0.000
Wrote PulsedLatchDB: Time (s): cpu = 00:00:00 ; elapsed = 00:00:00 . Memory (MB): peak = 2104.848 ; gain = 0.000
Writing XDEF routing.
Writing XDEF routing logical nets.
Writing XDEF routing special nets.
Wrote RouteStorage: Time (s): cpu = 00:00:00 ; elapsed = 00:00:00.033 . Memory (MB): peak = 2104.848 ; gain = 0.000
Wrote Netlist Cache: Time (s): cpu = 00:00:00 ; elapsed = 00:00:00.001 . Memory (MB): peak = 2104.848 ; gain = 0.000
Wrote Device Cache: Time (s): cpu = 00:00:00 ; elapsed = 00:00:00.005 . Memory (MB): peak = 2104.848 ; gain = 0.000
Write Physdb Complete: Time (s): cpu = 00:00:00 ; elapsed = 00:00:00.044 . Memory (MB): peak = 2104.848 ; gain = 0.000
INFO: [Common 17-1381] The checkpoint 'C:/Users/Lenovo/Desktop/ticket_price/ticket_price.runs/impl_1/ticket_price_top_opt.dcp' has been generated.
Command: place_design
Attempting to get a license for feature 'Implementation' and/or device 'xc7a75t'
INFO: [Common 17-349] Got license for feature 'Implementation' and/or device 'xc7a75t'
INFO: [Common 17-83] Releasing license: Implementation
INFO: [DRC 23-27] Running DRC with 2 threads
INFO: [Vivado_Tcl 4-198] DRC finished with 0 Errors
INFO: [Vivado_Tcl 4-199] Please refer to the DRC report (report_drc) for more information.
Running DRC as a precondition to command place_design
INFO: [DRC 23-27] Running DRC with 2 threads
INFO: [Vivado_Tcl 4-198] DRC finished with 0 Errors, 42 Warnings
INFO: [Vivado_Tcl 4-199] Please refer to the DRC report (report_drc) for more information.
INFO: [Place 30-611] Multithreading enabled for place_design using a maximum of 2 CPUs

Starting Placer Task

Phase 1 Placer Initialization

Phase 1.1 Placer Initialization Netlist Sorting
Netlist sorting complete. Time (s): cpu = 00:00:00 ; elapsed = 00:00:00.001 . Memory (MB): peak = 2104.848 ; gain = 0.000
Phase 1.1 Placer Initialization Netlist Sorting | Checksum: 1bc8d53fe

Time (s): cpu = 00:00:00 ; elapsed = 00:00:00.001 . Memory (MB): peak = 2104.848 ; gain = 0.000
Netlist sorting complete. Time (s): cpu = 00:00:00 ; elapsed = 00:00:00.001 . Memory (MB): peak = 2104.848 ; gain = 0.000

Phase 1.2 IO Placement/ Clock Placement/ Build Placer Device
INFO: [Timing 38-35] Done setting XDC timing constraints.
Phase 1.2 IO Placement/ Clock Placement/ Build Placer Device | Checksum: b219f9c2

Time (s): cpu = 00:00:01 ; elapsed = 00:00:00.181 . Memory (MB): peak = 2104.848 ; gain = 0.000

Phase 1.3 Build Placer Netlist Model
Phase 1.3 Build Placer Netlist Model | Checksum: 1566b21ec

Time (s): cpu = 00:00:01 ; elapsed = 00:00:00.326 . Memory (MB): peak = 2104.848 ; gain = 0.000

Phase 1.4 Constrain Clocks/Macros
Phase 1.4 Constrain Clocks/Macros | Checksum: 1566b21ec

Time (s): cpu = 00:00:01 ; elapsed = 00:00:00.329 . Memory (MB): peak = 2104.848 ; gain = 0.000
Phase 1 Placer Initialization | Checksum: 1566b21ec

Time (s): cpu = 00:00:01 ; elapsed = 00:00:00.332 . Memory (MB): peak = 2104.848 ; gain = 0.000

Phase 2 Global Placement

Phase 2.1 Floorplanning
Phase 2.1 Floorplanning | Checksum: 19cbf5e52

Time (s): cpu = 00:00:01 ; elapsed = 00:00:00.389 . Memory (MB): peak = 2104.848 ; gain = 0.000

Phase 2.2 Update Timing before SLR Path Opt
Phase 2.2 Update Timing before SLR Path Opt | Checksum: 14551003d

Time (s): cpu = 00:00:01 ; elapsed = 00:00:00.434 . Memory (MB): peak = 2104.848 ; gain = 0.000

Phase 2.3 Post-Processing in Floorplanning
Phase 2.3 Post-Processing in Floorplanning | Checksum: 14551003d

Time (s): cpu = 00:00:01 ; elapsed = 00:00:00.436 . Memory (MB): peak = 2104.848 ; gain = 0.000

Phase 2.4 Global Placement Core

Phase 2.4.1 UpdateTiming Before Physical Synthesis
Phase 2.4.1 UpdateTiming Before Physical Synthesis | Checksum: 18ab21a1c

Time (s): cpu = 00:00:02 ; elapsed = 00:00:01 . Memory (MB): peak = 2104.848 ; gain = 0.000

Phase 2.4.2 Physical Synthesis In Placer
INFO: [Physopt 32-1035] Found 0 LUTNM shape to break, 40 LUT instances to create LUTNM shape
INFO: [Physopt 32-1044] Break lutnm for timing: one critical 0, two critical 0, total 0, new lutff created 0
INFO: [Physopt 32-1138] End 1 Pass. Optimized 15 nets or LUTs. Breaked 0 LUT, combined 15 existing LUTs and moved 0 existing LUT
INFO: [Physopt 32-65] No nets found for high-fanout optimization.
INFO: [Physopt 32-232] Optimized 0 net. Created 0 new instance.
INFO: [Physopt 32-775] End 1 Pass. Optimized 0 net or cell. Created 0 new cell, deleted 0 existing cell and moved 0 existing cell
INFO: [Physopt 32-670] No setup violation found.  DSP Register Optimization was not performed.
INFO: [Physopt 32-670] No setup violation found.  Shift Register to Pipeline Optimization was not performed.
INFO: [Physopt 32-670] No setup violation found.  Shift Register Optimization was not performed.
INFO: [Physopt 32-670] No setup violation found.  BRAM Register Optimization was not performed.
INFO: [Physopt 32-670] No setup violation found.  URAM Register Optimization was not performed.
INFO: [Physopt 32-949] No candidate nets found for dynamic/static region interface net replication
INFO: [Physopt 32-775] End 1 Pass. Optimized 0 net or cell. Created 0 new cell, deleted 0 existing cell and moved 0 existing cell
Netlist sorting complete. Time (s): cpu = 00:00:00 ; elapsed = 00:00:00 . Memory (MB): peak = 2104.848 ; gain = 0.000

Summary of Physical Synthesis Optimizations
============================================


-----------------------------------------------------------------------------------------------------------------------------------------------------------
|  Optimization                                     |  Added Cells  |  Removed Cells  |  Optimized Cells/Nets  |  Dont Touch  |  Iterations  |  Elapsed   |
-----------------------------------------------------------------------------------------------------------------------------------------------------------
|  LUT Combining                                    |            0  |             15  |                    15  |           0  |           1  |  00:00:00  |
|  Retime                                           |            0  |              0  |                     0  |           0  |           1  |  00:00:00  |
|  Very High Fanout                                 |            0  |              0  |                     0  |           0  |           1  |  00:00:00  |
|  DSP Register                                     |            0  |              0  |                     0  |           0  |           0  |  00:00:00  |
|  Shift Register to Pipeline                       |            0  |              0  |                     0  |           0  |           0  |  00:00:00  |
|  Shift Register                                   |            0  |              0  |                     0  |           0  |           0  |  00:00:00  |
|  BRAM Register                                    |            0  |              0  |                     0  |           0  |           0  |  00:00:00  |
|  URAM Register                                    |            0  |              0  |                     0  |           0  |           0  |  00:00:00  |
|  Dynamic/Static Region Interface Net Replication  |            0  |              0  |                     0  |           0  |           1  |  00:00:00  |
|  Total                                            |            0  |             15  |                    15  |           0  |           4  |  00:00:00  |
-----------------------------------------------------------------------------------------------------------------------------------------------------------


Phase 2.4.2 Physical Synthesis In Placer | Checksum: 19b325762

Time (s): cpu = 00:00:03 ; elapsed = 00:00:01 . Memory (MB): peak = 2104.848 ; gain = 0.000
Phase 2.4 Global Placement Core | Checksum: 18512c8fe

Time (s): cpu = 00:00:03 ; elapsed = 00:00:02 . Memory (MB): peak = 2104.848 ; gain = 0.000
Phase 2 Global Placement | Checksum: 18512c8fe

Time (s): cpu = 00:00:03 ; elapsed = 00:00:02 . Memory (MB): peak = 2104.848 ; gain = 0.000

Phase 3 Detail Placement

Phase 3.1 Commit Multi Column Macros
Phase 3.1 Commit Multi Column Macros | Checksum: 17aada320

Time (s): cpu = 00:00:03 ; elapsed = 00:00:02 . Memory (MB): peak = 2104.848 ; gain = 0.000

Phase 3.2 Commit Most Macros & LUTRAMs
Phase 3.2 Commit Most Macros & LUTRAMs | Checksum: 156e39f47

Time (s): cpu = 00:00:03 ; elapsed = 00:00:02 . Memory (MB): peak = 2104.848 ; gain = 0.000

Phase 3.3 Area Swap Optimization
Phase 3.3 Area Swap Optimization | Checksum: d8fb6e0e

Time (s): cpu = 00:00:03 ; elapsed = 00:00:02 . Memory (MB): peak = 2104.848 ; gain = 0.000

Phase 3.4 Pipeline Register Optimization
Phase 3.4 Pipeline Register Optimization | Checksum: 1045c6711

Time (s): cpu = 00:00:03 ; elapsed = 00:00:02 . Memory (MB): peak = 2104.848 ; gain = 0.000

Phase 3.5 Small Shape Detail Placement
Phase 3.5 Small Shape Detail Placement | Checksum: 9be02a46

Time (s): cpu = 00:00:03 ; elapsed = 00:00:02 . Memory (MB): peak = 2104.848 ; gain = 0.000

Phase 3.6 Re-assign LUT pins
Phase 3.6 Re-assign LUT pins | Checksum: cb052f44

Time (s): cpu = 00:00:03 ; elapsed = 00:00:02 . Memory (MB): peak = 2104.848 ; gain = 0.000

Phase 3.7 Pipeline Register Optimization
Phase 3.7 Pipeline Register Optimization | Checksum: f0643847

Time (s): cpu = 00:00:03 ; elapsed = 00:00:02 . Memory (MB): peak = 2104.848 ; gain = 0.000
Phase 3 Detail Placement | Checksum: f0643847

Time (s): cpu = 00:00:03 ; elapsed = 00:00:02 . Memory (MB): peak = 2104.848 ; gain = 0.000

Phase 4 Post Placement Optimization and Clean-Up

Phase 4.1 Post Commit Optimization
INFO: [Timing 38-35] Done setting XDC timing constraints.

Phase 4.1.1 Post Placement Optimization
Post Placement Optimization Initialization | Checksum: c66cc06d

Phase 4.1.1.1 BUFG Insertion

Starting Physical Synthesis Task

Phase 1 Physical Synthesis Initialization
INFO: [Physopt 32-721] Multithreading enabled for phys_opt_design using a maximum of 2 CPUs
INFO: [Physopt 32-619] Estimated Timing Summary | WNS=11.668 | TNS=0.000 |
Phase 1 Physical Synthesis Initialization | Checksum: 10ecb5de7

Time (s): cpu = 00:00:00 ; elapsed = 00:00:00.029 . Memory (MB): peak = 2104.848 ; gain = 0.000
INFO: [Place 46-56] BUFG insertion identified 0 candidate nets. Inserted BUFG: 0, Replicated BUFG Driver: 0, Skipped due to Placement/Routing Conflicts: 0, Skipped due to Timing Degradation: 0, Skipped due to netlist editing failed: 0.
Ending Physical Synthesis Task | Checksum: 134749960

Time (s): cpu = 00:00:00 ; elapsed = 00:00:00.034 . Memory (MB): peak = 2104.848 ; gain = 0.000
Phase 4.1.1.1 BUFG Insertion | Checksum: c66cc06d

Time (s): cpu = 00:00:03 ; elapsed = 00:00:02 . Memory (MB): peak = 2104.848 ; gain = 0.000

Phase 4.1.1.2 Post Placement Timing Optimization
INFO: [Place 30-746] Post Placement Timing Summary WNS=11.668. For the most accurate timing information please run report_timing.
Phase 4.1.1.2 Post Placement Timing Optimization | Checksum: 15e9e984e

Time (s): cpu = 00:00:03 ; elapsed = 00:00:02 . Memory (MB): peak = 2104.848 ; gain = 0.000

Time (s): cpu = 00:00:03 ; elapsed = 00:00:02 . Memory (MB): peak = 2104.848 ; gain = 0.000
Phase 4.1 Post Commit Optimization | Checksum: 15e9e984e

Time (s): cpu = 00:00:03 ; elapsed = 00:00:02 . Memory (MB): peak = 2104.848 ; gain = 0.000

Phase 4.2 Post Placement Cleanup
Phase 4.2 Post Placement Cleanup | Checksum: 15e9e984e

Time (s): cpu = 00:00:03 ; elapsed = 00:00:02 . Memory (MB): peak = 2104.848 ; gain = 0.000

Phase 4.3 Placer Reporting

Phase 4.3.1 Print Estimated Congestion
INFO: [Place 30-612] Post-Placement Estimated Congestion 
 ____________________________________________________
|           | Global Congestion | Short Congestion  |
| Direction | Region Size       | Region Size       |
|___________|___________________|___________________|
|      North|                1x1|                1x1|
|___________|___________________|___________________|
|      South|                1x1|                1x1|
|___________|___________________|___________________|
|       East|                1x1|                1x1|
|___________|___________________|___________________|
|       West|                1x1|                1x1|
|___________|___________________|___________________|

Phase 4.3.1 Print Estimated Congestion | Checksum: 15e9e984e

Time (s): cpu = 00:00:03 ; elapsed = 00:00:02 . Memory (MB): peak = 2104.848 ; gain = 0.000
Phase 4.3 Placer Reporting | Checksum: 15e9e984e

Time (s): cpu = 00:00:03 ; elapsed = 00:00:02 . Memory (MB): peak = 2104.848 ; gain = 0.000

Phase 4.4 Final Placement Cleanup
Netlist sorting complete. Time (s): cpu = 00:00:00 ; elapsed = 00:00:00 . Memory (MB): peak = 2104.848 ; gain = 0.000

Time (s): cpu = 00:00:03 ; elapsed = 00:00:02 . Memory (MB): peak = 2104.848 ; gain = 0.000
Phase 4 Post Placement Optimization and Clean-Up | Checksum: 1aa4e8b31

Time (s): cpu = 00:00:03 ; elapsed = 00:00:02 . Memory (MB): peak = 2104.848 ; gain = 0.000
Ending Placer Task | Checksum: ca59ec38

Time (s): cpu = 00:00:03 ; elapsed = 00:00:02 . Memory (MB): peak = 2104.848 ; gain = 0.000
68 Infos, 0 Warnings, 0 Critical Warnings and 0 Errors encountered.
place_design completed successfully
INFO: [Vivado 12-24838] Running report commands "report_control_sets, report_io, report_utilization" in parallel.
Running report generation with 2 threads.
INFO: [Vivado 12-24828] Executing command : report_utilization -file ticket_price_top_utilization_placed.rpt -pb ticket_price_top_utilization_placed.pb
INFO: [Vivado 12-24828] Executing command : report_control_sets -verbose -file ticket_price_top_control_sets_placed.rpt
report_control_sets: Time (s): cpu = 00:00:00 ; elapsed = 00:00:00.003 . Memory (MB): peak = 2104.848 ; gain = 0.000
INFO: [Vivado 12-24828] Executing command : report_io -file ticket_price_top_io_placed.rpt
report_io: Time (s): cpu = 00:00:01 ; elapsed = 00:00:00.056 . Memory (MB): peak = 2104.848 ; gain = 0.000
Write ShapeDB Complete: Time (s): cpu = 00:00:00 ; elapsed = 00:00:00.004 . Memory (MB): peak = 2104.848 ; gain = 0.000
INFO: [Timing 38-480] Writing timing data to binary archive.
Wrote PlaceDB: Time (s): cpu = 00:00:00 ; elapsed = 00:00:00.056 . Memory (MB): peak = 2104.848 ; gain = 0.000
Wrote PulsedLatchDB: Time (s): cpu = 00:00:00 ; elapsed = 00:00:00 . Memory (MB): peak = 2104.848 ; gain = 0.000
Writing XDEF routing.
Writing XDEF routing logical nets.
Writing XDEF routing special nets.
Wrote RouteStorage: Time (s): cpu = 00:00:00 ; elapsed = 00:00:00.013 . Memory (MB): peak = 2104.848 ; gain = 0.000
Wrote Netlist Cache: Time (s): cpu = 00:00:00 ; elapsed = 00:00:00.002 . Memory (MB): peak = 2104.848 ; gain = 0.000
Wrote Device Cache: Time (s): cpu = 00:00:00 ; elapsed = 00:00:00.005 . Memory (MB): peak = 2104.848 ; gain = 0.000
Write Physdb Complete: Time (s): cpu = 00:00:00 ; elapsed = 00:00:00.082 . Memory (MB): peak = 2104.848 ; gain = 0.000
INFO: [Common 17-1381] The checkpoint 'C:/Users/Lenovo/Desktop/ticket_price/ticket_price.runs/impl_1/ticket_price_top_placed.dcp' has been generated.
Command: phys_opt_design
Attempting to get a license for feature 'Implementation' and/or device 'xc7a75t'
INFO: [Common 17-349] Got license for feature 'Implementation' and/or device 'xc7a75t'

Starting Initial Update Timing Task

Time (s): cpu = 00:00:00 ; elapsed = 00:00:00.078 . Memory (MB): peak = 2104.848 ; gain = 0.000
INFO: [Vivado_Tcl 4-2279] Estimated Timing Summary | WNS= 11.668 | TNS= 0.000 | 
INFO: [Vivado_Tcl 4-383] Design worst setup slack (WNS) is greater than or equal to 0.000 ns. All physical synthesis setup optimizations will be skipped.
INFO: [Vivado_Tcl 4-232] No setup violation found. The netlist was not modified.
INFO: [Common 17-83] Releasing license: Implementation
79 Infos, 0 Warnings, 0 Critical Warnings and 0 Errors encountered.
phys_opt_design completed successfully
Write ShapeDB Complete: Time (s): cpu = 00:00:00 ; elapsed = 00:00:00.005 . Memory (MB): peak = 2104.848 ; gain = 0.000
INFO: [Timing 38-480] Writing timing data to binary archive.
Wrote PlaceDB: Time (s): cpu = 00:00:00 ; elapsed = 00:00:00.054 . Memory (MB): peak = 2104.848 ; gain = 0.000
Wrote PulsedLatchDB: Time (s): cpu = 00:00:00 ; elapsed = 00:00:00 . Memory (MB): peak = 2104.848 ; gain = 0.000
Writing XDEF routing.
Writing XDEF routing logical nets.
Writing XDEF routing special nets.
Wrote RouteStorage: Time (s): cpu = 00:00:00 ; elapsed = 00:00:00.014 . Memory (MB): peak = 2104.848 ; gain = 0.000
Wrote Netlist Cache: Time (s): cpu = 00:00:00 ; elapsed = 00:00:00.001 . Memory (MB): peak = 2104.848 ; gain = 0.000
Wrote Device Cache: Time (s): cpu = 00:00:00 ; elapsed = 00:00:00.004 . Memory (MB): peak = 2104.848 ; gain = 0.000
Write Physdb Complete: Time (s): cpu = 00:00:00 ; elapsed = 00:00:00.080 . Memory (MB): peak = 2104.848 ; gain = 0.000
INFO: [Common 17-1381] The checkpoint 'C:/Users/Lenovo/Desktop/ticket_price/ticket_price.runs/impl_1/ticket_price_top_physopt.dcp' has been generated.
Command: route_design
Attempting to get a license for feature 'Implementation' and/or device 'xc7a75t'
INFO: [Common 17-349] Got license for feature 'Implementation' and/or device 'xc7a75t'
Running DRC as a precondition to command route_design
INFO: [DRC 23-27] Running DRC with 2 threads
INFO: [Vivado_Tcl 4-198] DRC finished with 0 Errors
INFO: [Vivado_Tcl 4-199] Please refer to the DRC report (report_drc) for more information.


Starting Routing Task
INFO: [Route 35-254] Multithreading enabled for route_design using a maximum of 8 CPUs

Phase 1 Build RT Design
Checksum: PlaceDB: 426ec95d ConstDB: 0 ShapeSum: 5cede9a7 RouteDB: 2afd3934
Post Restoration Checksum: NetGraph: cc179c6f | NumContArr: d59c4709 | Constraints: c2a8fa9d | Timing: c2a8fa9d
Phase 1 Build RT Design | Checksum: 32705d8b2

Time (s): cpu = 00:00:19 ; elapsed = 00:00:18 . Memory (MB): peak = 2207.465 ; gain = 102.617

Phase 2 Router Initialization

Phase 2.1 Fix Topology Constraints
Phase 2.1 Fix Topology Constraints | Checksum: 32705d8b2

Time (s): cpu = 00:00:19 ; elapsed = 00:00:18 . Memory (MB): peak = 2207.465 ; gain = 102.617

Phase 2.2 Pre Route Cleanup
Phase 2.2 Pre Route Cleanup | Checksum: 32705d8b2

Time (s): cpu = 00:00:19 ; elapsed = 00:00:18 . Memory (MB): peak = 2207.465 ; gain = 102.617
 Number of Nodes with overlaps = 0

Phase 2.3 Update Timing
Phase 2.3 Update Timing | Checksum: 18e46ad89

Time (s): cpu = 00:00:20 ; elapsed = 00:00:18 . Memory (MB): peak = 2283.477 ; gain = 178.629
INFO: [Route 35-416] Intermediate Timing Summary | WNS=11.760 | TNS=0.000  | WHS=-0.127 | THS=-10.144|


Router Utilization Summary
  Global Vertical Routing Utilization    = 0 %
  Global Horizontal Routing Utilization  = 0 %
  Routable Net Status*
  *Does not include unroutable nets such as driverless and loadless.
  Run report_route_status for detailed report.
  Number of Failed Nets               = 1006
    (Failed Nets is the sum of unrouted and partially routed nets)
  Number of Unrouted Nets             = 1006
  Number of Partially Routed Nets     = 0
  Number of Node Overlaps             = 0

Phase 2 Router Initialization | Checksum: 21e4f43cc

Time (s): cpu = 00:00:20 ; elapsed = 00:00:18 . Memory (MB): peak = 2288.672 ; gain = 183.824

Phase 3 Global Routing
Phase 3 Global Routing | Checksum: 21e4f43cc

Time (s): cpu = 00:00:20 ; elapsed = 00:00:18 . Memory (MB): peak = 2288.672 ; gain = 183.824

Phase 4 Initial Routing

Phase 4.1 Initial Net Routing Pass
Phase 4.1 Initial Net Routing Pass | Checksum: 1fc0adcb1

Time (s): cpu = 00:00:20 ; elapsed = 00:00:18 . Memory (MB): peak = 2288.672 ; gain = 183.824
Phase 4 Initial Routing | Checksum: 1fc0adcb1

Time (s): cpu = 00:00:20 ; elapsed = 00:00:18 . Memory (MB): peak = 2288.672 ; gain = 183.824

Phase 5 Rip-up And Reroute

Phase 5.1 Global Iteration 0
 Number of Nodes with overlaps = 72
 Number of Nodes with overlaps = 0
INFO: [Route 35-416] Intermediate Timing Summary | WNS=10.954 | TNS=0.000  | WHS=N/A    | THS=N/A    |

Phase 5.1 Global Iteration 0 | Checksum: 25665ae11

Time (s): cpu = 00:00:21 ; elapsed = 00:00:19 . Memory (MB): peak = 2288.672 ; gain = 183.824
Phase 5 Rip-up And Reroute | Checksum: 25665ae11

Time (s): cpu = 00:00:21 ; elapsed = 00:00:19 . Memory (MB): peak = 2288.672 ; gain = 183.824

Phase 6 Delay and Skew Optimization

Phase 6.1 Delay CleanUp
Phase 6.1 Delay CleanUp | Checksum: 25665ae11

Time (s): cpu = 00:00:21 ; elapsed = 00:00:19 . Memory (MB): peak = 2288.672 ; gain = 183.824

Phase 6.2 Clock Skew Optimization
Phase 6.2 Clock Skew Optimization | Checksum: 25665ae11

Time (s): cpu = 00:00:21 ; elapsed = 00:00:19 . Memory (MB): peak = 2288.672 ; gain = 183.824
Phase 6 Delay and Skew Optimization | Checksum: 25665ae11

Time (s): cpu = 00:00:21 ; elapsed = 00:00:19 . Memory (MB): peak = 2288.672 ; gain = 183.824

Phase 7 Post Hold Fix

Phase 7.1 Hold Fix Iter
INFO: [Route 35-416] Intermediate Timing Summary | WNS=11.028 | TNS=0.000  | WHS=0.178  | THS=0.000  |

Phase 7.1 Hold Fix Iter | Checksum: 1f92bdcb9

Time (s): cpu = 00:00:21 ; elapsed = 00:00:19 . Memory (MB): peak = 2288.672 ; gain = 183.824
Phase 7 Post Hold Fix | Checksum: 1f92bdcb9

Time (s): cpu = 00:00:21 ; elapsed = 00:00:19 . Memory (MB): peak = 2288.672 ; gain = 183.824

Phase 8 Route finalize

Router Utilization Summary
  Global Vertical Routing Utilization    = 0.127954 %
  Global Horizontal Routing Utilization  = 0.119068 %
  Routable Net Status*
  *Does not include unroutable nets such as driverless and loadless.
  Run report_route_status for detailed report.
  Number of Failed Nets               = 0
    (Failed Nets is the sum of unrouted and partially routed nets)
  Number of Unrouted Nets             = 0
  Number of Partially Routed Nets     = 0
  Number of Node Overlaps             = 0

Phase 8 Route finalize | Checksum: 1f92bdcb9

Time (s): cpu = 00:00:21 ; elapsed = 00:00:19 . Memory (MB): peak = 2288.672 ; gain = 183.824

Phase 9 Verifying routed nets

 Verification completed successfully
Phase 9 Verifying routed nets | Checksum: 1f92bdcb9

Time (s): cpu = 00:00:21 ; elapsed = 00:00:19 . Memory (MB): peak = 2288.672 ; gain = 183.824

Phase 10 Depositing Routes
Phase 10 Depositing Routes | Checksum: 20c61b4ae

Time (s): cpu = 00:00:21 ; elapsed = 00:00:19 . Memory (MB): peak = 2288.672 ; gain = 183.824

Phase 11 Post Process Routing
Phase 11 Post Process Routing | Checksum: 20c61b4ae

Time (s): cpu = 00:00:21 ; elapsed = 00:00:19 . Memory (MB): peak = 2288.672 ; gain = 183.824

Phase 12 Post Router Timing
INFO: [Route 35-57] Estimated Timing Summary | WNS=11.028 | TNS=0.000  | WHS=0.178  | THS=0.000  |

INFO: [Route 35-327] The final timing numbers are based on the router estimated timing analysis. For a complete and accurate timing signoff, please run report_timing_summary.
Phase 12 Post Router Timing | Checksum: 20c61b4ae

Time (s): cpu = 00:00:21 ; elapsed = 00:00:19 . Memory (MB): peak = 2288.672 ; gain = 183.824
Total Elapsed time in route_design: 18.673 secs

Phase 13 Post-Route Event Processing
Phase 13 Post-Route Event Processing | Checksum: 116efb369

Time (s): cpu = 00:00:21 ; elapsed = 00:00:19 . Memory (MB): peak = 2288.672 ; gain = 183.824
INFO: [Route 35-16] Router Completed Successfully
Ending Routing Task | Checksum: 116efb369

Time (s): cpu = 00:00:21 ; elapsed = 00:00:19 . Memory (MB): peak = 2288.672 ; gain = 183.824

Routing Is Done.
INFO: [Common 17-83] Releasing license: Implementation
93 Infos, 0 Warnings, 0 Critical Warnings and 0 Errors encountered.
route_design completed successfully
route_design: Time (s): cpu = 00:00:22 ; elapsed = 00:00:19 . Memory (MB): peak = 2288.672 ; gain = 183.824
INFO: [Vivado 12-24828] Executing command : report_drc -file ticket_price_top_drc_routed.rpt -pb ticket_price_top_drc_routed.pb -rpx ticket_price_top_drc_routed.rpx
Command: report_drc -file ticket_price_top_drc_routed.rpt -pb ticket_price_top_drc_routed.pb -rpx ticket_price_top_drc_routed.rpx
INFO: [IP_Flow 19-1839] IP Catalog is up to date.
INFO: [DRC 23-27] Running DRC with 2 threads
INFO: [Vivado_Tcl 2-168] The results of DRC are in file C:/Users/Lenovo/Desktop/ticket_price/ticket_price.runs/impl_1/ticket_price_top_drc_routed.rpt.
report_drc completed successfully
INFO: [Vivado 12-24828] Executing command : report_methodology -file ticket_price_top_methodology_drc_routed.rpt -pb ticket_price_top_methodology_drc_routed.pb -rpx ticket_price_top_methodology_drc_routed.rpx
Command: report_methodology -file ticket_price_top_methodology_drc_routed.rpt -pb ticket_price_top_methodology_drc_routed.pb -rpx ticket_price_top_methodology_drc_routed.rpx
INFO: [Timing 38-35] Done setting XDC timing constraints.
INFO: [DRC 23-133] Running Methodology with 2 threads
INFO: [Vivado_Tcl 2-1520] The results of Report Methodology are in file C:/Users/Lenovo/Desktop/ticket_price/ticket_price.runs/impl_1/ticket_price_top_methodology_drc_routed.rpt.
report_methodology completed successfully
INFO: [Vivado 12-24828] Executing command : report_timing_summary -max_paths 10 -report_unconstrained -file ticket_price_top_timing_summary_routed.rpt -pb ticket_price_top_timing_summary_routed.pb -rpx ticket_price_top_timing_summary_routed.rpx -warn_on_violation 
INFO: [Timing 38-35] Done setting XDC timing constraints.
INFO: [Timing 38-91] UpdateTimingParams: Speed grade: -2, Delay Type: min_max.
INFO: [Timing 38-191] Multithreading enabled for timing update using a maximum of 2 CPUs
INFO: [Vivado 12-24838] Running report commands "report_incremental_reuse, report_route_status" in parallel.
Running report generation with 2 threads.
INFO: [Vivado 12-24828] Executing command : report_route_status -file ticket_price_top_route_status.rpt -pb ticket_price_top_route_status.pb
INFO: [Vivado 12-24828] Executing command : report_incremental_reuse -file ticket_price_top_incremental_reuse_routed.rpt
INFO: [Vivado_Tcl 4-1062] Incremental flow is disabled. No incremental reuse Info to report.
INFO: [Vivado 12-24828] Executing command : report_power -file ticket_price_top_power_routed.rpt -pb ticket_price_top_power_summary_routed.pb -rpx ticket_price_top_power_routed.rpx
Command: report_power -file ticket_price_top_power_routed.rpt -pb ticket_price_top_power_summary_routed.pb -rpx ticket_price_top_power_routed.rpx
Running Vector-less Activity Propagation...

Finished Running Vector-less Activity Propagation
110 Infos, 0 Warnings, 0 Critical Warnings and 0 Errors encountered.
report_power completed successfully
INFO: [Vivado 12-24828] Executing command : report_clock_utilization -file ticket_price_top_clock_utilization_routed.rpt
WARNING: [Device 21-9320] Failed to find the Oracle tile group with name 'HSR_BOUNDARY_TOP'. This is required for Clock regions and Virtual grid.
WARNING: [Device 21-2174] Failed to initialize Virtual grid.
INFO: [Vivado 12-24828] Executing command : report_bus_skew -warn_on_violation -file ticket_price_top_bus_skew_routed.rpt -pb ticket_price_top_bus_skew_routed.pb -rpx ticket_price_top_bus_skew_routed.rpx
INFO: [Timing 38-91] UpdateTimingParams: Speed grade: -2, Delay Type: min_max.
INFO: [Timing 38-191] Multithreading enabled for timing update using a maximum of 2 CPUs
Write ShapeDB Complete: Time (s): cpu = 00:00:00 ; elapsed = 00:00:00.004 . Memory (MB): peak = 2288.672 ; gain = 0.000
INFO: [Timing 38-480] Writing timing data to binary archive.
Wrote PlaceDB: Time (s): cpu = 00:00:00 ; elapsed = 00:00:00.052 . Memory (MB): peak = 2288.672 ; gain = 0.000
Wrote PulsedLatchDB: Time (s): cpu = 00:00:00 ; elapsed = 00:00:00 . Memory (MB): peak = 2288.672 ; gain = 0.000
Writing XDEF routing.
Writing XDEF routing logical nets.
Writing XDEF routing special nets.
Wrote RouteStorage: Time (s): cpu = 00:00:00 ; elapsed = 00:00:00.024 . Memory (MB): peak = 2288.672 ; gain = 0.000
Wrote Netlist Cache: Time (s): cpu = 00:00:00 ; elapsed = 00:00:00.001 . Memory (MB): peak = 2288.672 ; gain = 0.000
Wrote Device Cache: Time (s): cpu = 00:00:00 ; elapsed = 00:00:00.005 . Memory (MB): peak = 2288.672 ; gain = 0.000
Write Physdb Complete: Time (s): cpu = 00:00:00 ; elapsed = 00:00:00.089 . Memory (MB): peak = 2288.672 ; gain = 0.000
INFO: [Common 17-1381] The checkpoint 'C:/Users/Lenovo/Desktop/ticket_price/ticket_price.runs/impl_1/ticket_price_top_routed.dcp' has been generated.
Command: write_bitstream -force ticket_price_top.bit
Attempting to get a license for feature 'Implementation' and/or device 'xc7a75t'
INFO: [Common 17-349] Got license for feature 'Implementation' and/or device 'xc7a75t'
Running DRC as a precondition to command write_bitstream
INFO: [IP_Flow 19-1839] IP Catalog is up to date.
INFO: [DRC 23-27] Running DRC with 2 threads
WARNING: [DRC CHECK-3] Report rule limit reached: REQP-1839 rule limit reached: 20 violations have been found.
WARNING: [DRC CHECK-3] Report rule limit reached: REQP-1840 rule limit reached: 20 violations have been found.
WARNING: [DRC REQP-1839] RAMB36 async control check: The RAMB36E1 u_distance_lookup/address_reg_reg_0 has an input control pin u_distance_lookup/address_reg_reg_0/ADDRARDADDR[13] (net: u_distance_lookup/sel[11]) which is driven by a register (destination_global_reg[0]) that has an active asychronous set or reset. This may cause corruption of the memory contents and/or read values when the set/reset is asserted and is not analyzed by the default static timing analysis. It is suggested to eliminate the use of a set/reset to registers driving this RAMB pin or else use a synchronous reset in which the assertion of the reset is timed by default.
WARNING: [DRC REQP-1839] RAMB36 async control check: The RAMB36E1 u_distance_lookup/address_reg_reg_0 has an input control pin u_distance_lookup/address_reg_reg_0/ADDRARDADDR[13] (net: u_distance_lookup/sel[11]) which is driven by a register (destination_global_reg[1]) that has an active asychronous set or reset. This may cause corruption of the memory contents and/or read values when the set/reset is asserted and is not analyzed by the default static timing analysis. It is suggested to eliminate the use of a set/reset to registers driving this RAMB pin or else use a synchronous reset in which the assertion of the reset is timed by default.
WARNING: [DRC REQP-1839] RAMB36 async control check: The RAMB36E1 u_distance_lookup/address_reg_reg_0 has an input control pin u_distance_lookup/address_reg_reg_0/ADDRARDADDR[13] (net: u_distance_lookup/sel[11]) which is driven by a register (destination_global_reg[2]) that has an active asychronous set or reset. This may cause corruption of the memory contents and/or read values when the set/reset is asserted and is not analyzed by the default static timing analysis. It is suggested to eliminate the use of a set/reset to registers driving this RAMB pin or else use a synchronous reset in which the assertion of the reset is timed by default.
WARNING: [DRC REQP-1839] RAMB36 async control check: The RAMB36E1 u_distance_lookup/address_reg_reg_0 has an input control pin u_distance_lookup/address_reg_reg_0/ADDRARDADDR[13] (net: u_distance_lookup/sel[11]) which is driven by a register (destination_global_reg[3]) that has an active asychronous set or reset. This may cause corruption of the memory contents and/or read values when the set/reset is asserted and is not analyzed by the default static timing analysis. It is suggested to eliminate the use of a set/reset to registers driving this RAMB pin or else use a synchronous reset in which the assertion of the reset is timed by default.
WARNING: [DRC REQP-1839] RAMB36 async control check: The RAMB36E1 u_distance_lookup/address_reg_reg_0 has an input control pin u_distance_lookup/address_reg_reg_0/ADDRARDADDR[13] (net: u_distance_lookup/sel[11]) which is driven by a register (destination_global_reg[4]) that has an active asychronous set or reset. This may cause corruption of the memory contents and/or read values when the set/reset is asserted and is not analyzed by the default static timing analysis. It is suggested to eliminate the use of a set/reset to registers driving this RAMB pin or else use a synchronous reset in which the assertion of the reset is timed by default.
WARNING: [DRC REQP-1839] RAMB36 async control check: The RAMB36E1 u_distance_lookup/address_reg_reg_0 has an input control pin u_distance_lookup/address_reg_reg_0/ADDRARDADDR[13] (net: u_distance_lookup/sel[11]) which is driven by a register (destination_global_reg[6]) that has an active asychronous set or reset. This may cause corruption of the memory contents and/or read values when the set/reset is asserted and is not analyzed by the default static timing analysis. It is suggested to eliminate the use of a set/reset to registers driving this RAMB pin or else use a synchronous reset in which the assertion of the reset is timed by default.
WARNING: [DRC REQP-1839] RAMB36 async control check: The RAMB36E1 u_distance_lookup/address_reg_reg_0 has an input control pin u_distance_lookup/address_reg_reg_0/ADDRARDADDR[14] (net: u_distance_lookup/sel[12]) which is driven by a register (destination_global_reg[0]) that has an active asychronous set or reset. This may cause corruption of the memory contents and/or read values when the set/reset is asserted and is not analyzed by the default static timing analysis. It is suggested to eliminate the use of a set/reset to registers driving this RAMB pin or else use a synchronous reset in which the assertion of the reset is timed by default.
WARNING: [DRC REQP-1839] RAMB36 async control check: The RAMB36E1 u_distance_lookup/address_reg_reg_0 has an input control pin u_distance_lookup/address_reg_reg_0/ADDRARDADDR[14] (net: u_distance_lookup/sel[12]) which is driven by a register (destination_global_reg[1]) that has an active asychronous set or reset. This may cause corruption of the memory contents and/or read values when the set/reset is asserted and is not analyzed by the default static timing analysis. It is suggested to eliminate the use of a set/reset to registers driving this RAMB pin or else use a synchronous reset in which the assertion of the reset is timed by default.
WARNING: [DRC REQP-1839] RAMB36 async control check: The RAMB36E1 u_distance_lookup/address_reg_reg_0 has an input control pin u_distance_lookup/address_reg_reg_0/ADDRARDADDR[14] (net: u_distance_lookup/sel[12]) which is driven by a register (destination_global_reg[2]) that has an active asychronous set or reset. This may cause corruption of the memory contents and/or read values when the set/reset is asserted and is not analyzed by the default static timing analysis. It is suggested to eliminate the use of a set/reset to registers driving this RAMB pin or else use a synchronous reset in which the assertion of the reset is timed by default.
WARNING: [DRC REQP-1839] RAMB36 async control check: The RAMB36E1 u_distance_lookup/address_reg_reg_0 has an input control pin u_distance_lookup/address_reg_reg_0/ADDRARDADDR[14] (net: u_distance_lookup/sel[12]) which is driven by a register (destination_global_reg[3]) that has an active asychronous set or reset. This may cause corruption of the memory contents and/or read values when the set/reset is asserted and is not analyzed by the default static timing analysis. It is suggested to eliminate the use of a set/reset to registers driving this RAMB pin or else use a synchronous reset in which the assertion of the reset is timed by default.
WARNING: [DRC REQP-1839] RAMB36 async control check: The RAMB36E1 u_distance_lookup/address_reg_reg_0 has an input control pin u_distance_lookup/address_reg_reg_0/ADDRARDADDR[14] (net: u_distance_lookup/sel[12]) which is driven by a register (destination_global_reg[4]) that has an active asychronous set or reset. This may cause corruption of the memory contents and/or read values when the set/reset is asserted and is not analyzed by the default static timing analysis. It is suggested to eliminate the use of a set/reset to registers driving this RAMB pin or else use a synchronous reset in which the assertion of the reset is timed by default.
WARNING: [DRC REQP-1839] RAMB36 async control check: The RAMB36E1 u_distance_lookup/address_reg_reg_0 has an input control pin u_distance_lookup/address_reg_reg_0/ADDRARDADDR[14] (net: u_distance_lookup/sel[12]) which is driven by a register (destination_global_reg[5]) that has an active asychronous set or reset. This may cause corruption of the memory contents and/or read values when the set/reset is asserted and is not analyzed by the default static timing analysis. It is suggested to eliminate the use of a set/reset to registers driving this RAMB pin or else use a synchronous reset in which the assertion of the reset is timed by default.
WARNING: [DRC REQP-1839] RAMB36 async control check: The RAMB36E1 u_distance_lookup/address_reg_reg_0 has an input control pin u_distance_lookup/address_reg_reg_0/ADDRARDADDR[14] (net: u_distance_lookup/sel[12]) which is driven by a register (destination_global_reg[6]) that has an active asychronous set or reset. This may cause corruption of the memory contents and/or read values when the set/reset is asserted and is not analyzed by the default static timing analysis. It is suggested to eliminate the use of a set/reset to registers driving this RAMB pin or else use a synchronous reset in which the assertion of the reset is timed by default.
WARNING: [DRC REQP-1839] RAMB36 async control check: The RAMB36E1 u_distance_lookup/address_reg_reg_0 has an input control pin u_distance_lookup/address_reg_reg_0/ADDRARDADDR[14] (net: u_distance_lookup/sel[12]) which is driven by a register (origin_global_reg[0]) that has an active asychronous set or reset. This may cause corruption of the memory contents and/or read values when the set/reset is asserted and is not analyzed by the default static timing analysis. It is suggested to eliminate the use of a set/reset to registers driving this RAMB pin or else use a synchronous reset in which the assertion of the reset is timed by default.
WARNING: [DRC REQP-1839] RAMB36 async control check: The RAMB36E1 u_distance_lookup/address_reg_reg_0 has an input control pin u_distance_lookup/address_reg_reg_0/ADDRARDADDR[14] (net: u_distance_lookup/sel[12]) which is driven by a register (origin_global_reg[1]) that has an active asychronous set or reset. This may cause corruption of the memory contents and/or read values when the set/reset is asserted and is not analyzed by the default static timing analysis. It is suggested to eliminate the use of a set/reset to registers driving this RAMB pin or else use a synchronous reset in which the assertion of the reset is timed by default.
WARNING: [DRC REQP-1839] RAMB36 async control check: The RAMB36E1 u_distance_lookup/address_reg_reg_0 has an input control pin u_distance_lookup/address_reg_reg_0/ADDRARDADDR[14] (net: u_distance_lookup/sel[12]) which is driven by a register (origin_global_reg[2]) that has an active asychronous set or reset. This may cause corruption of the memory contents and/or read values when the set/reset is asserted and is not analyzed by the default static timing analysis. It is suggested to eliminate the use of a set/reset to registers driving this RAMB pin or else use a synchronous reset in which the assertion of the reset is timed by default.
WARNING: [DRC REQP-1839] RAMB36 async control check: The RAMB36E1 u_distance_lookup/address_reg_reg_0 has an input control pin u_distance_lookup/address_reg_reg_0/ADDRARDADDR[14] (net: u_distance_lookup/sel[12]) which is driven by a register (origin_global_reg[3]) that has an active asychronous set or reset. This may cause corruption of the memory contents and/or read values when the set/reset is asserted and is not analyzed by the default static timing analysis. It is suggested to eliminate the use of a set/reset to registers driving this RAMB pin or else use a synchronous reset in which the assertion of the reset is timed by default.
WARNING: [DRC REQP-1839] RAMB36 async control check: The RAMB36E1 u_distance_lookup/address_reg_reg_0 has an input control pin u_distance_lookup/address_reg_reg_0/ADDRARDADDR[14] (net: u_distance_lookup/sel[12]) which is driven by a register (origin_global_reg[4]) that has an active asychronous set or reset. This may cause corruption of the memory contents and/or read values when the set/reset is asserted and is not analyzed by the default static timing analysis. It is suggested to eliminate the use of a set/reset to registers driving this RAMB pin or else use a synchronous reset in which the assertion of the reset is timed by default.
WARNING: [DRC REQP-1839] RAMB36 async control check: The RAMB36E1 u_distance_lookup/address_reg_reg_0 has an input control pin u_distance_lookup/address_reg_reg_0/ADDRARDADDR[14] (net: u_distance_lookup/sel[12]) which is driven by a register (origin_global_reg[5]) that has an active asychronous set or reset. This may cause corruption of the memory contents and/or read values when the set/reset is asserted and is not analyzed by the default static timing analysis. It is suggested to eliminate the use of a set/reset to registers driving this RAMB pin or else use a synchronous reset in which the assertion of the reset is timed by default.
WARNING: [DRC REQP-1839] RAMB36 async control check: The RAMB36E1 u_distance_lookup/address_reg_reg_0 has an input control pin u_distance_lookup/address_reg_reg_0/ADDRARDADDR[14] (net: u_distance_lookup/sel[12]) which is driven by a register (origin_global_reg[6]) that has an active asychronous set or reset. This may cause corruption of the memory contents and/or read values when the set/reset is asserted and is not analyzed by the default static timing analysis. It is suggested to eliminate the use of a set/reset to registers driving this RAMB pin or else use a synchronous reset in which the assertion of the reset is timed by default.
WARNING: [DRC REQP-1840] RAMB18 async control check: The RAMB18E1 u_distance_lookup/address_reg_reg_4 has an input control pin u_distance_lookup/address_reg_reg_4/ADDRARDADDR[12] (net: u_distance_lookup/sel[11]) which is driven by a register (destination_global_reg[0]) that has an active asychronous set or reset. This may cause corruption of the memory contents and/or read values when the set/reset is asserted and is not analyzed by the default static timing analysis. It is suggested to eliminate the use of a set/reset to registers driving this RAMB pin or else use a synchronous reset in which the assertion of the reset is timed by default.
WARNING: [DRC REQP-1840] RAMB18 async control check: The RAMB18E1 u_distance_lookup/address_reg_reg_4 has an input control pin u_distance_lookup/address_reg_reg_4/ADDRARDADDR[12] (net: u_distance_lookup/sel[11]) which is driven by a register (destination_global_reg[1]) that has an active asychronous set or reset. This may cause corruption of the memory contents and/or read values when the set/reset is asserted and is not analyzed by the default static timing analysis. It is suggested to eliminate the use of a set/reset to registers driving this RAMB pin or else use a synchronous reset in which the assertion of the reset is timed by default.
WARNING: [DRC REQP-1840] RAMB18 async control check: The RAMB18E1 u_distance_lookup/address_reg_reg_4 has an input control pin u_distance_lookup/address_reg_reg_4/ADDRARDADDR[12] (net: u_distance_lookup/sel[11]) which is driven by a register (destination_global_reg[2]) that has an active asychronous set or reset. This may cause corruption of the memory contents and/or read values when the set/reset is asserted and is not analyzed by the default static timing analysis. It is suggested to eliminate the use of a set/reset to registers driving this RAMB pin or else use a synchronous reset in which the assertion of the reset is timed by default.
WARNING: [DRC REQP-1840] RAMB18 async control check: The RAMB18E1 u_distance_lookup/address_reg_reg_4 has an input control pin u_distance_lookup/address_reg_reg_4/ADDRARDADDR[12] (net: u_distance_lookup/sel[11]) which is driven by a register (destination_global_reg[3]) that has an active asychronous set or reset. This may cause corruption of the memory contents and/or read values when the set/reset is asserted and is not analyzed by the default static timing analysis. It is suggested to eliminate the use of a set/reset to registers driving this RAMB pin or else use a synchronous reset in which the assertion of the reset is timed by default.
WARNING: [DRC REQP-1840] RAMB18 async control check: The RAMB18E1 u_distance_lookup/address_reg_reg_4 has an input control pin u_distance_lookup/address_reg_reg_4/ADDRARDADDR[12] (net: u_distance_lookup/sel[11]) which is driven by a register (destination_global_reg[4]) that has an active asychronous set or reset. This may cause corruption of the memory contents and/or read values when the set/reset is asserted and is not analyzed by the default static timing analysis. It is suggested to eliminate the use of a set/reset to registers driving this RAMB pin or else use a synchronous reset in which the assertion of the reset is timed by default.
WARNING: [DRC REQP-1840] RAMB18 async control check: The RAMB18E1 u_distance_lookup/address_reg_reg_4 has an input control pin u_distance_lookup/address_reg_reg_4/ADDRARDADDR[12] (net: u_distance_lookup/sel[11]) which is driven by a register (destination_global_reg[6]) that has an active asychronous set or reset. This may cause corruption of the memory contents and/or read values when the set/reset is asserted and is not analyzed by the default static timing analysis. It is suggested to eliminate the use of a set/reset to registers driving this RAMB pin or else use a synchronous reset in which the assertion of the reset is timed by default.
WARNING: [DRC REQP-1840] RAMB18 async control check: The RAMB18E1 u_distance_lookup/address_reg_reg_4 has an input control pin u_distance_lookup/address_reg_reg_4/ADDRARDADDR[13] (net: u_distance_lookup/sel[12]) which is driven by a register (destination_global_reg[0]) that has an active asychronous set or reset. This may cause corruption of the memory contents and/or read values when the set/reset is asserted and is not analyzed by the default static timing analysis. It is suggested to eliminate the use of a set/reset to registers driving this RAMB pin or else use a synchronous reset in which the assertion of the reset is timed by default.
WARNING: [DRC REQP-1840] RAMB18 async control check: The RAMB18E1 u_distance_lookup/address_reg_reg_4 has an input control pin u_distance_lookup/address_reg_reg_4/ADDRARDADDR[13] (net: u_distance_lookup/sel[12]) which is driven by a register (destination_global_reg[1]) that has an active asychronous set or reset. This may cause corruption of the memory contents and/or read values when the set/reset is asserted and is not analyzed by the default static timing analysis. It is suggested to eliminate the use of a set/reset to registers driving this RAMB pin or else use a synchronous reset in which the assertion of the reset is timed by default.
WARNING: [DRC REQP-1840] RAMB18 async control check: The RAMB18E1 u_distance_lookup/address_reg_reg_4 has an input control pin u_distance_lookup/address_reg_reg_4/ADDRARDADDR[13] (net: u_distance_lookup/sel[12]) which is driven by a register (destination_global_reg[2]) that has an active asychronous set or reset. This may cause corruption of the memory contents and/or read values when the set/reset is asserted and is not analyzed by the default static timing analysis. It is suggested to eliminate the use of a set/reset to registers driving this RAMB pin or else use a synchronous reset in which the assertion of the reset is timed by default.
WARNING: [DRC REQP-1840] RAMB18 async control check: The RAMB18E1 u_distance_lookup/address_reg_reg_4 has an input control pin u_distance_lookup/address_reg_reg_4/ADDRARDADDR[13] (net: u_distance_lookup/sel[12]) which is driven by a register (destination_global_reg[3]) that has an active asychronous set or reset. This may cause corruption of the memory contents and/or read values when the set/reset is asserted and is not analyzed by the default static timing analysis. It is suggested to eliminate the use of a set/reset to registers driving this RAMB pin or else use a synchronous reset in which the assertion of the reset is timed by default.
WARNING: [DRC REQP-1840] RAMB18 async control check: The RAMB18E1 u_distance_lookup/address_reg_reg_4 has an input control pin u_distance_lookup/address_reg_reg_4/ADDRARDADDR[13] (net: u_distance_lookup/sel[12]) which is driven by a register (destination_global_reg[4]) that has an active asychronous set or reset. This may cause corruption of the memory contents and/or read values when the set/reset is asserted and is not analyzed by the default static timing analysis. It is suggested to eliminate the use of a set/reset to registers driving this RAMB pin or else use a synchronous reset in which the assertion of the reset is timed by default.
WARNING: [DRC REQP-1840] RAMB18 async control check: The RAMB18E1 u_distance_lookup/address_reg_reg_4 has an input control pin u_distance_lookup/address_reg_reg_4/ADDRARDADDR[13] (net: u_distance_lookup/sel[12]) which is driven by a register (destination_global_reg[5]) that has an active asychronous set or reset. This may cause corruption of the memory contents and/or read values when the set/reset is asserted and is not analyzed by the default static timing analysis. It is suggested to eliminate the use of a set/reset to registers driving this RAMB pin or else use a synchronous reset in which the assertion of the reset is timed by default.
WARNING: [DRC REQP-1840] RAMB18 async control check: The RAMB18E1 u_distance_lookup/address_reg_reg_4 has an input control pin u_distance_lookup/address_reg_reg_4/ADDRARDADDR[13] (net: u_distance_lookup/sel[12]) which is driven by a register (destination_global_reg[6]) that has an active asychronous set or reset. This may cause corruption of the memory contents and/or read values when the set/reset is asserted and is not analyzed by the default static timing analysis. It is suggested to eliminate the use of a set/reset to registers driving this RAMB pin or else use a synchronous reset in which the assertion of the reset is timed by default.
WARNING: [DRC REQP-1840] RAMB18 async control check: The RAMB18E1 u_distance_lookup/address_reg_reg_4 has an input control pin u_distance_lookup/address_reg_reg_4/ADDRARDADDR[13] (net: u_distance_lookup/sel[12]) which is driven by a register (origin_global_reg[0]) that has an active asychronous set or reset. This may cause corruption of the memory contents and/or read values when the set/reset is asserted and is not analyzed by the default static timing analysis. It is suggested to eliminate the use of a set/reset to registers driving this RAMB pin or else use a synchronous reset in which the assertion of the reset is timed by default.
WARNING: [DRC REQP-1840] RAMB18 async control check: The RAMB18E1 u_distance_lookup/address_reg_reg_4 has an input control pin u_distance_lookup/address_reg_reg_4/ADDRARDADDR[13] (net: u_distance_lookup/sel[12]) which is driven by a register (origin_global_reg[1]) that has an active asychronous set or reset. This may cause corruption of the memory contents and/or read values when the set/reset is asserted and is not analyzed by the default static timing analysis. It is suggested to eliminate the use of a set/reset to registers driving this RAMB pin or else use a synchronous reset in which the assertion of the reset is timed by default.
WARNING: [DRC REQP-1840] RAMB18 async control check: The RAMB18E1 u_distance_lookup/address_reg_reg_4 has an input control pin u_distance_lookup/address_reg_reg_4/ADDRARDADDR[13] (net: u_distance_lookup/sel[12]) which is driven by a register (origin_global_reg[2]) that has an active asychronous set or reset. This may cause corruption of the memory contents and/or read values when the set/reset is asserted and is not analyzed by the default static timing analysis. It is suggested to eliminate the use of a set/reset to registers driving this RAMB pin or else use a synchronous reset in which the assertion of the reset is timed by default.
WARNING: [DRC REQP-1840] RAMB18 async control check: The RAMB18E1 u_distance_lookup/address_reg_reg_4 has an input control pin u_distance_lookup/address_reg_reg_4/ADDRARDADDR[13] (net: u_distance_lookup/sel[12]) which is driven by a register (origin_global_reg[3]) that has an active asychronous set or reset. This may cause corruption of the memory contents and/or read values when the set/reset is asserted and is not analyzed by the default static timing analysis. It is suggested to eliminate the use of a set/reset to registers driving this RAMB pin or else use a synchronous reset in which the assertion of the reset is timed by default.
WARNING: [DRC REQP-1840] RAMB18 async control check: The RAMB18E1 u_distance_lookup/address_reg_reg_4 has an input control pin u_distance_lookup/address_reg_reg_4/ADDRARDADDR[13] (net: u_distance_lookup/sel[12]) which is driven by a register (origin_global_reg[4]) that has an active asychronous set or reset. This may cause corruption of the memory contents and/or read values when the set/reset is asserted and is not analyzed by the default static timing analysis. It is suggested to eliminate the use of a set/reset to registers driving this RAMB pin or else use a synchronous reset in which the assertion of the reset is timed by default.
WARNING: [DRC REQP-1840] RAMB18 async control check: The RAMB18E1 u_distance_lookup/address_reg_reg_4 has an input control pin u_distance_lookup/address_reg_reg_4/ADDRARDADDR[13] (net: u_distance_lookup/sel[12]) which is driven by a register (origin_global_reg[5]) that has an active asychronous set or reset. This may cause corruption of the memory contents and/or read values when the set/reset is asserted and is not analyzed by the default static timing analysis. It is suggested to eliminate the use of a set/reset to registers driving this RAMB pin or else use a synchronous reset in which the assertion of the reset is timed by default.
WARNING: [DRC REQP-1840] RAMB18 async control check: The RAMB18E1 u_distance_lookup/address_reg_reg_4 has an input control pin u_distance_lookup/address_reg_reg_4/ADDRARDADDR[13] (net: u_distance_lookup/sel[12]) which is driven by a register (origin_global_reg[6]) that has an active asychronous set or reset. This may cause corruption of the memory contents and/or read values when the set/reset is asserted and is not analyzed by the default static timing analysis. It is suggested to eliminate the use of a set/reset to registers driving this RAMB pin or else use a synchronous reset in which the assertion of the reset is timed by default.
INFO: [Vivado 12-3199] DRC finished with 0 Errors, 42 Warnings
INFO: [Vivado 12-3200] Please refer to the DRC report (report_drc) for more information.
INFO: [Designutils 20-2272] Running write_bitstream with 2 threads.
Loading data files...
Loading site data...
Loading route data...
Processing options...
Creating bitmap...
Creating bitstream...
Writing bitstream ./ticket_price_top.bit...
INFO: [Vivado 12-1842] Bitgen Completed Successfully.
INFO: [Project 1-1876] WebTalk data collection is mandatory when using a ULT device. To see the specific WebTalk data collected for your design, open the usage_statistics_webtalk.html or usage_statistics_webtalk.xml file in the implementation directory.
INFO: [Common 17-83] Releasing license: Implementation
125 Infos, 44 Warnings, 0 Critical Warnings and 0 Errors encountered.
write_bitstream completed successfully
write_bitstream: Time (s): cpu = 00:00:09 ; elapsed = 00:00:08 . Memory (MB): peak = 2684.504 ; gain = 395.832
INFO: [Common 17-206] Exiting Vivado at Sat Aug 29 11:59:04 2026...
[Sat Aug 29 11:59:06 2026] impl_1 finished
wait_on_runs: Time (s): cpu = 00:00:00 ; elapsed = 00:01:11 . Memory (MB): peak = 536.473 ; gain = 0.000
# if {[get_property STATUS [get_runs impl_1]] ne "write_bitstream Complete!"} {
#     error "Implementation failed: [get_property STATUS [get_runs impl_1]]"
# }
# set generated_bitstream [file join $project_dir ticket_price.runs impl_1 ticket_price_top.bit]
# file copy -force $generated_bitstream [file join $output_dir ticket_price_top.bit]
# open_run impl_1
INFO: [Device 21-403] Loading part xc7a75tfgg484-2
INFO: [Device 21-9227] Part: xc7a75tfgg484-2 does not have CEAM library.
Netlist sorting complete. Time (s): cpu = 00:00:00 ; elapsed = 00:00:00.005 . Memory (MB): peak = 952.738 ; gain = 0.000
INFO: [Netlist 29-17] Analyzing 71 Unisim elements for replacement
INFO: [Netlist 29-28] Unisim Transformation completed in 0 CPU seconds
INFO: [Project 1-479] Netlist was created with Vivado 2024.1
INFO: [Project 1-570] Preparing netlist for logic optimization
Read ShapeDB Complete: Time (s): cpu = 00:00:00 ; elapsed = 00:00:00.004 . Memory (MB): peak = 1042.246 ; gain = 0.152
INFO: [Timing 38-478] Restoring timing data from binary archive.
INFO: [Timing 38-479] Binary timing data restore complete.
INFO: [Project 1-856] Restoring constraints from binary archive.
INFO: [Project 1-853] Binary constraint restore complete.
INFO: [Designutils 20-5722] Start Reading Physical Databases.
Reading placement.
Read Netlist Cache: Time (s): cpu = 00:00:00 ; elapsed = 00:00:00.001 . Memory (MB): peak = 1637.461 ; gain = 0.000
Reading placer database...
Read Device Cache: Time (s): cpu = 00:00:00 ; elapsed = 00:00:00.007 . Memory (MB): peak = 1637.461 ; gain = 0.000
Read PlaceDB: Time (s): cpu = 00:00:00 ; elapsed = 00:00:00.034 . Memory (MB): peak = 1637.461 ; gain = 0.000
Read PulsedLatchDB: Time (s): cpu = 00:00:00 ; elapsed = 00:00:00.001 . Memory (MB): peak = 1637.461 ; gain = 0.000
Reading routing.
Read RouteStorage: Time (s): cpu = 00:00:00 ; elapsed = 00:00:00.029 . Memory (MB): peak = 1637.461 ; gain = 0.000
Read Physdb Files: Time (s): cpu = 00:00:00 ; elapsed = 00:00:00.082 . Memory (MB): peak = 1637.461 ; gain = 0.000
Restored from archive | CPU: 0.000000 secs | Memory: 0.000000 MB |
Finished XDEF File Restore: Time (s): cpu = 00:00:00 ; elapsed = 00:00:00.122 . Memory (MB): peak = 1637.461 ; gain = 9.559
Netlist sorting complete. Time (s): cpu = 00:00:00 ; elapsed = 00:00:00.001 . Memory (MB): peak = 1637.461 ; gain = 0.000
INFO: [Project 1-111] Unisim Transformation Summary:
No Unisim elements were transformed.

open_run: Time (s): cpu = 00:00:08 ; elapsed = 00:00:10 . Memory (MB): peak = 1637.461 ; gain = 1100.988
# report_timing_summary -file [file join $report_dir timing_summary.rpt]
INFO: [Timing 38-91] UpdateTimingParams: Speed grade: -2, Delay Type: min_max.
INFO: [Timing 38-191] Multithreading enabled for timing update using a maximum of 2 CPUs
# report_utilization    -file [file join $report_dir utilization.rpt]
# report_drc            -file [file join $report_dir drc.rpt]
Command: report_drc -file C:/Users/Lenovo/Desktop/ticket_price/reports/drc.rpt
INFO: [IP_Flow 19-234] Refreshing IP repositories
INFO: [IP_Flow 19-1704] No user IP repositories specified
INFO: [IP_Flow 19-2313] Loaded Vivado IP repository 'D:/Vivado/Vivado/2024.1/data/ip'.
INFO: [DRC 23-27] Running DRC with 2 threads
INFO: [Vivado_Tcl 2-168] The results of DRC are in file C:/Users/Lenovo/Desktop/ticket_price/reports/drc.rpt.
report_drc completed successfully
# report_methodology    -file [file join $report_dir methodology.rpt]
Command: report_methodology -file C:/Users/Lenovo/Desktop/ticket_price/reports/methodology.rpt
INFO: [Timing 38-35] Done setting XDC timing constraints.
INFO: [DRC 23-133] Running Methodology with 2 threads
INFO: [Vivado_Tcl 2-1520] The results of Report Methodology are in file C:/Users/Lenovo/Desktop/ticket_price/reports/methodology.rpt.
report_methodology completed successfully
# close_project
# exit
INFO: [Common 17-206] Exiting Vivado at Sat Aug 29 11:59:19 2026...
