#-----------------------------------------------------------
# Vivado v2024.1 (64-bit)
# SW Build 5076996 on Wed May 22 18:37:14 MDT 2024
# IP Build 5075265 on Wed May 22 21:45:21 MDT 2024
# SharedData Build 5076995 on Wed May 22 18:29:18 MDT 2024
# Start of session at: Sat Aug 29 12:01:11 2026
# Process ID: 25668
# Current directory: C:/Users/Lenovo/Desktop/ticket_price
# Command line: vivado.exe -mode batch -source scripts\build_bitstream.tcl
# Log file: C:/Users/Lenovo/Desktop/ticket_price/vivado.log
# Journal file: C:/Users/Lenovo/Desktop/ticket_price\vivado.jou
# Running On        :LAPTOP-J02AFG1P
# Platform          :Windows Server 2016 or Windows 10
# Operating System  :26100
# Processor Detail  :12th Gen Intel(R) Core(TM) i9-12900H
# CPU Frequency     :2918 MHz
# CPU Physical cores:14
# CPU Logical cores :20
# Host memory       :16962 MB
# Swap memory       :2684 MB
# Total Virtual     :19646 MB
# Available Virtual :5218 MB
#-----------------------------------------------------------
source {scripts\build_bitstream.tcl}
# set script_dir [file normalize [file dirname [info script]]]
# set project_dir [file normalize [file join $script_dir ..]]
# set report_dir [file join $project_dir reports]
# set output_dir [file join $project_dir output]
# file mkdir $report_dir
# file mkdir $output_dir
# open_project [file join $project_dir ticket_price.xpr]
INFO: [filemgmt 56-3] Default IP Output Path : Could not find the directory 'C:/Users/Lenovo/Desktop/ticket_price/ticket_price.gen/sources_1'.
Scanning sources...
Finished scanning sources
open_project: Time (s): cpu = 00:00:06 ; elapsed = 00:00:08 . Memory (MB): peak = 532.719 ; gain = 202.461
# reset_run synth_1
INFO: [Project 1-1161] Replacing file C:/Users/Lenovo/Desktop/ticket_price/ticket_price.srcs/utils_1/imports/synth_1/ticket_price_top.dcp with file C:/Users/Lenovo/Desktop/ticket_price/ticket_price.runs/synth_1/ticket_price_top.dcp
# launch_runs synth_1 -jobs 4
[Sat Aug 29 12:01:25 2026] Launched synth_1...
Run output will be captured here: C:/Users/Lenovo/Desktop/ticket_price/ticket_price.runs/synth_1/runme.log
# wait_on_run synth_1
[Sat Aug 29 12:01:25 2026] Waiting for synth_1 to finish...

*** Running vivado
    with args -log ticket_price_top.vds -m64 -product Vivado -mode batch -messageDb vivado.pb -notrace -source ticket_price_top.tcl



****** Vivado v2024.1 (64-bit)
  **** SW Build 5076996 on Wed May 22 18:37:14 MDT 2024
  **** IP Build 5075265 on Wed May 22 21:45:21 MDT 2024
  **** SharedData Build 5076995 on Wed May 22 18:29:18 MDT 2024
  **** Start of session at: Sat Aug 29 12:01:27 2026
    ** Copyright 1986-2022 Xilinx, Inc. All Rights Reserved.
    ** Copyright 2022-2024 Advanced Micro Devices, Inc. All Rights Reserved.

source ticket_price_top.tcl -notrace
create_project: Time (s): cpu = 00:00:06 ; elapsed = 00:00:08 . Memory (MB): peak = 531.590 ; gain = 200.582
Command: read_checkpoint -auto_incremental -incremental C:/Users/Lenovo/Desktop/ticket_price/ticket_price.srcs/utils_1/imports/synth_1/ticket_price_top.dcp
INFO: [Vivado 12-5825] Read reference checkpoint from C:/Users/Lenovo/Desktop/ticket_price/ticket_price.srcs/utils_1/imports/synth_1/ticket_price_top.dcp for incremental synthesis
INFO: [Vivado 12-7989] Please ensure there are no constraint changes
Command: synth_design -top ticket_price_top -part xc7a75tfgg484-2
Starting synth_design
Attempting to get a license for feature 'Synthesis' and/or device 'xc7a75t'
INFO: [Common 17-349] Got license for feature 'Synthesis' and/or device 'xc7a75t'
INFO: [Device 21-403] Loading part xc7a75tfgg484-2
INFO: [Device 21-9227] Part: xc7a75tfgg484-2 does not have CEAM library.
INFO: [Designutils 20-5440] No compile time benefit to using incremental synthesis; A full resynthesis will be run
INFO: [Designutils 20-4379] Flow is switching to default flow due to incremental criteria not met. If you would like to alter this behaviour and have the flow terminate instead, please set the following parameter config_implementation {autoIncr.Synth.RejectBehavior Terminate}
INFO: [Synth 8-7079] Multithreading enabled for synth_design using a maximum of 2 processes.
INFO: [Synth 8-7078] Launching helper process for spawning children vivado processes
INFO: [Synth 8-7075] Helper process launched with PID 4504
---------------------------------------------------------------------------------
Starting RTL Elaboration : Time (s): cpu = 00:00:03 ; elapsed = 00:00:04 . Memory (MB): peak = 1403.000 ; gain = 450.344
---------------------------------------------------------------------------------
INFO: [Synth 8-6157] synthesizing module 'ticket_price_top' [C:/Users/Lenovo/Desktop/ticket_price/src/ticket_price_top.v:3]
INFO: [Synth 8-6157] synthesizing module 'key_filter' [C:/Users/Lenovo/Desktop/ticket_price/src/key_filter.v:4]
	Parameter DEBOUNCE_CYCLES bound to: 1000000 - type: integer 
INFO: [Synth 8-226] default block is never used [C:/Users/Lenovo/Desktop/ticket_price/src/key_filter.v:36]
INFO: [Synth 8-6155] done synthesizing module 'key_filter' (0#1) [C:/Users/Lenovo/Desktop/ticket_price/src/key_filter.v:4]
INFO: [Synth 8-6157] synthesizing module 'blink_controller' [C:/Users/Lenovo/Desktop/ticket_price/src/blink_controller.v:4]
	Parameter HALF_PERIOD_CYCLES bound to: 12500000 - type: integer 
INFO: [Synth 8-6155] done synthesizing module 'blink_controller' (0#1) [C:/Users/Lenovo/Desktop/ticket_price/src/blink_controller.v:4]
INFO: [Synth 8-6157] synthesizing module 'station_mapper' [C:/Users/Lenovo/Desktop/ticket_price/src/station_mapper.v:4]
INFO: [Synth 8-6155] done synthesizing module 'station_mapper' (0#1) [C:/Users/Lenovo/Desktop/ticket_price/src/station_mapper.v:4]
INFO: [Synth 8-6157] synthesizing module 'distance_lookup' [C:/Users/Lenovo/Desktop/ticket_price/src/distance_lookup.v:4]
	Parameter ROM_FILE bound to: distance_rom.mem - type: string 
INFO: [Synth 8-3876] $readmem data file 'distance_rom.mem' is read successfully [C:/Users/Lenovo/Desktop/ticket_price/src/distance_lookup.v:34]
INFO: [Synth 8-6157] synthesizing module 'triangle_base_rom' [C:/Users/Lenovo/Desktop/ticket_price/src/triangle_base_rom.v:4]
INFO: [Synth 8-6155] done synthesizing module 'triangle_base_rom' (0#1) [C:/Users/Lenovo/Desktop/ticket_price/src/triangle_base_rom.v:4]
INFO: [Synth 8-6155] done synthesizing module 'distance_lookup' (0#1) [C:/Users/Lenovo/Desktop/ticket_price/src/distance_lookup.v:4]
INFO: [Synth 8-6157] synthesizing module 'fare_calculator' [C:/Users/Lenovo/Desktop/ticket_price/src/fare_calculator.v:4]
INFO: [Synth 8-6155] done synthesizing module 'fare_calculator' (0#1) [C:/Users/Lenovo/Desktop/ticket_price/src/fare_calculator.v:4]
INFO: [Synth 8-6157] synthesizing module 'binary_to_bcd' [C:/Users/Lenovo/Desktop/ticket_price/src/binary_to_bcd.v:4]
INFO: [Synth 8-6155] done synthesizing module 'binary_to_bcd' (0#1) [C:/Users/Lenovo/Desktop/ticket_price/src/binary_to_bcd.v:4]
INFO: [Synth 8-6157] synthesizing module 'seven_seg_display' [C:/Users/Lenovo/Desktop/ticket_price/src/seven_seg_display.v:4]
	Parameter SCAN_DIV bound to: 50000 - type: integer 
INFO: [Synth 8-226] default block is never used [C:/Users/Lenovo/Desktop/ticket_price/src/seven_seg_display.v:31]
INFO: [Synth 8-6155] done synthesizing module 'seven_seg_display' (0#1) [C:/Users/Lenovo/Desktop/ticket_price/src/seven_seg_display.v:4]
INFO: [Synth 8-6155] done synthesizing module 'ticket_price_top' (0#1) [C:/Users/Lenovo/Desktop/ticket_price/src/ticket_price_top.v:3]
WARNING: [Synth 8-6014] Unused sequential element last_distance_m_reg was removed.  [C:/Users/Lenovo/Desktop/ticket_price/src/ticket_price_top.v:210]
WARNING: [Synth 8-6014] Unused sequential element ticket_pulse_reg was removed.  [C:/Users/Lenovo/Desktop/ticket_price/src/ticket_price_top.v:215]
WARNING: [Synth 8-6014] Unused sequential element refund_pulse_reg was removed.  [C:/Users/Lenovo/Desktop/ticket_price/src/ticket_price_top.v:216]
---------------------------------------------------------------------------------
Finished RTL Elaboration : Time (s): cpu = 00:00:04 ; elapsed = 00:00:05 . Memory (MB): peak = 1526.738 ; gain = 574.082
---------------------------------------------------------------------------------
---------------------------------------------------------------------------------
Start Handling Custom Attributes
---------------------------------------------------------------------------------
---------------------------------------------------------------------------------
Finished Handling Custom Attributes : Time (s): cpu = 00:00:04 ; elapsed = 00:00:05 . Memory (MB): peak = 1526.738 ; gain = 574.082
---------------------------------------------------------------------------------
---------------------------------------------------------------------------------
Finished RTL Optimization Phase 1 : Time (s): cpu = 00:00:04 ; elapsed = 00:00:05 . Memory (MB): peak = 1526.738 ; gain = 574.082
---------------------------------------------------------------------------------
Netlist sorting complete. Time (s): cpu = 00:00:00 ; elapsed = 00:00:00.017 . Memory (MB): peak = 1526.738 ; gain = 0.000
INFO: [Project 1-570] Preparing netlist for logic optimization

Processing XDC Constraints
Initializing timing engine
Parsing XDC File [C:/Users/Lenovo/Desktop/ticket_price/constr/ticket_price_top.xdc]
Finished Parsing XDC File [C:/Users/Lenovo/Desktop/ticket_price/constr/ticket_price_top.xdc]
INFO: [Project 1-236] Implementation specific constraints were found while reading constraint file [C:/Users/Lenovo/Desktop/ticket_price/constr/ticket_price_top.xdc]. These constraints will be ignored for synthesis but will be used in implementation. Impacted constraints are listed in the file [.Xil/ticket_price_top_propImpl.xdc].
Resolution: To avoid this warning, move constraints listed in [.Xil/ticket_price_top_propImpl.xdc] to another XDC file and exclude this new file from synthesis with the used_in_synthesis property (File Properties dialog in GUI) and re-run elaboration/synthesis.
Completed Processing XDC Constraints

Netlist sorting complete. Time (s): cpu = 00:00:00 ; elapsed = 00:00:00 . Memory (MB): peak = 1630.562 ; gain = 0.000
INFO: [Project 1-111] Unisim Transformation Summary:
No Unisim elements were transformed.

Constraint Validation Runtime : Time (s): cpu = 00:00:00 ; elapsed = 00:00:00.005 . Memory (MB): peak = 1630.562 ; gain = 0.000
INFO: [Designutils 20-5440] No compile time benefit to using incremental synthesis; A full resynthesis will be run
INFO: [Designutils 20-4379] Flow is switching to default flow due to incremental criteria not met. If you would like to alter this behaviour and have the flow terminate instead, please set the following parameter config_implementation {autoIncr.Synth.RejectBehavior Terminate}
---------------------------------------------------------------------------------
Finished Constraint Validation : Time (s): cpu = 00:00:10 ; elapsed = 00:00:11 . Memory (MB): peak = 1630.562 ; gain = 677.906
---------------------------------------------------------------------------------
---------------------------------------------------------------------------------
Start Loading Part and Timing Information
---------------------------------------------------------------------------------
Loading part: xc7a75tfgg484-2
---------------------------------------------------------------------------------
Finished Loading Part and Timing Information : Time (s): cpu = 00:00:10 ; elapsed = 00:00:11 . Memory (MB): peak = 1630.562 ; gain = 677.906
---------------------------------------------------------------------------------
---------------------------------------------------------------------------------
Start Applying 'set_property' XDC Constraints
---------------------------------------------------------------------------------
---------------------------------------------------------------------------------
Finished applying 'set_property' XDC Constraints : Time (s): cpu = 00:00:10 ; elapsed = 00:00:11 . Memory (MB): peak = 1630.562 ; gain = 677.906
---------------------------------------------------------------------------------
INFO: [Synth 8-802] inferred FSM for state register 'state_reg' in module 'key_filter'
---------------------------------------------------------------------------------------------------
                   State |                     New Encoding |                Previous Encoding 
---------------------------------------------------------------------------------------------------
                RELEASED |                               00 |                               00
            PRESS_VERIFY |                               01 |                               01
                 PRESSED |                               10 |                               10
          RELEASE_VERIFY |                               11 |                               11
---------------------------------------------------------------------------------------------------
INFO: [Synth 8-3354] encoded FSM with state register 'state_reg' using encoding 'sequential' in module 'key_filter'
---------------------------------------------------------------------------------
Finished RTL Optimization Phase 2 : Time (s): cpu = 00:00:10 ; elapsed = 00:00:12 . Memory (MB): peak = 1630.562 ; gain = 677.906
---------------------------------------------------------------------------------
---------------------------------------------------------------------------------
Start RTL Component Statistics 
---------------------------------------------------------------------------------
Detailed RTL Component Info : 
+---Adders : 
	   2 Input   26 Bit       Adders := 1     
	   2 Input   24 Bit       Adders := 1     
	   2 Input   20 Bit       Adders := 4     
	   2 Input   17 Bit       Adders := 1     
	   2 Input   16 Bit       Adders := 1     
	   2 Input   13 Bit       Adders := 1     
	   2 Input   10 Bit       Adders := 1     
	   3 Input   10 Bit       Adders := 1     
	   2 Input    9 Bit       Adders := 3     
	   2 Input    8 Bit       Adders := 1     
	   2 Input    6 Bit       Adders := 2     
	   2 Input    5 Bit       Adders := 2     
	   2 Input    4 Bit       Adders := 129   
	   2 Input    3 Bit       Adders := 1     
	   2 Input    2 Bit       Adders := 1     
+---Registers : 
	               32 Bit    Registers := 7     
	               17 Bit    Registers := 1     
	               13 Bit    Registers := 1     
	               10 Bit    Registers := 4     
	                7 Bit    Registers := 2     
	                6 Bit    Registers := 1     
	                5 Bit    Registers := 1     
	                4 Bit    Registers := 5     
	                3 Bit    Registers := 2     
	                2 Bit    Registers := 5     
	                1 Bit    Registers := 11    
+---ROMs : 
	                    ROMs := 1     
+---Muxes : 
	   2 Input   32 Bit        Muxes := 9     
	   4 Input   32 Bit        Muxes := 4     
	  16 Input   32 Bit        Muxes := 1     
	   2 Input   24 Bit        Muxes := 2     
	   2 Input   16 Bit        Muxes := 1     
	  16 Input   10 Bit        Muxes := 4     
	   8 Input    8 Bit        Muxes := 1     
	   2 Input    7 Bit        Muxes := 4     
	   2 Input    6 Bit        Muxes := 4     
	   5 Input    6 Bit        Muxes := 1     
	  16 Input    6 Bit        Muxes := 1     
	  16 Input    5 Bit        Muxes := 1     
	   2 Input    5 Bit        Muxes := 2     
	   5 Input    5 Bit        Muxes := 1     
	   2 Input    4 Bit        Muxes := 96    
	  16 Input    4 Bit        Muxes := 2     
	   3 Input    4 Bit        Muxes := 1     
	   4 Input    4 Bit        Muxes := 1     
	   2 Input    3 Bit        Muxes := 1     
	  16 Input    3 Bit        Muxes := 1     
	   4 Input    3 Bit        Muxes := 1     
	   4 Input    2 Bit        Muxes := 4     
	   2 Input    2 Bit        Muxes := 14    
	   2 Input    1 Bit        Muxes := 25    
	   4 Input    1 Bit        Muxes := 8     
	  33 Input    1 Bit        Muxes := 1     
	  31 Input    1 Bit        Muxes := 1     
	  30 Input    1 Bit        Muxes := 1     
	  19 Input    1 Bit        Muxes := 1     
	  16 Input    1 Bit        Muxes := 12    
---------------------------------------------------------------------------------
Finished RTL Component Statistics 
---------------------------------------------------------------------------------
---------------------------------------------------------------------------------
Start Part Resource Summary
---------------------------------------------------------------------------------
Part Resources:
DSPs: 180 (col length:80)
BRAMs: 210 (col length: RAMB18 80 RAMB36 40)
---------------------------------------------------------------------------------
Finished Part Resource Summary
---------------------------------------------------------------------------------
---------------------------------------------------------------------------------
Start Cross Boundary and Area Optimization
---------------------------------------------------------------------------------
WARNING: [Synth 8-7080] Parallel synthesis criteria is not met
---------------------------------------------------------------------------------
Finished Cross Boundary and Area Optimization : Time (s): cpu = 00:00:16 ; elapsed = 00:00:18 . Memory (MB): peak = 1630.562 ; gain = 677.906
---------------------------------------------------------------------------------
---------------------------------------------------------------------------------
Start ROM, RAM, DSP, Shift Register and Retiming Reporting
---------------------------------------------------------------------------------

ROM: Preliminary Mapping Report
+------------------+----------------------+---------------+----------------+
|Module Name       | RTL Object           | Depth x Width | Implemented As | 
+------------------+----------------------+---------------+----------------+
|station_mapper    | global_id            | 64x5          | LUT            | 
|triangle_base_rom | base                 | 128x13        | LUT            | 
|station_mapper    | global_id            | 32x6          | LUT            | 
|station_mapper    | global_id            | 32x7          | LUT            | 
|station_mapper    | global_id            | 32x7          | LUT            | 
|station_mapper    | global_id            | 64x5          | LUT            | 
|distance_lookup   | u_triangle_base/base | 128x13        | LUT            | 
|distance_lookup   | address_reg_reg      | 8192x17       | Block RAM      | 
+------------------+----------------------+---------------+----------------+

---------------------------------------------------------------------------------
Finished ROM, RAM, DSP, Shift Register and Retiming Reporting
---------------------------------------------------------------------------------
---------------------------------------------------------------------------------
Start Applying XDC Timing Constraints
---------------------------------------------------------------------------------
---------------------------------------------------------------------------------
Finished Applying XDC Timing Constraints : Time (s): cpu = 00:00:20 ; elapsed = 00:00:23 . Memory (MB): peak = 1630.562 ; gain = 677.906
---------------------------------------------------------------------------------
---------------------------------------------------------------------------------
Start Timing Optimization
---------------------------------------------------------------------------------
---------------------------------------------------------------------------------
Finished Timing Optimization : Time (s): cpu = 00:00:23 ; elapsed = 00:00:26 . Memory (MB): peak = 1630.562 ; gain = 677.906
---------------------------------------------------------------------------------
---------------------------------------------------------------------------------
Start Technology Mapping
---------------------------------------------------------------------------------
---------------------------------------------------------------------------------
Finished Technology Mapping : Time (s): cpu = 00:00:24 ; elapsed = 00:00:26 . Memory (MB): peak = 1630.562 ; gain = 677.906
---------------------------------------------------------------------------------
---------------------------------------------------------------------------------
Start IO Insertion
---------------------------------------------------------------------------------
---------------------------------------------------------------------------------
Start Flattening Before IO Insertion
---------------------------------------------------------------------------------
---------------------------------------------------------------------------------
Finished Flattening Before IO Insertion
---------------------------------------------------------------------------------
---------------------------------------------------------------------------------
Start Final Netlist Cleanup
---------------------------------------------------------------------------------
---------------------------------------------------------------------------------
Finished Final Netlist Cleanup
---------------------------------------------------------------------------------
---------------------------------------------------------------------------------
Finished IO Insertion : Time (s): cpu = 00:00:27 ; elapsed = 00:00:29 . Memory (MB): peak = 1630.562 ; gain = 677.906
---------------------------------------------------------------------------------
---------------------------------------------------------------------------------
Start Renaming Generated Instances
---------------------------------------------------------------------------------
---------------------------------------------------------------------------------
Finished Renaming Generated Instances : Time (s): cpu = 00:00:27 ; elapsed = 00:00:29 . Memory (MB): peak = 1630.562 ; gain = 677.906
---------------------------------------------------------------------------------
---------------------------------------------------------------------------------
Start Rebuilding User Hierarchy
---------------------------------------------------------------------------------
---------------------------------------------------------------------------------
Finished Rebuilding User Hierarchy : Time (s): cpu = 00:00:27 ; elapsed = 00:00:29 . Memory (MB): peak = 1630.562 ; gain = 677.906
---------------------------------------------------------------------------------
---------------------------------------------------------------------------------
Start Renaming Generated Ports
---------------------------------------------------------------------------------
---------------------------------------------------------------------------------
Finished Renaming Generated Ports : Time (s): cpu = 00:00:27 ; elapsed = 00:00:29 . Memory (MB): peak = 1630.562 ; gain = 677.906
---------------------------------------------------------------------------------
---------------------------------------------------------------------------------
Start Handling Custom Attributes
---------------------------------------------------------------------------------
---------------------------------------------------------------------------------
Finished Handling Custom Attributes : Time (s): cpu = 00:00:27 ; elapsed = 00:00:29 . Memory (MB): peak = 1630.562 ; gain = 677.906
---------------------------------------------------------------------------------
---------------------------------------------------------------------------------
Start Renaming Generated Nets
---------------------------------------------------------------------------------
---------------------------------------------------------------------------------
Finished Renaming Generated Nets : Time (s): cpu = 00:00:27 ; elapsed = 00:00:29 . Memory (MB): peak = 1630.562 ; gain = 677.906
---------------------------------------------------------------------------------
---------------------------------------------------------------------------------
Start Writing Synthesis Report
---------------------------------------------------------------------------------

Report BlackBoxes: 
+-+--------------+----------+
| |BlackBox name |Instances |
+-+--------------+----------+
+-+--------------+----------+

Report Cell Usage: 
+------+---------+------+
|      |Cell     |Count |
+------+---------+------+
|1     |BUFG     |     1|
|2     |CARRY4   |    64|
|3     |LUT1     |    10|
|4     |LUT2     |   126|
|5     |LUT3     |    61|
|6     |LUT4     |   142|
|7     |LUT5     |   178|
|8     |LUT6     |   277|
|9     |MUXF7    |     7|
|10    |RAMB18E1 |     1|
|11    |RAMB36E1 |     4|
|15    |FDCE     |   147|
|16    |FDPE     |     8|
|17    |FDRE     |   107|
|18    |FDSE     |     3|
|19    |IBUF     |     9|
|20    |OBUF     |    20|
+------+---------+------+
---------------------------------------------------------------------------------
Finished Writing Synthesis Report : Time (s): cpu = 00:00:27 ; elapsed = 00:00:29 . Memory (MB): peak = 1630.562 ; gain = 677.906
---------------------------------------------------------------------------------
Synthesis finished with 0 errors, 0 critical warnings and 1 warnings.
Synthesis Optimization Runtime : Time (s): cpu = 00:00:21 ; elapsed = 00:00:28 . Memory (MB): peak = 1630.562 ; gain = 574.082
Synthesis Optimization Complete : Time (s): cpu = 00:00:27 ; elapsed = 00:00:30 . Memory (MB): peak = 1630.562 ; gain = 677.906
INFO: [Project 1-571] Translating synthesized netlist
Netlist sorting complete. Time (s): cpu = 00:00:00 ; elapsed = 00:00:00.007 . Memory (MB): peak = 1634.828 ; gain = 0.000
INFO: [Netlist 29-17] Analyzing 76 Unisim elements for replacement
INFO: [Netlist 29-28] Unisim Transformation completed in 0 CPU seconds
INFO: [Project 1-570] Preparing netlist for logic optimization
INFO: [Opt 31-138] Pushed 0 inverter(s) to 0 load pin(s).
Netlist sorting complete. Time (s): cpu = 00:00:00 ; elapsed = 00:00:00 . Memory (MB): peak = 1638.559 ; gain = 0.000
INFO: [Project 1-111] Unisim Transformation Summary:
No Unisim elements were transformed.

Synth Design complete | Checksum: 64a1ad59
INFO: [Common 17-83] Releasing license: Synthesis
45 Infos, 4 Warnings, 0 Critical Warnings and 0 Errors encountered.
synth_design completed successfully
synth_design: Time (s): cpu = 00:00:31 ; elapsed = 00:00:35 . Memory (MB): peak = 1638.559 ; gain = 1102.324
Write ShapeDB Complete: Time (s): cpu = 00:00:00 ; elapsed = 00:00:00.002 . Memory (MB): peak = 1638.559 ; gain = 0.000
INFO: [Common 17-1381] The checkpoint 'C:/Users/Lenovo/Desktop/ticket_price/ticket_price.runs/synth_1/ticket_price_top.dcp' has been generated.
INFO: [Vivado 12-24828] Executing command : report_utilization -file ticket_price_top_utilization_synth.rpt -pb ticket_price_top_utilization_synth.pb
INFO: [Common 17-206] Exiting Vivado at Sat Aug 29 12:02:14 2026...
[Sat Aug 29 12:02:15 2026] synth_1 finished
wait_on_runs: Time (s): cpu = 00:00:00 ; elapsed = 00:00:50 . Memory (MB): peak = 536.754 ; gain = 0.000
# if {[get_property STATUS [get_runs synth_1]] ne "synth_design Complete!"} {
#     error "Synthesis failed: [get_property STATUS [get_runs synth_1]]"
# }
# launch_runs impl_1 -to_step write_bitstream -jobs 4
[Sat Aug 29 12:02:15 2026] Launched impl_1...
Run output will be captured here: C:/Users/Lenovo/Desktop/ticket_price/ticket_price.runs/impl_1/runme.log
# wait_on_run impl_1
[Sat Aug 29 12:02:15 2026] Waiting for impl_1 to finish...

*** Running vivado
    with args -log ticket_price_top.vdi -applog -m64 -product Vivado -messageDb vivado.pb -mode batch -source ticket_price_top.tcl -notrace



****** Vivado v2024.1 (64-bit)
  **** SW Build 5076996 on Wed May 22 18:37:14 MDT 2024
  **** IP Build 5075265 on Wed May 22 21:45:21 MDT 2024
  **** SharedData Build 5076995 on Wed May 22 18:29:18 MDT 2024
  **** Start of session at: Sat Aug 29 12:02:23 2026
    ** Copyright 1986-2022 Xilinx, Inc. All Rights Reserved.
    ** Copyright 2022-2024 Advanced Micro Devices, Inc. All Rights Reserved.

source ticket_price_top.tcl -notrace
create_project: Time (s): cpu = 00:00:06 ; elapsed = 00:00:08 . Memory (MB): peak = 530.848 ; gain = 199.148
Command: link_design -top ticket_price_top -part xc7a75tfgg484-2
Design is defaulting to srcset: sources_1
Design is defaulting to constrset: constrs_1
INFO: [Device 21-403] Loading part xc7a75tfgg484-2
INFO: [Device 21-9227] Part: xc7a75tfgg484-2 does not have CEAM library.
Netlist sorting complete. Time (s): cpu = 00:00:00 ; elapsed = 00:00:00.005 . Memory (MB): peak = 954.824 ; gain = 0.000
INFO: [Netlist 29-17] Analyzing 76 Unisim elements for replacement
INFO: [Netlist 29-28] Unisim Transformation completed in 0 CPU seconds
INFO: [Project 1-479] Netlist was created with Vivado 2024.1
INFO: [Project 1-570] Preparing netlist for logic optimization
Parsing XDC File [C:/Users/Lenovo/Desktop/ticket_price/constr/ticket_price_top.xdc]
Finished Parsing XDC File [C:/Users/Lenovo/Desktop/ticket_price/constr/ticket_price_top.xdc]
INFO: [Opt 31-138] Pushed 0 inverter(s) to 0 load pin(s).
Netlist sorting complete. Time (s): cpu = 00:00:00 ; elapsed = 00:00:00 . Memory (MB): peak = 1088.988 ; gain = 0.000
INFO: [Project 1-111] Unisim Transformation Summary:
No Unisim elements were transformed.

8 Infos, 0 Warnings, 0 Critical Warnings and 0 Errors encountered.
link_design completed successfully
link_design: Time (s): cpu = 00:00:04 ; elapsed = 00:00:05 . Memory (MB): peak = 1093.008 ; gain = 562.160
Command: opt_design
Attempting to get a license for feature 'Implementation' and/or device 'xc7a75t'
INFO: [Common 17-349] Got license for feature 'Implementation' and/or device 'xc7a75t'
Running DRC as a precondition to command opt_design

Starting DRC Task
INFO: [DRC 23-27] Running DRC with 2 threads
INFO: [Project 1-461] DRC finished with 0 Errors
INFO: [Project 1-462] Please refer to the DRC report (report_drc) for more information.

Time (s): cpu = 00:00:00 ; elapsed = 00:00:00.692 . Memory (MB): peak = 1115.734 ; gain = 22.727

Starting Cache Timing Information Task
INFO: [Timing 38-35] Done setting XDC timing constraints.
Ending Cache Timing Information Task | Checksum: 16565e9af

Time (s): cpu = 00:00:05 ; elapsed = 00:00:05 . Memory (MB): peak = 1647.613 ; gain = 531.879

Starting Logic Optimization Task

Phase 1 Initialization

Phase 1.1 Core Generation And Design Setup
Phase 1.1 Core Generation And Design Setup | Checksum: 16565e9af

Time (s): cpu = 00:00:00 ; elapsed = 00:00:00.001 . Memory (MB): peak = 2026.176 ; gain = 0.000

Phase 1.2 Setup Constraints And Sort Netlist
Phase 1.2 Setup Constraints And Sort Netlist | Checksum: 16565e9af

Time (s): cpu = 00:00:00 ; elapsed = 00:00:00.002 . Memory (MB): peak = 2026.176 ; gain = 0.000
Phase 1 Initialization | Checksum: 16565e9af

Time (s): cpu = 00:00:00 ; elapsed = 00:00:00.002 . Memory (MB): peak = 2026.176 ; gain = 0.000

Phase 2 Timer Update And Timing Data Collection

Phase 2.1 Timer Update
Phase 2.1 Timer Update | Checksum: 16565e9af

Time (s): cpu = 00:00:00 ; elapsed = 00:00:00.018 . Memory (MB): peak = 2026.176 ; gain = 0.000

Phase 2.2 Timing Data Collection
Phase 2.2 Timing Data Collection | Checksum: 16565e9af

Time (s): cpu = 00:00:00 ; elapsed = 00:00:00.023 . Memory (MB): peak = 2026.176 ; gain = 0.000
Phase 2 Timer Update And Timing Data Collection | Checksum: 16565e9af

Time (s): cpu = 00:00:00 ; elapsed = 00:00:00.023 . Memory (MB): peak = 2026.176 ; gain = 0.000

Phase 3 Retarget
INFO: [Opt 31-1834] Total Chains To Be Transformed Were: 0 AND Number of Transformed insts Created are: 0
INFO: [Opt 31-138] Pushed 0 inverter(s) to 0 load pin(s).
INFO: [Opt 31-49] Retargeted 0 cell(s).
Phase 3 Retarget | Checksum: 14f7bd788

Time (s): cpu = 00:00:00 ; elapsed = 00:00:00.034 . Memory (MB): peak = 2026.176 ; gain = 0.000
Retarget | Checksum: 14f7bd788
INFO: [Opt 31-389] Phase Retarget created 5 cells and removed 5 cells

Phase 4 Constant propagation
INFO: [Opt 31-138] Pushed 0 inverter(s) to 0 load pin(s).
Phase 4 Constant propagation | Checksum: 18bba8608

Time (s): cpu = 00:00:00 ; elapsed = 00:00:00.040 . Memory (MB): peak = 2026.176 ; gain = 0.000
Constant propagation | Checksum: 18bba8608
INFO: [Opt 31-389] Phase Constant propagation created 0 cells and removed 0 cells

Phase 5 Sweep
Phase 5 Sweep | Checksum: 175cac793

Time (s): cpu = 00:00:00 ; elapsed = 00:00:00.046 . Memory (MB): peak = 2026.176 ; gain = 0.000
Sweep | Checksum: 175cac793
INFO: [Opt 31-389] Phase Sweep created 0 cells and removed 0 cells

Phase 6 BUFG optimization
Phase 6 BUFG optimization | Checksum: 175cac793

Time (s): cpu = 00:00:00 ; elapsed = 00:00:00.071 . Memory (MB): peak = 2026.176 ; gain = 0.000
BUFG optimization | Checksum: 175cac793
INFO: [Opt 31-662] Phase BUFG optimization created 0 cells of which 0 are BUFGs and removed 0 cells.

Phase 7 Shift Register Optimization
INFO: [Opt 31-1064] SRL Remap converted 0 SRLs to 0 registers and converted 0 registers of register chains to 0 SRLs
Phase 7 Shift Register Optimization | Checksum: 175cac793

Time (s): cpu = 00:00:00 ; elapsed = 00:00:00.073 . Memory (MB): peak = 2026.176 ; gain = 0.000
Shift Register Optimization | Checksum: 175cac793
INFO: [Opt 31-389] Phase Shift Register Optimization created 0 cells and removed 0 cells

Phase 8 Post Processing Netlist
Phase 8 Post Processing Netlist | Checksum: 175cac793

Time (s): cpu = 00:00:00 ; elapsed = 00:00:00.075 . Memory (MB): peak = 2026.176 ; gain = 0.000
Post Processing Netlist | Checksum: 175cac793
INFO: [Opt 31-389] Phase Post Processing Netlist created 0 cells and removed 0 cells

Phase 9 Finalization

Phase 9.1 Finalizing Design Cores and Updating Shapes
Phase 9.1 Finalizing Design Cores and Updating Shapes | Checksum: 16737acff

Time (s): cpu = 00:00:00 ; elapsed = 00:00:00.090 . Memory (MB): peak = 2026.176 ; gain = 0.000

Phase 9.2 Verifying Netlist Connectivity

Starting Connectivity Check Task

Time (s): cpu = 00:00:00 ; elapsed = 00:00:00.002 . Memory (MB): peak = 2026.176 ; gain = 0.000
Phase 9.2 Verifying Netlist Connectivity | Checksum: 16737acff

Time (s): cpu = 00:00:00 ; elapsed = 00:00:00.092 . Memory (MB): peak = 2026.176 ; gain = 0.000
Phase 9 Finalization | Checksum: 16737acff

Time (s): cpu = 00:00:00 ; elapsed = 00:00:00.093 . Memory (MB): peak = 2026.176 ; gain = 0.000
Opt_design Change Summary
=========================


-------------------------------------------------------------------------------------------------------------------------
|  Phase                        |  #Cells created  |  #Cells Removed  |  #Constrained objects preventing optimizations  |
-------------------------------------------------------------------------------------------------------------------------
|  Retarget                     |               5  |               5  |                                              0  |
|  Constant propagation         |               0  |               0  |                                              0  |
|  Sweep                        |               0  |               0  |                                              0  |
|  BUFG optimization            |               0  |               0  |                                              0  |
|  Shift Register Optimization  |               0  |               0  |                                              0  |
|  Post Processing Netlist      |               0  |               0  |                                              0  |
-------------------------------------------------------------------------------------------------------------------------


Ending Logic Optimization Task | Checksum: 16737acff

Time (s): cpu = 00:00:00 ; elapsed = 00:00:00.094 . Memory (MB): peak = 2026.176 ; gain = 0.000

Starting Power Optimization Task
INFO: [Pwropt 34-132] Skipping clock gating for clocks with a period < 2.00 ns.
INFO: [Timing 38-35] Done setting XDC timing constraints.
Running Vector-less Activity Propagation...
INFO: [Pwropt 34-9] Applying IDT optimizations ...
INFO: [Pwropt 34-10] Applying ODC optimizations ...

Finished Running Vector-less Activity Propagation


Starting PowerOpt Patch Enables Task
INFO: [Pwropt 34-162] WRITE_MODE attribute of 0 BRAM(s) out of a total of 5 has been updated to save power. Run report_power_opt to get a complete listing of the BRAMs updated.
INFO: [Pwropt 34-201] Structural ODC has moved 0 WE to EN ports
Number of BRAM Ports augmented: 0 newly gated: 0 Total Ports: 10
Ending PowerOpt Patch Enables Task | Checksum: 16737acff

Time (s): cpu = 00:00:00 ; elapsed = 00:00:00.013 . Memory (MB): peak = 2105.340 ; gain = 0.000
Ending Power Optimization Task | Checksum: 16737acff

Time (s): cpu = 00:00:01 ; elapsed = 00:00:00.591 . Memory (MB): peak = 2105.340 ; gain = 79.164

Starting Final Cleanup Task
Ending Final Cleanup Task | Checksum: 16737acff

Time (s): cpu = 00:00:00 ; elapsed = 00:00:00 . Memory (MB): peak = 2105.340 ; gain = 0.000

Starting Netlist Obfuscation Task
Netlist sorting complete. Time (s): cpu = 00:00:00 ; elapsed = 00:00:00.001 . Memory (MB): peak = 2105.340 ; gain = 0.000
Ending Netlist Obfuscation Task | Checksum: 16737acff

Time (s): cpu = 00:00:00 ; elapsed = 00:00:00.001 . Memory (MB): peak = 2105.340 ; gain = 0.000
INFO: [Common 17-83] Releasing license: Implementation
31 Infos, 0 Warnings, 0 Critical Warnings and 0 Errors encountered.
opt_design completed successfully
opt_design: Time (s): cpu = 00:00:08 ; elapsed = 00:00:09 . Memory (MB): peak = 2105.340 ; gain = 1012.332
INFO: [Vivado 12-24828] Executing command : report_drc -file ticket_price_top_drc_opted.rpt -pb ticket_price_top_drc_opted.pb -rpx ticket_price_top_drc_opted.rpx
Command: report_drc -file ticket_price_top_drc_opted.rpt -pb ticket_price_top_drc_opted.pb -rpx ticket_price_top_drc_opted.rpx
INFO: [IP_Flow 19-234] Refreshing IP repositories
INFO: [IP_Flow 19-1704] No user IP repositories specified
INFO: [IP_Flow 19-2313] Loaded Vivado IP repository 'D:/Vivado/Vivado/2024.1/data/ip'.
INFO: [DRC 23-27] Running DRC with 2 threads
INFO: [Vivado_Tcl 2-168] The results of DRC are in file C:/Users/Lenovo/Desktop/ticket_price/ticket_price.runs/impl_1/ticket_price_top_drc_opted.rpt.
report_drc completed successfully
INFO: [Timing 38-480] Writing timing data to binary archive.
Write ShapeDB Complete: Time (s): cpu = 00:00:00 ; elapsed = 00:00:00.002 . Memory (MB): peak = 2105.340 ; gain = 0.000
Wrote PlaceDB: Time (s): cpu = 00:00:00 ; elapsed = 00:00:00.001 . Memory (MB): peak = 2105.340 ; gain = 0.000
Wrote PulsedLatchDB: Time (s): cpu = 00:00:00 ; elapsed = 00:00:00 . Memory (MB): peak = 2105.340 ; gain = 0.000
Writing XDEF routing.
Writing XDEF routing logical nets.
Writing XDEF routing special nets.
Wrote RouteStorage: Time (s): cpu = 00:00:00 ; elapsed = 00:00:00.032 . Memory (MB): peak = 2105.340 ; gain = 0.000
Wrote Netlist Cache: Time (s): cpu = 00:00:00 ; elapsed = 00:00:00.001 . Memory (MB): peak = 2105.340 ; gain = 0.000
Wrote Device Cache: Time (s): cpu = 00:00:00 ; elapsed = 00:00:00.005 . Memory (MB): peak = 2105.340 ; gain = 0.000
Write Physdb Complete: Time (s): cpu = 00:00:00 ; elapsed = 00:00:00.045 . Memory (MB): peak = 2105.340 ; gain = 0.000
INFO: [Common 17-1381] The checkpoint 'C:/Users/Lenovo/Desktop/ticket_price/ticket_price.runs/impl_1/ticket_price_top_opt.dcp' has been generated.
Command: place_design
Attempting to get a license for feature 'Implementation' and/or device 'xc7a75t'
INFO: [Common 17-349] Got license for feature 'Implementation' and/or device 'xc7a75t'
INFO: [Common 17-83] Releasing license: Implementation
INFO: [DRC 23-27] Running DRC with 2 threads
INFO: [Vivado_Tcl 4-198] DRC finished with 0 Errors
INFO: [Vivado_Tcl 4-199] Please refer to the DRC report (report_drc) for more information.
Running DRC as a precondition to command place_design
INFO: [DRC 23-27] Running DRC with 2 threads
INFO: [Vivado_Tcl 4-198] DRC finished with 0 Errors
INFO: [Vivado_Tcl 4-199] Please refer to the DRC report (report_drc) for more information.
INFO: [Place 30-611] Multithreading enabled for place_design using a maximum of 2 CPUs

Starting Placer Task

Phase 1 Placer Initialization

Phase 1.1 Placer Initialization Netlist Sorting
Netlist sorting complete. Time (s): cpu = 00:00:00 ; elapsed = 00:00:00.001 . Memory (MB): peak = 2105.340 ; gain = 0.000
Phase 1.1 Placer Initialization Netlist Sorting | Checksum: 1235eeaaf

Time (s): cpu = 00:00:00 ; elapsed = 00:00:00.001 . Memory (MB): peak = 2105.340 ; gain = 0.000
Netlist sorting complete. Time (s): cpu = 00:00:00 ; elapsed = 00:00:00.001 . Memory (MB): peak = 2105.340 ; gain = 0.000

Phase 1.2 IO Placement/ Clock Placement/ Build Placer Device
INFO: [Timing 38-35] Done setting XDC timing constraints.
Phase 1.2 IO Placement/ Clock Placement/ Build Placer Device | Checksum: 127de2efc

Time (s): cpu = 00:00:00 ; elapsed = 00:00:00.173 . Memory (MB): peak = 2105.340 ; gain = 0.000

Phase 1.3 Build Placer Netlist Model
Phase 1.3 Build Placer Netlist Model | Checksum: 1478ea5f6

Time (s): cpu = 00:00:00 ; elapsed = 00:00:00.313 . Memory (MB): peak = 2105.340 ; gain = 0.000

Phase 1.4 Constrain Clocks/Macros
Phase 1.4 Constrain Clocks/Macros | Checksum: 1478ea5f6

Time (s): cpu = 00:00:00 ; elapsed = 00:00:00.316 . Memory (MB): peak = 2105.340 ; gain = 0.000
Phase 1 Placer Initialization | Checksum: 1478ea5f6

Time (s): cpu = 00:00:00 ; elapsed = 00:00:00.319 . Memory (MB): peak = 2105.340 ; gain = 0.000

Phase 2 Global Placement

Phase 2.1 Floorplanning
Phase 2.1 Floorplanning | Checksum: 1e0f2125e

Time (s): cpu = 00:00:00 ; elapsed = 00:00:00.374 . Memory (MB): peak = 2105.340 ; gain = 0.000

Phase 2.2 Update Timing before SLR Path Opt
Phase 2.2 Update Timing before SLR Path Opt | Checksum: 19c470e28

Time (s): cpu = 00:00:00 ; elapsed = 00:00:00.419 . Memory (MB): peak = 2105.340 ; gain = 0.000

Phase 2.3 Post-Processing in Floorplanning
Phase 2.3 Post-Processing in Floorplanning | Checksum: 19c470e28

Time (s): cpu = 00:00:00 ; elapsed = 00:00:00.420 . Memory (MB): peak = 2105.340 ; gain = 0.000

Phase 2.4 Global Placement Core

Phase 2.4.1 UpdateTiming Before Physical Synthesis
Phase 2.4.1 UpdateTiming Before Physical Synthesis | Checksum: 1f32abf47

Time (s): cpu = 00:00:02 ; elapsed = 00:00:01 . Memory (MB): peak = 2105.340 ; gain = 0.000

Phase 2.4.2 Physical Synthesis In Placer
INFO: [Physopt 32-1035] Found 0 LUTNM shape to break, 40 LUT instances to create LUTNM shape
INFO: [Physopt 32-1044] Break lutnm for timing: one critical 0, two critical 0, total 0, new lutff created 0
INFO: [Physopt 32-1138] End 1 Pass. Optimized 15 nets or LUTs. Breaked 0 LUT, combined 15 existing LUTs and moved 0 existing LUT
INFO: [Physopt 32-65] No nets found for high-fanout optimization.
INFO: [Physopt 32-232] Optimized 0 net. Created 0 new instance.
INFO: [Physopt 32-775] End 1 Pass. Optimized 0 net or cell. Created 0 new cell, deleted 0 existing cell and moved 0 existing cell
INFO: [Physopt 32-670] No setup violation found.  DSP Register Optimization was not performed.
INFO: [Physopt 32-670] No setup violation found.  Shift Register to Pipeline Optimization was not performed.
INFO: [Physopt 32-670] No setup violation found.  Shift Register Optimization was not performed.
INFO: [Physopt 32-670] No setup violation found.  BRAM Register Optimization was not performed.
INFO: [Physopt 32-670] No setup violation found.  URAM Register Optimization was not performed.
INFO: [Physopt 32-949] No candidate nets found for dynamic/static region interface net replication
INFO: [Physopt 32-775] End 1 Pass. Optimized 0 net or cell. Created 0 new cell, deleted 0 existing cell and moved 0 existing cell
Netlist sorting complete. Time (s): cpu = 00:00:00 ; elapsed = 00:00:00 . Memory (MB): peak = 2105.340 ; gain = 0.000

Summary of Physical Synthesis Optimizations
============================================


-----------------------------------------------------------------------------------------------------------------------------------------------------------
|  Optimization                                     |  Added Cells  |  Removed Cells  |  Optimized Cells/Nets  |  Dont Touch  |  Iterations  |  Elapsed   |
-----------------------------------------------------------------------------------------------------------------------------------------------------------
|  LUT Combining                                    |            0  |             15  |                    15  |           0  |           1  |  00:00:00  |
|  Retime                                           |            0  |              0  |                     0  |           0  |           1  |  00:00:00  |
|  Very High Fanout                                 |            0  |              0  |                     0  |           0  |           1  |  00:00:00  |
|  DSP Register                                     |            0  |              0  |                     0  |           0  |           0  |  00:00:00  |
|  Shift Register to Pipeline                       |            0  |              0  |                     0  |           0  |           0  |  00:00:00  |
|  Shift Register                                   |            0  |              0  |                     0  |           0  |           0  |  00:00:00  |
|  BRAM Register                                    |            0  |              0  |                     0  |           0  |           0  |  00:00:00  |
|  URAM Register                                    |            0  |              0  |                     0  |           0  |           0  |  00:00:00  |
|  Dynamic/Static Region Interface Net Replication  |            0  |              0  |                     0  |           0  |           1  |  00:00:00  |
|  Total                                            |            0  |             15  |                    15  |           0  |           4  |  00:00:00  |
-----------------------------------------------------------------------------------------------------------------------------------------------------------


Phase 2.4.2 Physical Synthesis In Placer | Checksum: 1151ad484

Time (s): cpu = 00:00:02 ; elapsed = 00:00:01 . Memory (MB): peak = 2105.340 ; gain = 0.000
Phase 2.4 Global Placement Core | Checksum: 17aec8ebc

Time (s): cpu = 00:00:02 ; elapsed = 00:00:01 . Memory (MB): peak = 2105.340 ; gain = 0.000
Phase 2 Global Placement | Checksum: 17aec8ebc

Time (s): cpu = 00:00:02 ; elapsed = 00:00:01 . Memory (MB): peak = 2105.340 ; gain = 0.000

Phase 3 Detail Placement

Phase 3.1 Commit Multi Column Macros
Phase 3.1 Commit Multi Column Macros | Checksum: 1a5e74376

Time (s): cpu = 00:00:02 ; elapsed = 00:00:02 . Memory (MB): peak = 2105.340 ; gain = 0.000

Phase 3.2 Commit Most Macros & LUTRAMs
Phase 3.2 Commit Most Macros & LUTRAMs | Checksum: 9ede3060

Time (s): cpu = 00:00:02 ; elapsed = 00:00:02 . Memory (MB): peak = 2105.340 ; gain = 0.000

Phase 3.3 Area Swap Optimization
Phase 3.3 Area Swap Optimization | Checksum: aa2f7c80

Time (s): cpu = 00:00:02 ; elapsed = 00:00:02 . Memory (MB): peak = 2105.340 ; gain = 0.000

Phase 3.4 Pipeline Register Optimization
Phase 3.4 Pipeline Register Optimization | Checksum: 130e1c66a

Time (s): cpu = 00:00:02 ; elapsed = 00:00:02 . Memory (MB): peak = 2105.340 ; gain = 0.000

Phase 3.5 Small Shape Detail Placement
Phase 3.5 Small Shape Detail Placement | Checksum: 10a7081ba

Time (s): cpu = 00:00:02 ; elapsed = 00:00:02 . Memory (MB): peak = 2105.340 ; gain = 0.000

Phase 3.6 Re-assign LUT pins
Phase 3.6 Re-assign LUT pins | Checksum: 15d4447e7

Time (s): cpu = 00:00:02 ; elapsed = 00:00:02 . Memory (MB): peak = 2105.340 ; gain = 0.000

Phase 3.7 Pipeline Register Optimization
Phase 3.7 Pipeline Register Optimization | Checksum: 1db5615cd

Time (s): cpu = 00:00:02 ; elapsed = 00:00:02 . Memory (MB): peak = 2105.340 ; gain = 0.000
Phase 3 Detail Placement | Checksum: 1db5615cd

Time (s): cpu = 00:00:02 ; elapsed = 00:00:02 . Memory (MB): peak = 2105.340 ; gain = 0.000

Phase 4 Post Placement Optimization and Clean-Up

Phase 4.1 Post Commit Optimization
INFO: [Timing 38-35] Done setting XDC timing constraints.

Phase 4.1.1 Post Placement Optimization
Post Placement Optimization Initialization | Checksum: 2417a4fa2

Phase 4.1.1.1 BUFG Insertion

Starting Physical Synthesis Task

Phase 1 Physical Synthesis Initialization
INFO: [Physopt 32-721] Multithreading enabled for phys_opt_design using a maximum of 2 CPUs
INFO: [Physopt 32-619] Estimated Timing Summary | WNS=11.373 | TNS=0.000 |
Phase 1 Physical Synthesis Initialization | Checksum: 15b8e6ef9

Time (s): cpu = 00:00:00 ; elapsed = 00:00:00.028 . Memory (MB): peak = 2105.340 ; gain = 0.000
INFO: [Place 46-56] BUFG insertion identified 0 candidate nets. Inserted BUFG: 0, Replicated BUFG Driver: 0, Skipped due to Placement/Routing Conflicts: 0, Skipped due to Timing Degradation: 0, Skipped due to netlist editing failed: 0.
Ending Physical Synthesis Task | Checksum: 256fdf40e

Time (s): cpu = 00:00:00 ; elapsed = 00:00:00.033 . Memory (MB): peak = 2105.340 ; gain = 0.000
Phase 4.1.1.1 BUFG Insertion | Checksum: 2417a4fa2

Time (s): cpu = 00:00:02 ; elapsed = 00:00:02 . Memory (MB): peak = 2105.340 ; gain = 0.000

Phase 4.1.1.2 Post Placement Timing Optimization
INFO: [Place 30-746] Post Placement Timing Summary WNS=11.373. For the most accurate timing information please run report_timing.
Phase 4.1.1.2 Post Placement Timing Optimization | Checksum: 27f408eba

Time (s): cpu = 00:00:02 ; elapsed = 00:00:02 . Memory (MB): peak = 2105.340 ; gain = 0.000

Time (s): cpu = 00:00:02 ; elapsed = 00:00:02 . Memory (MB): peak = 2105.340 ; gain = 0.000
Phase 4.1 Post Commit Optimization | Checksum: 27f408eba

Time (s): cpu = 00:00:02 ; elapsed = 00:00:02 . Memory (MB): peak = 2105.340 ; gain = 0.000

Phase 4.2 Post Placement Cleanup
Phase 4.2 Post Placement Cleanup | Checksum: 27f408eba

Time (s): cpu = 00:00:02 ; elapsed = 00:00:02 . Memory (MB): peak = 2105.340 ; gain = 0.000

Phase 4.3 Placer Reporting

Phase 4.3.1 Print Estimated Congestion
INFO: [Place 30-612] Post-Placement Estimated Congestion 
 ____________________________________________________
|           | Global Congestion | Short Congestion  |
| Direction | Region Size       | Region Size       |
|___________|___________________|___________________|
|      North|                1x1|                1x1|
|___________|___________________|___________________|
|      South|                1x1|                1x1|
|___________|___________________|___________________|
|       East|                1x1|                1x1|
|___________|___________________|___________________|
|       West|                1x1|                1x1|
|___________|___________________|___________________|

Phase 4.3.1 Print Estimated Congestion | Checksum: 27f408eba

Time (s): cpu = 00:00:02 ; elapsed = 00:00:02 . Memory (MB): peak = 2105.340 ; gain = 0.000
Phase 4.3 Placer Reporting | Checksum: 27f408eba

Time (s): cpu = 00:00:02 ; elapsed = 00:00:02 . Memory (MB): peak = 2105.340 ; gain = 0.000

Phase 4.4 Final Placement Cleanup
Netlist sorting complete. Time (s): cpu = 00:00:00 ; elapsed = 00:00:00 . Memory (MB): peak = 2105.340 ; gain = 0.000

Time (s): cpu = 00:00:02 ; elapsed = 00:00:02 . Memory (MB): peak = 2105.340 ; gain = 0.000
Phase 4 Post Placement Optimization and Clean-Up | Checksum: 1fe281631

Time (s): cpu = 00:00:02 ; elapsed = 00:00:02 . Memory (MB): peak = 2105.340 ; gain = 0.000
Ending Placer Task | Checksum: 1920cb935

Time (s): cpu = 00:00:02 ; elapsed = 00:00:02 . Memory (MB): peak = 2105.340 ; gain = 0.000
68 Infos, 0 Warnings, 0 Critical Warnings and 0 Errors encountered.
place_design completed successfully
INFO: [Vivado 12-24838] Running report commands "report_control_sets, report_io, report_utilization" in parallel.
Running report generation with 2 threads.
INFO: [Vivado 12-24828] Executing command : report_utilization -file ticket_price_top_utilization_placed.rpt -pb ticket_price_top_utilization_placed.pb
INFO: [Vivado 12-24828] Executing command : report_control_sets -verbose -file ticket_price_top_control_sets_placed.rpt
report_control_sets: Time (s): cpu = 00:00:00 ; elapsed = 00:00:00.003 . Memory (MB): peak = 2105.340 ; gain = 0.000
INFO: [Vivado 12-24828] Executing command : report_io -file ticket_price_top_io_placed.rpt
report_io: Time (s): cpu = 00:00:00 ; elapsed = 00:00:00.055 . Memory (MB): peak = 2105.340 ; gain = 0.000
Write ShapeDB Complete: Time (s): cpu = 00:00:00 ; elapsed = 00:00:00.004 . Memory (MB): peak = 2105.340 ; gain = 0.000
INFO: [Timing 38-480] Writing timing data to binary archive.
Wrote PlaceDB: Time (s): cpu = 00:00:00 ; elapsed = 00:00:00.057 . Memory (MB): peak = 2105.340 ; gain = 0.000
Wrote PulsedLatchDB: Time (s): cpu = 00:00:00 ; elapsed = 00:00:00 . Memory (MB): peak = 2105.340 ; gain = 0.000
Writing XDEF routing.
Writing XDEF routing logical nets.
Writing XDEF routing special nets.
Wrote RouteStorage: Time (s): cpu = 00:00:00 ; elapsed = 00:00:00.013 . Memory (MB): peak = 2105.340 ; gain = 0.000
Wrote Netlist Cache: Time (s): cpu = 00:00:00 ; elapsed = 00:00:00.001 . Memory (MB): peak = 2105.340 ; gain = 0.000
Wrote Device Cache: Time (s): cpu = 00:00:00 ; elapsed = 00:00:00.005 . Memory (MB): peak = 2105.340 ; gain = 0.000
Write Physdb Complete: Time (s): cpu = 00:00:00 ; elapsed = 00:00:00.083 . Memory (MB): peak = 2105.340 ; gain = 0.000
INFO: [Common 17-1381] The checkpoint 'C:/Users/Lenovo/Desktop/ticket_price/ticket_price.runs/impl_1/ticket_price_top_placed.dcp' has been generated.
Command: phys_opt_design
Attempting to get a license for feature 'Implementation' and/or device 'xc7a75t'
INFO: [Common 17-349] Got license for feature 'Implementation' and/or device 'xc7a75t'

Starting Initial Update Timing Task

Time (s): cpu = 00:00:00 ; elapsed = 00:00:00.079 . Memory (MB): peak = 2105.340 ; gain = 0.000
INFO: [Vivado_Tcl 4-2279] Estimated Timing Summary | WNS= 11.373 | TNS= 0.000 | 
INFO: [Vivado_Tcl 4-383] Design worst setup slack (WNS) is greater than or equal to 0.000 ns. All physical synthesis setup optimizations will be skipped.
INFO: [Vivado_Tcl 4-232] No setup violation found. The netlist was not modified.
INFO: [Common 17-83] Releasing license: Implementation
79 Infos, 0 Warnings, 0 Critical Warnings and 0 Errors encountered.
phys_opt_design completed successfully
Write ShapeDB Complete: Time (s): cpu = 00:00:00 ; elapsed = 00:00:00.004 . Memory (MB): peak = 2105.340 ; gain = 0.000
INFO: [Timing 38-480] Writing timing data to binary archive.
Wrote PlaceDB: Time (s): cpu = 00:00:00 ; elapsed = 00:00:00.061 . Memory (MB): peak = 2105.340 ; gain = 0.000
Wrote PulsedLatchDB: Time (s): cpu = 00:00:00 ; elapsed = 00:00:00 . Memory (MB): peak = 2105.340 ; gain = 0.000
Writing XDEF routing.
Writing XDEF routing logical nets.
Writing XDEF routing special nets.
Wrote RouteStorage: Time (s): cpu = 00:00:00 ; elapsed = 00:00:00.013 . Memory (MB): peak = 2105.340 ; gain = 0.000
Wrote Netlist Cache: Time (s): cpu = 00:00:00 ; elapsed = 00:00:00.001 . Memory (MB): peak = 2105.340 ; gain = 0.000
Wrote Device Cache: Time (s): cpu = 00:00:00 ; elapsed = 00:00:00.005 . Memory (MB): peak = 2105.340 ; gain = 0.000
Write Physdb Complete: Time (s): cpu = 00:00:00 ; elapsed = 00:00:00.088 . Memory (MB): peak = 2105.340 ; gain = 0.000
INFO: [Common 17-1381] The checkpoint 'C:/Users/Lenovo/Desktop/ticket_price/ticket_price.runs/impl_1/ticket_price_top_physopt.dcp' has been generated.
Command: route_design
Attempting to get a license for feature 'Implementation' and/or device 'xc7a75t'
INFO: [Common 17-349] Got license for feature 'Implementation' and/or device 'xc7a75t'
Running DRC as a precondition to command route_design
INFO: [DRC 23-27] Running DRC with 2 threads
INFO: [Vivado_Tcl 4-198] DRC finished with 0 Errors
INFO: [Vivado_Tcl 4-199] Please refer to the DRC report (report_drc) for more information.


Starting Routing Task
INFO: [Route 35-254] Multithreading enabled for route_design using a maximum of 8 CPUs

Phase 1 Build RT Design
Checksum: PlaceDB: fec769c5 ConstDB: 0 ShapeSum: 6848163c RouteDB: 2afd3934
Post Restoration Checksum: NetGraph: 305f9426 | NumContArr: b602cdcf | Constraints: c2a8fa9d | Timing: c2a8fa9d
Phase 1 Build RT Design | Checksum: 26bb4572f

Time (s): cpu = 00:00:35 ; elapsed = 00:00:38 . Memory (MB): peak = 2204.836 ; gain = 99.496

Phase 2 Router Initialization

Phase 2.1 Fix Topology Constraints
Phase 2.1 Fix Topology Constraints | Checksum: 26bb4572f

Time (s): cpu = 00:00:35 ; elapsed = 00:00:38 . Memory (MB): peak = 2204.836 ; gain = 99.496

Phase 2.2 Pre Route Cleanup
Phase 2.2 Pre Route Cleanup | Checksum: 26bb4572f

Time (s): cpu = 00:00:35 ; elapsed = 00:00:38 . Memory (MB): peak = 2204.836 ; gain = 99.496
 Number of Nodes with overlaps = 0

Phase 2.3 Update Timing
Phase 2.3 Update Timing | Checksum: 2829e931d

Time (s): cpu = 00:00:37 ; elapsed = 00:00:39 . Memory (MB): peak = 2281.027 ; gain = 175.688
INFO: [Route 35-416] Intermediate Timing Summary | WNS=11.459 | TNS=0.000  | WHS=-0.164 | THS=-11.783|


Router Utilization Summary
  Global Vertical Routing Utilization    = 0 %
  Global Horizontal Routing Utilization  = 0 %
  Routable Net Status*
  *Does not include unroutable nets such as driverless and loadless.
  Run report_route_status for detailed report.
  Number of Failed Nets               = 1006
    (Failed Nets is the sum of unrouted and partially routed nets)
  Number of Unrouted Nets             = 1006
  Number of Partially Routed Nets     = 0
  Number of Node Overlaps             = 0

Phase 2 Router Initialization | Checksum: 2a741050d

Time (s): cpu = 00:00:38 ; elapsed = 00:00:40 . Memory (MB): peak = 2289.324 ; gain = 183.984

Phase 3 Global Routing
Phase 3 Global Routing | Checksum: 2a741050d

Time (s): cpu = 00:00:38 ; elapsed = 00:00:40 . Memory (MB): peak = 2289.324 ; gain = 183.984

Phase 4 Initial Routing

Phase 4.1 Initial Net Routing Pass
Phase 4.1 Initial Net Routing Pass | Checksum: 2275334f8

Time (s): cpu = 00:00:38 ; elapsed = 00:00:40 . Memory (MB): peak = 2289.324 ; gain = 183.984
Phase 4 Initial Routing | Checksum: 2275334f8

Time (s): cpu = 00:00:38 ; elapsed = 00:00:40 . Memory (MB): peak = 2289.324 ; gain = 183.984

Phase 5 Rip-up And Reroute

Phase 5.1 Global Iteration 0
 Number of Nodes with overlaps = 70
 Number of Nodes with overlaps = 0
INFO: [Route 35-416] Intermediate Timing Summary | WNS=10.871 | TNS=0.000  | WHS=N/A    | THS=N/A    |

Phase 5.1 Global Iteration 0 | Checksum: 2f32859ee

Time (s): cpu = 00:00:39 ; elapsed = 00:00:40 . Memory (MB): peak = 2289.324 ; gain = 183.984
Phase 5 Rip-up And Reroute | Checksum: 2f32859ee

Time (s): cpu = 00:00:39 ; elapsed = 00:00:40 . Memory (MB): peak = 2289.324 ; gain = 183.984

Phase 6 Delay and Skew Optimization

Phase 6.1 Delay CleanUp
Phase 6.1 Delay CleanUp | Checksum: 2f32859ee

Time (s): cpu = 00:00:39 ; elapsed = 00:00:40 . Memory (MB): peak = 2289.324 ; gain = 183.984

Phase 6.2 Clock Skew Optimization
Phase 6.2 Clock Skew Optimization | Checksum: 2f32859ee

Time (s): cpu = 00:00:39 ; elapsed = 00:00:40 . Memory (MB): peak = 2289.324 ; gain = 183.984
Phase 6 Delay and Skew Optimization | Checksum: 2f32859ee

Time (s): cpu = 00:00:39 ; elapsed = 00:00:40 . Memory (MB): peak = 2289.324 ; gain = 183.984

Phase 7 Post Hold Fix

Phase 7.1 Hold Fix Iter
INFO: [Route 35-416] Intermediate Timing Summary | WNS=10.945 | TNS=0.000  | WHS=0.101  | THS=0.000  |

Phase 7.1 Hold Fix Iter | Checksum: 2f80b86fc

Time (s): cpu = 00:00:40 ; elapsed = 00:00:41 . Memory (MB): peak = 2289.324 ; gain = 183.984
Phase 7 Post Hold Fix | Checksum: 2f80b86fc

Time (s): cpu = 00:00:40 ; elapsed = 00:00:41 . Memory (MB): peak = 2289.324 ; gain = 183.984

Phase 8 Route finalize

Router Utilization Summary
  Global Vertical Routing Utilization    = 0.128694 %
  Global Horizontal Routing Utilization  = 0.118429 %
  Routable Net Status*
  *Does not include unroutable nets such as driverless and loadless.
  Run report_route_status for detailed report.
  Number of Failed Nets               = 0
    (Failed Nets is the sum of unrouted and partially routed nets)
  Number of Unrouted Nets             = 0
  Number of Partially Routed Nets     = 0
  Number of Node Overlaps             = 0

Phase 8 Route finalize | Checksum: 2f80b86fc

Time (s): cpu = 00:00:40 ; elapsed = 00:00:41 . Memory (MB): peak = 2289.324 ; gain = 183.984

Phase 9 Verifying routed nets

 Verification completed successfully
Phase 9 Verifying routed nets | Checksum: 2f80b86fc

Time (s): cpu = 00:00:40 ; elapsed = 00:00:41 . Memory (MB): peak = 2289.324 ; gain = 183.984

Phase 10 Depositing Routes
Phase 10 Depositing Routes | Checksum: 2bd32a67b

Time (s): cpu = 00:00:40 ; elapsed = 00:00:41 . Memory (MB): peak = 2289.324 ; gain = 183.984

Phase 11 Post Process Routing
Phase 11 Post Process Routing | Checksum: 2bd32a67b

Time (s): cpu = 00:00:40 ; elapsed = 00:00:41 . Memory (MB): peak = 2289.324 ; gain = 183.984

Phase 12 Post Router Timing
INFO: [Route 35-57] Estimated Timing Summary | WNS=10.945 | TNS=0.000  | WHS=0.101  | THS=0.000  |

INFO: [Route 35-327] The final timing numbers are based on the router estimated timing analysis. For a complete and accurate timing signoff, please run report_timing_summary.
Phase 12 Post Router Timing | Checksum: 2bd32a67b

Time (s): cpu = 00:00:40 ; elapsed = 00:00:41 . Memory (MB): peak = 2289.324 ; gain = 183.984
Total Elapsed time in route_design: 40.752 secs

Phase 13 Post-Route Event Processing
Phase 13 Post-Route Event Processing | Checksum: 11ffe6abe

Time (s): cpu = 00:00:40 ; elapsed = 00:00:41 . Memory (MB): peak = 2289.324 ; gain = 183.984
INFO: [Route 35-16] Router Completed Successfully
Ending Routing Task | Checksum: 11ffe6abe

Time (s): cpu = 00:00:40 ; elapsed = 00:00:41 . Memory (MB): peak = 2289.324 ; gain = 183.984

Routing Is Done.
INFO: [Common 17-83] Releasing license: Implementation
93 Infos, 0 Warnings, 0 Critical Warnings and 0 Errors encountered.
route_design completed successfully
route_design: Time (s): cpu = 00:00:41 ; elapsed = 00:00:41 . Memory (MB): peak = 2289.324 ; gain = 183.984
INFO: [Vivado 12-24828] Executing command : report_drc -file ticket_price_top_drc_routed.rpt -pb ticket_price_top_drc_routed.pb -rpx ticket_price_top_drc_routed.rpx
Command: report_drc -file ticket_price_top_drc_routed.rpt -pb ticket_price_top_drc_routed.pb -rpx ticket_price_top_drc_routed.rpx
INFO: [IP_Flow 19-1839] IP Catalog is up to date.
INFO: [DRC 23-27] Running DRC with 2 threads
INFO: [Vivado_Tcl 2-168] The results of DRC are in file C:/Users/Lenovo/Desktop/ticket_price/ticket_price.runs/impl_1/ticket_price_top_drc_routed.rpt.
report_drc completed successfully
INFO: [Vivado 12-24828] Executing command : report_methodology -file ticket_price_top_methodology_drc_routed.rpt -pb ticket_price_top_methodology_drc_routed.pb -rpx ticket_price_top_methodology_drc_routed.rpx
Command: report_methodology -file ticket_price_top_methodology_drc_routed.rpt -pb ticket_price_top_methodology_drc_routed.pb -rpx ticket_price_top_methodology_drc_routed.rpx
INFO: [Timing 38-35] Done setting XDC timing constraints.
INFO: [DRC 23-133] Running Methodology with 2 threads
INFO: [Vivado_Tcl 2-1520] The results of Report Methodology are in file C:/Users/Lenovo/Desktop/ticket_price/ticket_price.runs/impl_1/ticket_price_top_methodology_drc_routed.rpt.
report_methodology completed successfully
INFO: [Vivado 12-24828] Executing command : report_timing_summary -max_paths 10 -report_unconstrained -file ticket_price_top_timing_summary_routed.rpt -pb ticket_price_top_timing_summary_routed.pb -rpx ticket_price_top_timing_summary_routed.rpx -warn_on_violation 
INFO: [Timing 38-35] Done setting XDC timing constraints.
INFO: [Timing 38-91] UpdateTimingParams: Speed grade: -2, Delay Type: min_max.
INFO: [Timing 38-191] Multithreading enabled for timing update using a maximum of 2 CPUs
INFO: [Vivado 12-24838] Running report commands "report_incremental_reuse, report_route_status" in parallel.
Running report generation with 2 threads.
INFO: [Vivado 12-24828] Executing command : report_route_status -file ticket_price_top_route_status.rpt -pb ticket_price_top_route_status.pb
INFO: [Vivado 12-24828] Executing command : report_incremental_reuse -file ticket_price_top_incremental_reuse_routed.rpt
INFO: [Vivado_Tcl 4-1062] Incremental flow is disabled. No incremental reuse Info to report.
INFO: [Vivado 12-24828] Executing command : report_power -file ticket_price_top_power_routed.rpt -pb ticket_price_top_power_summary_routed.pb -rpx ticket_price_top_power_routed.rpx
Command: report_power -file ticket_price_top_power_routed.rpt -pb ticket_price_top_power_summary_routed.pb -rpx ticket_price_top_power_routed.rpx
Running Vector-less Activity Propagation...

Finished Running Vector-less Activity Propagation
110 Infos, 0 Warnings, 0 Critical Warnings and 0 Errors encountered.
report_power completed successfully
INFO: [Vivado 12-24828] Executing command : report_clock_utilization -file ticket_price_top_clock_utilization_routed.rpt
WARNING: [Device 21-9320] Failed to find the Oracle tile group with name 'HSR_BOUNDARY_TOP'. This is required for Clock regions and Virtual grid.
WARNING: [Device 21-2174] Failed to initialize Virtual grid.
INFO: [Vivado 12-24828] Executing command : report_bus_skew -warn_on_violation -file ticket_price_top_bus_skew_routed.rpt -pb ticket_price_top_bus_skew_routed.pb -rpx ticket_price_top_bus_skew_routed.rpx
INFO: [Timing 38-91] UpdateTimingParams: Speed grade: -2, Delay Type: min_max.
INFO: [Timing 38-191] Multithreading enabled for timing update using a maximum of 2 CPUs
generate_parallel_reports: Time (s): cpu = 00:00:09 ; elapsed = 00:00:08 . Memory (MB): peak = 2289.324 ; gain = 0.000
Write ShapeDB Complete: Time (s): cpu = 00:00:00 ; elapsed = 00:00:00.014 . Memory (MB): peak = 2289.324 ; gain = 0.000
INFO: [Timing 38-480] Writing timing data to binary archive.
Wrote PlaceDB: Time (s): cpu = 00:00:01 ; elapsed = 00:00:00.176 . Memory (MB): peak = 2289.324 ; gain = 0.000
Wrote PulsedLatchDB: Time (s): cpu = 00:00:00 ; elapsed = 00:00:00 . Memory (MB): peak = 2289.324 ; gain = 0.000
Writing XDEF routing.
Writing XDEF routing logical nets.
Writing XDEF routing special nets.
Wrote RouteStorage: Time (s): cpu = 00:00:00 ; elapsed = 00:00:00.085 . Memory (MB): peak = 2289.324 ; gain = 0.000
Wrote Netlist Cache: Time (s): cpu = 00:00:00 ; elapsed = 00:00:00.005 . Memory (MB): peak = 2289.324 ; gain = 0.000
Wrote Device Cache: Time (s): cpu = 00:00:00 ; elapsed = 00:00:00.012 . Memory (MB): peak = 2289.324 ; gain = 0.000
Write Physdb Complete: Time (s): cpu = 00:00:01 ; elapsed = 00:00:00.302 . Memory (MB): peak = 2289.324 ; gain = 0.000
INFO: [Common 17-1381] The checkpoint 'C:/Users/Lenovo/Desktop/ticket_price/ticket_price.runs/impl_1/ticket_price_top_routed.dcp' has been generated.
Command: write_bitstream -force ticket_price_top.bit
Attempting to get a license for feature 'Implementation' and/or device 'xc7a75t'
INFO: [Common 17-349] Got license for feature 'Implementation' and/or device 'xc7a75t'
Running DRC as a precondition to command write_bitstream
INFO: [IP_Flow 19-1839] IP Catalog is up to date.
INFO: [DRC 23-27] Running DRC with 2 threads
INFO: [Vivado 12-3199] DRC finished with 0 Errors
INFO: [Vivado 12-3200] Please refer to the DRC report (report_drc) for more information.
INFO: [Designutils 20-2272] Running write_bitstream with 2 threads.
Loading data files...
Loading site data...
Loading route data...
Processing options...
Creating bitmap...
Creating bitstream...
Writing bitstream ./ticket_price_top.bit...
INFO: [Vivado 12-1842] Bitgen Completed Successfully.
INFO: [Project 1-1876] WebTalk data collection is mandatory when using a ULT device. To see the specific WebTalk data collected for your design, open the usage_statistics_webtalk.html or usage_statistics_webtalk.xml file in the implementation directory.
INFO: [Common 17-83] Releasing license: Implementation
125 Infos, 2 Warnings, 0 Critical Warnings and 0 Errors encountered.
write_bitstream completed successfully
write_bitstream: Time (s): cpu = 00:00:26 ; elapsed = 00:00:27 . Memory (MB): peak = 2687.621 ; gain = 398.297
INFO: [Common 17-206] Exiting Vivado at Sat Aug 29 12:04:12 2026...
[Sat Aug 29 12:04:15 2026] impl_1 finished
wait_on_runs: Time (s): cpu = 00:00:01 ; elapsed = 00:02:01 . Memory (MB): peak = 536.754 ; gain = 0.000
# if {[get_property STATUS [get_runs impl_1]] ne "write_bitstream Complete!"} {
#     error "Implementation failed: [get_property STATUS [get_runs impl_1]]"
# }
# set generated_bitstream [file join $project_dir ticket_price.runs impl_1 ticket_price_top.bit]
# file copy -force $generated_bitstream [file join $output_dir ticket_price_top.bit]
# open_run impl_1
INFO: [Device 21-403] Loading part xc7a75tfgg484-2
INFO: [Device 21-9227] Part: xc7a75tfgg484-2 does not have CEAM library.
Netlist sorting complete. Time (s): cpu = 00:00:00 ; elapsed = 00:00:00.022 . Memory (MB): peak = 954.352 ; gain = 0.000
INFO: [Netlist 29-17] Analyzing 71 Unisim elements for replacement
INFO: [Netlist 29-28] Unisim Transformation completed in 0 CPU seconds
INFO: [Project 1-479] Netlist was created with Vivado 2024.1
INFO: [Project 1-570] Preparing netlist for logic optimization
Read ShapeDB Complete: Time (s): cpu = 00:00:00 ; elapsed = 00:00:00.021 . Memory (MB): peak = 1043.812 ; gain = 0.211
INFO: [Timing 38-478] Restoring timing data from binary archive.
INFO: [Timing 38-479] Binary timing data restore complete.
INFO: [Project 1-856] Restoring constraints from binary archive.
INFO: [Project 1-853] Binary constraint restore complete.
INFO: [Designutils 20-5722] Start Reading Physical Databases.
Reading placement.
Read Netlist Cache: Time (s): cpu = 00:00:00 ; elapsed = 00:00:00.004 . Memory (MB): peak = 1639.379 ; gain = 0.000
Reading placer database...
Read Device Cache: Time (s): cpu = 00:00:00 ; elapsed = 00:00:00.018 . Memory (MB): peak = 1639.379 ; gain = 0.000
Read PlaceDB: Time (s): cpu = 00:00:01 ; elapsed = 00:00:00.169 . Memory (MB): peak = 1639.379 ; gain = 0.000
Read PulsedLatchDB: Time (s): cpu = 00:00:00 ; elapsed = 00:00:00.001 . Memory (MB): peak = 1639.379 ; gain = 0.000
Reading routing.
Read RouteStorage: Time (s): cpu = 00:00:00 ; elapsed = 00:00:00.114 . Memory (MB): peak = 1639.379 ; gain = 0.000
Read Physdb Files: Time (s): cpu = 00:00:01 ; elapsed = 00:00:00.361 . Memory (MB): peak = 1639.379 ; gain = 0.000
Restored from archive | CPU: 1.000000 secs | Memory: 0.000000 MB |
Finished XDEF File Restore: Time (s): cpu = 00:00:01 ; elapsed = 00:00:00.526 . Memory (MB): peak = 1639.379 ; gain = 8.566
Netlist sorting complete. Time (s): cpu = 00:00:00 ; elapsed = 00:00:00 . Memory (MB): peak = 1639.379 ; gain = 0.000
INFO: [Project 1-111] Unisim Transformation Summary:
No Unisim elements were transformed.

open_run: Time (s): cpu = 00:00:29 ; elapsed = 00:00:45 . Memory (MB): peak = 1639.379 ; gain = 1102.625
# report_timing_summary -file [file join $report_dir timing_summary.rpt]
INFO: [Timing 38-91] UpdateTimingParams: Speed grade: -2, Delay Type: min_max.
INFO: [Timing 38-191] Multithreading enabled for timing update using a maximum of 2 CPUs
# report_utilization    -file [file join $report_dir utilization.rpt]
# report_drc            -file [file join $report_dir drc.rpt]
Command: report_drc -file C:/Users/Lenovo/Desktop/ticket_price/reports/drc.rpt
INFO: [IP_Flow 19-234] Refreshing IP repositories
INFO: [IP_Flow 19-1704] No user IP repositories specified
INFO: [IP_Flow 19-2313] Loaded Vivado IP repository 'D:/Vivado/Vivado/2024.1/data/ip'.
INFO: [DRC 23-27] Running DRC with 2 threads
INFO: [Vivado_Tcl 2-168] The results of DRC are in file C:/Users/Lenovo/Desktop/ticket_price/reports/drc.rpt.
report_drc completed successfully
report_drc: Time (s): cpu = 00:00:05 ; elapsed = 00:00:05 . Memory (MB): peak = 1699.645 ; gain = 56.840
# report_methodology    -file [file join $report_dir methodology.rpt]
Command: report_methodology -file C:/Users/Lenovo/Desktop/ticket_price/reports/methodology.rpt
INFO: [Timing 38-35] Done setting XDC timing constraints.
INFO: [DRC 23-133] Running Methodology with 2 threads
INFO: [Vivado_Tcl 2-1520] The results of Report Methodology are in file C:/Users/Lenovo/Desktop/ticket_price/reports/methodology.rpt.
report_methodology completed successfully
# close_project
# exit
INFO: [Common 17-206] Exiting Vivado at Sat Aug 29 12:05:10 2026...
