Copyright 1986-2022 Xilinx, Inc. All Rights Reserved. Copyright 2022-2024 Advanced Micro Devices, Inc. All Rights Reserved.
---------------------------------------------------------------------------------------------------------------------------------------------
| Tool Version : Vivado v.2024.1 (win64) Build 5076996 Wed May 22 18:37:14 MDT 2024
| Date         : Sat Aug 29 16:04:04 2026
| Host         : LAPTOP-J02AFG1P running 64-bit major release  (build 9200)
| Command      : report_timing_summary -file D:/FPGA26FALL/ticket_price/reports/timing_summary.rpt
| Design       : ticket_price_top
| Device       : 7a75t-fgg484
| Speed File   : -2  PRODUCTION 1.23 2018-06-13
| Design State : Routed
---------------------------------------------------------------------------------------------------------------------------------------------

Timing Summary Report

------------------------------------------------------------------------------------------------
| Timer Settings
| --------------
------------------------------------------------------------------------------------------------

  Enable Multi Corner Analysis               :  Yes
  Enable Pessimism Removal                   :  Yes
  Pessimism Removal Resolution               :  Nearest Common Node
  Enable Input Delay Default Clock           :  No
  Enable Preset / Clear Arcs                 :  No
  Disable Flight Delays                      :  No
  Ignore I/O Paths                           :  No
  Timing Early Launch at Borrowing Latches   :  No
  Borrow Time for Max Delay Exceptions       :  Yes
  Merge Timing Exceptions                    :  Yes
  Inter-SLR Compensation                     :  Conservative

  Corner  Analyze    Analyze    
  Name    Max Paths  Min Paths  
  ------  ---------  ---------  
  Slow    Yes        Yes        
  Fast    Yes        Yes        


------------------------------------------------------------------------------------------------
| Report Methodology
| ------------------
------------------------------------------------------------------------------------------------

No report available as report_methodology has not been run prior. Run report_methodology on the current design for the summary of methodology violations.



check_timing report

Table of Contents
-----------------
1. checking no_clock (0)
2. checking constant_clock (0)
3. checking pulse_width_clock (0)
4. checking unconstrained_internal_endpoints (0)
5. checking no_input_delay (8)
6. checking no_output_delay (19)
7. checking multiple_clock (0)
8. checking generated_clocks (0)
9. checking loops (0)
10. checking partial_input_delay (0)
11. checking partial_output_delay (0)
12. checking latch_loops (0)

1. checking no_clock (0)
------------------------
 There are 0 register/latch pins with no clock.


2. checking constant_clock (0)
------------------------------
 There are 0 register/latch pins with constant_clock.


3. checking pulse_width_clock (0)
---------------------------------
 There are 0 register/latch pins which need pulse_width check


4. checking unconstrained_internal_endpoints (0)
------------------------------------------------
 There are 0 pins that are not constrained for maximum delay.

 There are 0 pins that are not constrained for maximum delay due to constant clock.


5. checking no_input_delay (8)
------------------------------
 There are 0 input ports with no input delay specified.

 There are 8 input ports with no input delay but user has a false path constraint. (MEDIUM)


6. checking no_output_delay (19)
--------------------------------
 There are 0 ports with no output delay specified.

 There are 19 ports with no output delay but user has a false path constraint (MEDIUM)

 There are 0 ports with no output delay but with a timing clock defined on it or propagating through it


7. checking multiple_clock (0)
------------------------------
 There are 0 register/latch pins with multiple clocks.


8. checking generated_clocks (0)
--------------------------------
 There are 0 generated clocks that are not connected to a clock source.


9. checking loops (0)
---------------------
 There are 0 combinational loops in the design.


10. checking partial_input_delay (0)
------------------------------------
 There are 0 input ports with partial input delay specified.


11. checking partial_output_delay (0)
-------------------------------------
 There are 0 ports with partial output delay specified.


12. checking latch_loops (0)
----------------------------
 There are 0 combinational latch loops in the design through latch input



------------------------------------------------------------------------------------------------
| Design Timing Summary
| ---------------------
------------------------------------------------------------------------------------------------

    WNS(ns)      TNS(ns)  TNS Failing Endpoints  TNS Total Endpoints      WHS(ns)      THS(ns)  THS Failing Endpoints  THS Total Endpoints     WPWS(ns)     TPWS(ns)  TPWS Failing Endpoints  TPWS Total Endpoints  
    -------      -------  ---------------------  -------------------      -------      -------  ---------------------  -------------------     --------     --------  ----------------------  --------------------  
     11.124        0.000                      0                  503        0.121        0.000                      0                  503        9.500        0.000                       0                   284  


All user specified timing constraints are met.


------------------------------------------------------------------------------------------------
| Clock Summary
| -------------
------------------------------------------------------------------------------------------------

Clock    Waveform(ns)       Period(ns)      Frequency(MHz)
-----    ------------       ----------      --------------
sys_clk  {0.000 10.000}     20.000          50.000          


------------------------------------------------------------------------------------------------
| Intra Clock Table
| -----------------
------------------------------------------------------------------------------------------------

Clock             WNS(ns)      TNS(ns)  TNS Failing Endpoints  TNS Total Endpoints      WHS(ns)      THS(ns)  THS Failing Endpoints  THS Total Endpoints     WPWS(ns)     TPWS(ns)  TPWS Failing Endpoints  TPWS Total Endpoints  
-----             -------      -------  ---------------------  -------------------      -------      -------  ---------------------  -------------------     --------     --------  ----------------------  --------------------  
sys_clk            11.124        0.000                      0                  503        0.121        0.000                      0                  503        9.500        0.000                       0                   284  


------------------------------------------------------------------------------------------------
| Inter Clock Table
| -----------------
------------------------------------------------------------------------------------------------

From Clock    To Clock          WNS(ns)      TNS(ns)  TNS Failing Endpoints  TNS Total Endpoints      WHS(ns)      THS(ns)  THS Failing Endpoints  THS Total Endpoints  
----------    --------          -------      -------  ---------------------  -------------------      -------      -------  ---------------------  -------------------  


------------------------------------------------------------------------------------------------
| Other Path Groups Table
| -----------------------
------------------------------------------------------------------------------------------------

Path Group    From Clock    To Clock          WNS(ns)      TNS(ns)  TNS Failing Endpoints  TNS Total Endpoints      WHS(ns)      THS(ns)  THS Failing Endpoints  THS Total Endpoints  
----------    ----------    --------          -------      -------  ---------------------  -------------------      -------      -------  ---------------------  -------------------  


------------------------------------------------------------------------------------------------
| Timing Details
| --------------
------------------------------------------------------------------------------------------------


---------------------------------------------------------------------------------------------------
From Clock:  sys_clk
  To Clock:  sys_clk

Setup :            0  Failing Endpoints,  Worst Slack       11.124ns,  Total Violation        0.000ns
Hold  :            0  Failing Endpoints,  Worst Slack        0.121ns,  Total Violation        0.000ns
PW    :            0  Failing Endpoints,  Worst Slack        9.500ns,  Total Violation        0.000ns
---------------------------------------------------------------------------------------------------


Max Delay Paths
--------------------------------------------------------------------------------------
Slack (MET) :             11.124ns  (required time - arrival time)
  Source:                 u_distance_lookup/address_reg_reg_0/CLKARDCLK
                            (rising edge-triggered cell RAMB36E1 clocked by sys_clk  {rise@0.000ns fall@10.000ns period=20.000ns})
  Destination:            unit_fare_reg[0]/D
                            (rising edge-triggered cell FDRE clocked by sys_clk  {rise@0.000ns fall@10.000ns period=20.000ns})
  Path Group:             sys_clk
  Path Type:              Setup (Max at Slow Process Corner)
  Requirement:            20.000ns  (sys_clk rise@20.000ns - sys_clk rise@0.000ns)
  Data Path Delay:        8.902ns  (logic 4.271ns (47.976%)  route 4.631ns (52.024%))
  Logic Levels:           15  (CARRY4=8 LUT1=1 LUT2=1 LUT3=1 LUT4=1 LUT6=3)
  Clock Path Skew:        -0.011ns (DCD - SCD + CPR)
    Destination Clock Delay (DCD):    4.591ns = ( 24.591 - 20.000 ) 
    Source Clock Delay      (SCD):    4.833ns
    Clock Pessimism Removal (CPR):    0.232ns
  Clock Uncertainty:      0.035ns  ((TSJ^2 + TIJ^2)^1/2 + DJ) / 2 + PE
    Total System Jitter     (TSJ):    0.071ns
    Total Input Jitter      (TIJ):    0.000ns
    Discrete Jitter          (DJ):    0.000ns
    Phase Error              (PE):    0.000ns

    Location             Delay type                Incr(ns)  Path(ns)    Netlist Resource(s)
  -------------------------------------------------------------------    -------------------
                         (clock sys_clk rise edge)    0.000     0.000 r  
    Y18                                               0.000     0.000 r  clk (IN)
                         net (fo=0)                   0.000     0.000    clk
    Y18                  IBUF (Prop_ibuf_I_O)         1.476     1.476 r  clk_IBUF_inst/O
                         net (fo=1, routed)           1.709     3.185    clk_IBUF
    BUFGCTRL_X0Y0        BUFG (Prop_bufg_I_O)         0.081     3.266 r  clk_IBUF_BUFG_inst/O
                         net (fo=283, routed)         1.568     4.833    u_distance_lookup/CLK
    RAMB36_X0Y7          RAMB36E1                                     r  u_distance_lookup/address_reg_reg_0/CLKARDCLK
  -------------------------------------------------------------------    -------------------
    RAMB36_X0Y7          RAMB36E1 (Prop_ramb36e1_CLKARDCLK_DOADO[1])
                                                      0.734     5.567 f  u_distance_lookup/address_reg_reg_0/DOADO[1]
                         net (fo=7, routed)           1.112     6.679    u_distance_lookup/out[1]
    SLICE_X4Y40          LUT1 (Prop_lut1_I0_O)        0.105     6.784 r  u_distance_lookup/fare_yuan2_carry_i_3/O
                         net (fo=1, routed)           0.000     6.784    u_fare_calculator/fare_yuan1__28_carry_i_4[0]
    SLICE_X4Y40          CARRY4 (Prop_carry4_S[0]_CO[3])
                                                      0.440     7.224 r  u_fare_calculator/fare_yuan2_carry/CO[3]
                         net (fo=1, routed)           0.000     7.224    u_fare_calculator/fare_yuan2_carry_n_0
    SLICE_X4Y41          CARRY4 (Prop_carry4_CI_CO[3])
                                                      0.098     7.322 r  u_fare_calculator/fare_yuan2_carry__0/CO[3]
                         net (fo=1, routed)           0.000     7.322    u_fare_calculator/fare_yuan2_carry__0_n_0
    SLICE_X4Y42          CARRY4 (Prop_carry4_CI_CO[3])
                                                      0.098     7.420 r  u_fare_calculator/fare_yuan2_carry__1/CO[3]
                         net (fo=1, routed)           0.000     7.420    u_fare_calculator/fare_yuan2_carry__1_n_0
    SLICE_X4Y43          CARRY4 (Prop_carry4_CI_O[2])
                                                      0.200     7.620 r  u_fare_calculator/fare_yuan2_carry__2/O[2]
                         net (fo=25, routed)          1.024     8.644    u_distance_lookup/fare_yuan2[4]
    SLICE_X1Y39          LUT2 (Prop_lut2_I1_O)        0.272     8.916 r  u_distance_lookup/fare_yuan1_carry__1_i_2/O
                         net (fo=3, routed)           0.679     9.595    u_distance_lookup/address_reg_reg_3_7[0]
    SLICE_X1Y38          LUT3 (Prop_lut3_I0_O)        0.274     9.869 r  u_distance_lookup/fare_yuan1_carry_i_5/O
                         net (fo=1, routed)           0.000     9.869    u_fare_calculator/fare_yuan1__28_carry_i_7_2[0]
    SLICE_X1Y38          CARRY4 (Prop_carry4_S[0]_O[3])
                                                      0.503    10.372 r  u_fare_calculator/fare_yuan1_carry/O[3]
                         net (fo=3, routed)           0.677    11.049    u_fare_calculator/fare_yuan1_carry_n_4
    SLICE_X0Y40          LUT4 (Prop_lut4_I1_O)        0.257    11.306 r  u_fare_calculator/fare_yuan1__28_carry__0_i_7/O
                         net (fo=1, routed)           0.000    11.306    u_fare_calculator/fare_yuan1__28_carry__0_i_7_n_0
    SLICE_X0Y40          CARRY4 (Prop_carry4_S[1]_CO[3])
                                                      0.457    11.763 r  u_fare_calculator/fare_yuan1__28_carry__0/CO[3]
                         net (fo=1, routed)           0.000    11.763    u_fare_calculator/fare_yuan1__28_carry__0_n_0
    SLICE_X0Y41          CARRY4 (Prop_carry4_CI_CO[3])
                                                      0.098    11.861 r  u_fare_calculator/fare_yuan1__28_carry__1/CO[3]
                         net (fo=1, routed)           0.000    11.861    u_fare_calculator/fare_yuan1__28_carry__1_n_0
    SLICE_X0Y42          CARRY4 (Prop_carry4_CI_CO[0])
                                                      0.216    12.077 r  u_fare_calculator/fare_yuan1__28_carry__2/CO[0]
                         net (fo=4, routed)           0.354    12.431    u_distance_lookup/CO[0]
    SLICE_X2Y42          LUT6 (Prop_lut6_I3_O)        0.309    12.740 r  u_distance_lookup/unit_fare[0]_i_9/O
                         net (fo=1, routed)           0.464    13.203    u_distance_lookup/unit_fare[0]_i_9_n_0
    SLICE_X2Y46          LUT6 (Prop_lut6_I0_O)        0.105    13.308 r  u_distance_lookup/unit_fare[0]_i_5/O
                         net (fo=1, routed)           0.323    13.631    u_distance_lookup/unit_fare[0]_i_5_n_0
    SLICE_X2Y47          LUT6 (Prop_lut6_I5_O)        0.105    13.736 r  u_distance_lookup/unit_fare[0]_i_1/O
                         net (fo=1, routed)           0.000    13.736    u_distance_lookup_n_40
    SLICE_X2Y47          FDRE                                         r  unit_fare_reg[0]/D
  -------------------------------------------------------------------    -------------------

                         (clock sys_clk rise edge)   20.000    20.000 r  
    Y18                                               0.000    20.000 r  clk (IN)
                         net (fo=0)                   0.000    20.000    clk
    Y18                  IBUF (Prop_ibuf_I_O)         1.409    21.409 r  clk_IBUF_inst/O
                         net (fo=1, routed)           1.620    23.030    clk_IBUF
    BUFGCTRL_X0Y0        BUFG (Prop_bufg_I_O)         0.077    23.107 r  clk_IBUF_BUFG_inst/O
                         net (fo=283, routed)         1.484    24.591    clk_IBUF_BUFG
    SLICE_X2Y47          FDRE                                         r  unit_fare_reg[0]/C
                         clock pessimism              0.232    24.823    
                         clock uncertainty           -0.035    24.787    
    SLICE_X2Y47          FDRE (Setup_fdre_C_D)        0.072    24.859    unit_fare_reg[0]
  -------------------------------------------------------------------
                         required time                         24.859    
                         arrival time                         -13.736    
  -------------------------------------------------------------------
                         slack                                 11.124    





Min Delay Paths
--------------------------------------------------------------------------------------
Slack (MET) :             0.121ns  (arrival time - required time)
  Source:                 u_key1/key_sync_reg[0]/C
                            (rising edge-triggered cell FDPE clocked by sys_clk  {rise@0.000ns fall@10.000ns period=20.000ns})
  Destination:            u_key1/key_sync_reg[1]/D
                            (rising edge-triggered cell FDPE clocked by sys_clk  {rise@0.000ns fall@10.000ns period=20.000ns})
  Path Group:             sys_clk
  Path Type:              Hold (Min at Fast Process Corner)
  Requirement:            0.000ns  (sys_clk rise@0.000ns - sys_clk rise@0.000ns)
  Data Path Delay:        0.196ns  (logic 0.141ns (71.838%)  route 0.055ns (28.162%))
  Logic Levels:           0  
  Clock Path Skew:        0.000ns (DCD - SCD - CPR)
    Destination Clock Delay (DCD):    2.066ns
    Source Clock Delay      (SCD):    1.549ns
    Clock Pessimism Removal (CPR):    0.517ns

    Location             Delay type                Incr(ns)  Path(ns)    Netlist Resource(s)
  -------------------------------------------------------------------    -------------------
                         (clock sys_clk rise edge)    0.000     0.000 r  
    Y18                                               0.000     0.000 r  clk (IN)
                         net (fo=0)                   0.000     0.000    clk
    Y18                  IBUF (Prop_ibuf_I_O)         0.312     0.312 r  clk_IBUF_inst/O
                         net (fo=1, routed)           0.640     0.952    clk_IBUF
    BUFGCTRL_X0Y0        BUFG (Prop_bufg_I_O)         0.026     0.978 r  clk_IBUF_BUFG_inst/O
                         net (fo=283, routed)         0.571     1.549    u_key1/CLK
    SLICE_X15Y60         FDPE                                         r  u_key1/key_sync_reg[0]/C
  -------------------------------------------------------------------    -------------------
    SLICE_X15Y60         FDPE (Prop_fdpe_C_Q)         0.141     1.690 r  u_key1/key_sync_reg[0]/Q
                         net (fo=1, routed)           0.055     1.745    u_key1/key_sync[0]
    SLICE_X15Y60         FDPE                                         r  u_key1/key_sync_reg[1]/D
  -------------------------------------------------------------------    -------------------

                         (clock sys_clk rise edge)    0.000     0.000 r  
    Y18                                               0.000     0.000 r  clk (IN)
                         net (fo=0)                   0.000     0.000    clk
    Y18                  IBUF (Prop_ibuf_I_O)         0.501     0.501 r  clk_IBUF_inst/O
                         net (fo=1, routed)           0.695     1.195    clk_IBUF
    BUFGCTRL_X0Y0        BUFG (Prop_bufg_I_O)         0.029     1.224 r  clk_IBUF_BUFG_inst/O
                         net (fo=283, routed)         0.842     2.066    u_key1/CLK
    SLICE_X15Y60         FDPE                                         r  u_key1/key_sync_reg[1]/C
                         clock pessimism             -0.517     1.549    
    SLICE_X15Y60         FDPE (Hold_fdpe_C_D)         0.075     1.624    u_key1/key_sync_reg[1]
  -------------------------------------------------------------------
                         required time                         -1.624    
                         arrival time                           1.745    
  -------------------------------------------------------------------
                         slack                                  0.121    





Pulse Width Checks
--------------------------------------------------------------------------------------
Clock Name:         sys_clk
Waveform(ns):       { 0.000 10.000 }
Period(ns):         20.000
Sources:            { clk }

Check Type        Corner  Lib Pin             Reference Pin  Required(ns)  Actual(ns)  Slack(ns)  Location      Pin
Min Period        n/a     RAMB36E1/CLKARDCLK  n/a            2.170         20.000      17.830     RAMB36_X0Y7   u_distance_lookup/address_reg_reg_0/CLKARDCLK
Low Pulse Width   Slow    FDRE/C              n/a            0.500         10.000      9.500      SLICE_X11Y54  blink_flash_count_reg[0]/C
High Pulse Width  Slow    FDRE/C              n/a            0.500         10.000      9.500      SLICE_X11Y54  blink_flash_count_reg[0]/C



