Copyright 1986-2022 Xilinx, Inc. All Rights Reserved. Copyright 2022-2024 Advanced Micro Devices, Inc. All Rights Reserved.
---------------------------------------------------------------------------------------------------------------------------------------------
| Tool Version : Vivado v.2024.1 (win64) Build 5076996 Wed May 22 18:37:14 MDT 2024
| Date         : Sat Aug 29 12:02:54 2026
| Host         : LAPTOP-J02AFG1P running 64-bit major release  (build 9200)
| Command      : report_control_sets -verbose -file ticket_price_top_control_sets_placed.rpt
| Design       : ticket_price_top
| Device       : xc7a75t
---------------------------------------------------------------------------------------------------------------------------------------------

Control Set Information

Table of Contents
-----------------
1. Summary
2. Histogram
3. Flip-Flop Distribution
4. Detailed Control Set Information

1. Summary
----------

+----------------------------------------------------------+-------+
|                          Status                          | Count |
+----------------------------------------------------------+-------+
| Total control sets                                       |    17 |
|    Minimum number of control sets                        |    17 |
|    Addition due to synthesis replication                 |     0 |
|    Addition due to physical synthesis replication        |     0 |
| Unused register locations in slices containing registers |    63 |
+----------------------------------------------------------+-------+
* Control sets can be merged at opt_design using control_set_merge or merge_equivalent_drivers
** Run report_qor_suggestions for automated merging and remapping suggestions


2. Histogram
------------

+--------------------+-------+
|       Fanout       | Count |
+--------------------+-------+
| Total control sets |    17 |
| >= 0 to < 4        |     0 |
| >= 4 to < 6        |     6 |
| >= 6 to < 8        |     3 |
| >= 8 to < 10       |     2 |
| >= 10 to < 12      |     3 |
| >= 12 to < 14      |     0 |
| >= 14 to < 16      |     0 |
| >= 16              |     3 |
+--------------------+-------+
* Control sets can be remapped at either synth_design or opt_design


3. Flip-Flop Distribution
-------------------------

+--------------+-----------------------+------------------------+-----------------+--------------+
| Clock Enable | Synchronous Set/Reset | Asynchronous Set/Reset | Total Registers | Total Slices |
+--------------+-----------------------+------------------------+-----------------+--------------+
| No           | No                    | No                     |               8 |            6 |
| No           | No                    | Yes                    |             123 |           45 |
| No           | Yes                   | No                     |               0 |            0 |
| Yes          | No                    | No                     |               0 |            0 |
| Yes          | No                    | Yes                    |              32 |            8 |
| Yes          | Yes                   | No                     |             102 |           38 |
+--------------+-----------------------+------------------------+-----------------+--------------+


4. Detailed Control Set Information
-----------------------------------

+----------------+--------------------------------+------------------+------------------+----------------+--------------+
|  Clock Signal  |          Enable Signal         | Set/Reset Signal | Slice Load Count | Bel Load Count | Bels / Slice |
+----------------+--------------------------------+------------------+------------------+----------------+--------------+
|  clk_IBUF_BUFG | u_blink/leds1                  | u_blink/SR[0]    |                1 |              4 |         4.00 |
|  clk_IBUF_BUFG | u_blink/leds[3]_i_1_n_0        | u_blink/SR[0]    |                1 |              4 |         4.00 |
|  clk_IBUF_BUFG | u_key1/E[0]                    | u_blink/SR[0]    |                1 |              4 |         4.00 |
|  clk_IBUF_BUFG | u_key1/press_pulse_reg_2[0]    | u_blink/SR[0]    |                2 |              4 |         2.00 |
|  clk_IBUF_BUFG | u_key4/E[0]                    | u_blink/SR[0]    |                3 |              4 |         1.33 |
|  clk_IBUF_BUFG | u_key1/press_pulse_reg_3[0]    | u_blink/SR[0]    |                3 |              5 |         1.67 |
|  clk_IBUF_BUFG | u_blink/E[0]                   | u_blink/SR[0]    |                5 |              6 |         1.20 |
|  clk_IBUF_BUFG | u_key1/state_reg[2][0]         | u_blink/SR[0]    |                2 |              7 |         3.50 |
|  clk_IBUF_BUFG | u_key1/state_reg[3][0]         | u_blink/SR[0]    |                2 |              7 |         3.50 |
|  clk_IBUF_BUFG |                                |                  |                6 |              8 |         1.33 |
|  clk_IBUF_BUFG | u_key3/state_reg[0][0]         | u_blink/SR[0]    |                3 |              9 |         3.00 |
|  clk_IBUF_BUFG | u_key3/press_pulse_reg_0[0]    | u_blink/SR[0]    |                3 |             10 |         3.33 |
|  clk_IBUF_BUFG | u_key3/E[0]                    | u_blink/SR[0]    |                5 |             10 |         2.00 |
|  clk_IBUF_BUFG | u_key4/state_reg[2]_0[0]       | u_blink/SR[0]    |                4 |             10 |         2.50 |
|  clk_IBUF_BUFG | u_blink/half_count[23]_i_1_n_0 | u_blink/SR[0]    |                6 |             24 |         4.00 |
|  clk_IBUF_BUFG | u_key4/state_reg[2][0]         | u_blink/SR[0]    |                5 |             26 |         5.20 |
|  clk_IBUF_BUFG |                                | u_blink/SR[0]    |               45 |            123 |         2.73 |
+----------------+--------------------------------+------------------+------------------+----------------+--------------+


